Archive member included to satisfy reference by file (symbol)

/home/omar/intelFPGA_lite/20.1/nios2eds/bin/gnu/H-x86_64-pc-linux-gnu/bin/../lib/gcc/nios2-elf/9.2.1/mno-hw-mul/libgcc.a(lib2-mul.o)
                              obj/default/FreeRTOS/queue.o (__mulsi3)
../fpgaMaster_bsp//newlib/nios2-elf/lib/libc.a(lib_a-memcpy.o)
                              obj/default/FreeRTOS/queue.o (memcpy)
../fpgaMaster_bsp//newlib/nios2-elf/lib/libc.a(lib_a-memset.o)
                              obj/default/FreeRTOS/stream_buffer.o (memset)
../fpgaMaster_bsp//newlib/nios2-elf/lib/libc.a(lib_a-printf.o)
                              obj/default/float2_functionality.o (printf)
../fpgaMaster_bsp//newlib/nios2-elf/lib/libc.a(lib_a-puts.o)
                              obj/default/float2_functionality.o (puts)
../fpgaMaster_bsp//newlib/nios2-elf/lib/libc.a(lib_a-strlen.o)
                              ../fpgaMaster_bsp//newlib/nios2-elf/lib/libc.a(lib_a-puts.o) (strlen)
../fpgaMaster_bsp//newlib/nios2-elf/lib/libc.a(lib_a-vfprintf.o)
                              ../fpgaMaster_bsp//newlib/nios2-elf/lib/libc.a(lib_a-printf.o) (___vfprintf_internal_r)
../fpgaMaster_bsp//newlib/nios2-elf/lib/libc.a(lib_a-wsetup.o)
                              ../fpgaMaster_bsp//newlib/nios2-elf/lib/libc.a(lib_a-vfprintf.o) (__swsetup_r)
../fpgaMaster_bsp//newlib/nios2-elf/lib/libc.a(lib_a-dtoa.o)
                              ../fpgaMaster_bsp//newlib/nios2-elf/lib/libc.a(lib_a-vfprintf.o) (_dtoa_r)
../fpgaMaster_bsp//newlib/nios2-elf/lib/libc.a(lib_a-fflush.o)
                              ../fpgaMaster_bsp//newlib/nios2-elf/lib/libc.a(lib_a-vfprintf.o) (_fflush_r)
../fpgaMaster_bsp//newlib/nios2-elf/lib/libc.a(lib_a-findfp.o)
                              ../fpgaMaster_bsp//newlib/nios2-elf/lib/libc.a(lib_a-puts.o) (__sinit)
../fpgaMaster_bsp//newlib/nios2-elf/lib/libc.a(lib_a-freer.o)
                              ../fpgaMaster_bsp//newlib/nios2-elf/lib/libc.a(lib_a-vfprintf.o) (_free_r)
../fpgaMaster_bsp//newlib/nios2-elf/lib/libc.a(lib_a-fvwrite.o)
                              ../fpgaMaster_bsp//newlib/nios2-elf/lib/libc.a(lib_a-puts.o) (__sfvwrite_r)
../fpgaMaster_bsp//newlib/nios2-elf/lib/libc.a(lib_a-fwalk.o)
                              ../fpgaMaster_bsp//newlib/nios2-elf/lib/libc.a(lib_a-findfp.o) (_fwalk)
../fpgaMaster_bsp//newlib/nios2-elf/lib/libc.a(lib_a-impure.o)
                              ../fpgaMaster_bsp//newlib/nios2-elf/lib/libc.a(lib_a-printf.o) (_impure_ptr)
../fpgaMaster_bsp//newlib/nios2-elf/lib/libc.a(lib_a-localeconv.o)
                              ../fpgaMaster_bsp//newlib/nios2-elf/lib/libc.a(lib_a-vfprintf.o) (_localeconv_r)
../fpgaMaster_bsp//newlib/nios2-elf/lib/libc.a(lib_a-makebuf.o)
                              ../fpgaMaster_bsp//newlib/nios2-elf/lib/libc.a(lib_a-wsetup.o) (__smakebuf_r)
../fpgaMaster_bsp//newlib/nios2-elf/lib/libc.a(lib_a-mallocr.o)
                              ../fpgaMaster_bsp//newlib/nios2-elf/lib/libc.a(lib_a-freer.o) (__malloc_av_)
../fpgaMaster_bsp//newlib/nios2-elf/lib/libc.a(lib_a-memchr.o)
                              ../fpgaMaster_bsp//newlib/nios2-elf/lib/libc.a(lib_a-vfprintf.o) (memchr)
../fpgaMaster_bsp//newlib/nios2-elf/lib/libc.a(lib_a-memmove.o)
                              ../fpgaMaster_bsp//newlib/nios2-elf/lib/libc.a(lib_a-fvwrite.o) (memmove)
../fpgaMaster_bsp//newlib/nios2-elf/lib/libc.a(lib_a-mprec.o)
                              ../fpgaMaster_bsp//newlib/nios2-elf/lib/libc.a(lib_a-dtoa.o) (_Balloc)
../fpgaMaster_bsp//newlib/nios2-elf/lib/libc.a(lib_a-reallocr.o)
                              ../fpgaMaster_bsp//newlib/nios2-elf/lib/libc.a(lib_a-fvwrite.o) (_realloc_r)
../fpgaMaster_bsp//newlib/nios2-elf/lib/libc.a(lib_a-sbrkr.o)
                              ../fpgaMaster_bsp//newlib/nios2-elf/lib/libc.a(lib_a-freer.o) (_sbrk_r)
../fpgaMaster_bsp//newlib/nios2-elf/lib/libc.a(lib_a-stdio.o)
                              ../fpgaMaster_bsp//newlib/nios2-elf/lib/libc.a(lib_a-findfp.o) (__sread)
../fpgaMaster_bsp//newlib/nios2-elf/lib/libc.a(lib_a-vfiprintf.o)
                              ../fpgaMaster_bsp//newlib/nios2-elf/lib/libc.a(lib_a-vfprintf.o) (__sprint_r)
../fpgaMaster_bsp//newlib/nios2-elf/lib/libc.a(lib_a-writer.o)
                              ../fpgaMaster_bsp//newlib/nios2-elf/lib/libc.a(lib_a-stdio.o) (_write_r)
../fpgaMaster_bsp//newlib/nios2-elf/lib/libc.a(closer.o)
                              ../fpgaMaster_bsp//newlib/nios2-elf/lib/libc.a(lib_a-stdio.o) (_close_r)
../fpgaMaster_bsp//newlib/nios2-elf/lib/libc.a(lib_a-assert.o)
                              ../fpgaMaster_bsp//newlib/nios2-elf/lib/libc.a(lib_a-dtoa.o) (__assert_func)
../fpgaMaster_bsp//newlib/nios2-elf/lib/libc.a(lib_a-callocr.o)
                              ../fpgaMaster_bsp//newlib/nios2-elf/lib/libc.a(lib_a-mprec.o) (_calloc_r)
../fpgaMaster_bsp//newlib/nios2-elf/lib/libc.a(lib_a-fclose.o)
[...]
Memory Configuration

Name             Origin             Length             Attributes
reset            0x0000000004000000 0x0000000000000020
dram             0x0000000004000020 0x0000000003ffffe0
*default*        0x0000000000000000 0xffffffffffffffff

Linker script and memory map

LOAD ../fpgaMaster_bsp//obj/HAL/src/crt0.o
LOAD obj/default/FreeRTOS/croutine.o
LOAD obj/default/FreeRTOS/event_groups.o
LOAD obj/default/FreeRTOS/list.o
LOAD obj/default/FreeRTOS/portable/GCC/NiosII/port.o
LOAD obj/default/FreeRTOS/portable/MemMang/heap_1.o
LOAD obj/default/FreeRTOS/queue.o
LOAD obj/default/FreeRTOS/stream_buffer.o
LOAD obj/default/FreeRTOS/tasks.o
LOAD obj/default/FreeRTOS/timers.o
LOAD obj/default/float2_functionality.o
LOAD obj/default/FreeRTOS/portable/GCC/NiosII/port_asm.o
LOAD /home/omar/intelFPGA_lite/20.1/nios2eds/bin/gnu/H-x86_64-pc-linux-gnu/bin/../lib/gcc/nios2-elf/9.2.1/../../../../../H-x86_64-pc-linux-gnu/nios2-elf/lib/mno-hw-mul/libstdc++.a
LOAD ../fpgaMaster_bsp//newlib/nios2-elf/lib/libm.a
LOAD /home/omar/intelFPGA_lite/20.1/nios2eds/bin/gnu/H-x86_64-pc-linux-gnu/bin/../lib/gcc/nios2-elf/9.2.1/mno-hw-mul/libgcc.a
START GROUP
LOAD ../fpgaMaster_bsp//newlib/nios2-elf/lib/libc.a
LOAD /home/omar/intelFPGA_lite/20.1/nios2eds/bin/gnu/H-x86_64-pc-linux-gnu/bin/../lib/gcc/nios2-elf/9.2.1/mno-hw-mul/libgcc.a
LOAD ../fpgaMaster_bsp//libhal_bsp.a
LOAD ../fpgaMaster_bsp//newlib/nios2-elf/lib/libm.a
END GROUP
LOAD /home/omar/intelFPGA_lite/20.1/nios2eds/bin/gnu/H-x86_64-pc-linux-gnu/bin/../lib/gcc/nios2-elf/9.2.1/mno-hw-mul/libgcc.a
                0x0000000004000000                __alt_mem_dram = 0x4000000

.entry          0x0000000004000000       0x20
 *(.entry)
 .entry         0x0000000004000000       0x20 ../fpgaMaster_bsp//obj/HAL/src/crt0.o
                0x0000000004000000                __reset

.exceptions     0x0000000004000020      0x344
                0x0000000004000020                PROVIDE (__ram_exceptions_start = ABSOLUTE (.))
                0x0000000004000020                . = ALIGN (0x20)
 *(.irq)
 *(.exceptions.entry.label)
 .exceptions.entry.label
                0x0000000004000020        0x0 ../fpgaMaster_bsp//libhal_bsp.a(alt_irq_entry.o)
                0x0000000004000020                alt_irq_entry
 .exceptions.entry.label
                0x0000000004000020        0x0 ../fpgaMaster_bsp//libhal_bsp.a(alt_exception_entry.o)
                0x0000000004000020                alt_exception
 *(.exceptions.entry.user)
 .exceptions.entry.user
                0x0000000004000020       0x90 obj/default/FreeRTOS/portable/GCC/NiosII/port_asm.o
 *(.exceptions.entry.ecc_fatal)
 *(.exceptions.entry)
 .exceptions.entry
                0x00000000040000b0       0x54 ../fpgaMaster_bsp//libhal_bsp.a(alt_exception_entry.o)
 *(.exceptions.irqtest.user)
 *(.exceptions.irqtest)
 .exceptions.irqtest
                0x0000000004000104        0x0 obj/default/FreeRTOS/portable/GCC/NiosII/port_asm.o
 .exceptions.irqtest
                0x0000000004000104       0x10 ../fpgaMaster_bsp//libhal_bsp.a(alt_irq_entry.o)
 *(.exceptions.irqhandler.user)
 *(.exceptions.irqhandler)
 .exceptions.irqhandler
                0x0000000004000114        0x4 ../fpgaMaster_bsp//libhal_bsp.a(alt_irq_entry.o)
 *(.exceptions.irqreturn.user)
 *(.exceptions.irqreturn)
 .exceptions.irqreturn
                0x0000000004000118        0x4 ../fpgaMaster_bsp//libhal_bsp.a(alt_irq_entry.o)
 *(.exceptions.notirq.label)
 .exceptions.notirq.label
                0x000000000400011c        0x0 ../fpgaMaster_bsp//libhal_bsp.a(alt_irq_entry.o)
 *(.exceptions.notirq.user)
 *(.exceptions.notirq)
 .exceptions.notirq
                0x000000000400011c        0x8 ../fpgaMaster_bsp//libhal_bsp.a(alt_exception_entry.o)
 *(.exceptions.soft.user)
 *(.exceptions.soft)
 .exceptions.soft
                0x0000000004000124       0x24 obj/default/FreeRTOS/portable/GCC/NiosII/port_asm.o
 *(.exceptions.unknown.user)
 .exceptions.unknown.user
                0x0000000004000148        0x0 obj/default/FreeRTOS/portable/GCC/NiosII/port_asm.o
 *(.exceptions.unknown)
 .exceptions.unknown
                0x0000000004000148       0x14 ../fpgaMaster_bsp//libhal_bsp.a(alt_exception_entry.o)
 *(.exceptions.exit.label)
 .exceptions.exit.label
                0x000000000400015c        0x0 ../fpgaMaster_bsp//libhal_bsp.a(alt_irq_entry.o)
 .exceptions.exit.label
                0x000000000400015c        0x0 ../fpgaMaster_bsp//libhal_bsp.a(alt_exception_entry.o)
 *(.exceptions.exit.user)
 .exceptions.exit.user
                0x000000000400015c       0x8c obj/default/FreeRTOS/portable/GCC/NiosII/port_asm.o
                0x000000000400015c                restore_sp_from_pxCurrentTCB
 *(.exceptions.exit)
 .exceptions.exit
                0x00000000040001e8       0x54 ../fpgaMaster_bsp//libhal_bsp.a(alt_exception_entry.o)
 *(.exceptions)
 .exceptions    0x000000000400023c       0xc8 ../fpgaMaster_bsp//libhal_bsp.a(alt_irq_handler.o)
                0x000000000400023c                alt_irq_handler
 .exceptions    0x0000000004000304       0x60 ../fpgaMaster_bsp//libhal_bsp.a(alt_instruction_exception_entry.o)
                0x0000000004000304                alt_instruction_exception_entry
                0x0000000004000364                PROVIDE (__ram_exceptions_end = ABSOLUTE (.))
                0x0000000004000020                PROVIDE (__flash_exceptions_start = LOADADDR (.exceptions))

.text           0x0000000004000364    0x1a74c
                [!provide]                        PROVIDE (stext = ABSOLUTE (.))
 *(.interp)
 *(.hash)
 *(.dynsym)
 *(.dynstr)
 *(.gnu.version)
 *(.gnu.version_d)
 *(.gnu.version_r)
 *(.rel.init)
 *(.rela.init)
 *(.rel.text .rel.text.* .rel.gnu.linkonce.t.*)
 *(.rela.text .rela.text.* .rela.gnu.linkonce.t.*)
 *(.rel.fini)
 *(.rela.fini)
 *(.rel.rodata .rel.rodata.* .rel.gnu.linkonce.r.*)
 *(.rela.rodata .rela.rodata.* .rela.gnu.linkonce.r.*)
 *(.rel.data .rel.data.* .rel.gnu.linkonce.d.*)
 *(.rela.data .rela.data.* .rela.gnu.linkonce.d.*)
 *(.rel.tdata .rel.tdata.* .rel.gnu.linkonce.td.*)
 *(.rela.tdata .rela.tdata.* .rela.gnu.linkonce.td.*)
 *(.rel.tbss .rel.tbss.* .rel.gnu.linkonce.tb.*)
 *(.rela.tbss .rela.tbss.* .rela.gnu.linkonce.tb.*)
 *(.rel.ctors)
 *(.rela.ctors)
 *(.rel.dtors)
 *(.rela.dtors)
 *(.rel.got)
 *(.rela.got)
 *(.rel.sdata .rel.sdata.* .rel.gnu.linkonce.s.*)
 *(.rela.sdata .rela.sdata.* .rela.gnu.linkonce.s.*)
 *(.rel.sbss .rel.sbss.* .rel.gnu.linkonce.sb.*)
 *(.rela.sbss .rela.sbss.* .rela.gnu.linkonce.sb.*)
 *(.rel.sdata2 .rel.sdata2.* .rel.gnu.linkonce.s2.*)
 *(.rela.sdata2 .rela.sdata2.* .rela.gnu.linkonce.s2.*)
 *(.rel.sbss2 .rel.sbss2.* .rel.gnu.linkonce.sb2.*)
 *(.rela.sbss2 .rela.sbss2.* .rela.gnu.linkonce.sb2.*)
 *(.rel.bss .rel.bss.* .rel.gnu.linkonce.b.*)
 *(.rela.bss .rela.bss.* .rela.gnu.linkonce.b.*)
 *(.rel.plt)
 *(.rela.plt)
 *(.rel.dyn)
 *(.init)
 *(.plt)
 *(.text .stub .text.* .gnu.linkonce.t.*)
 .text          0x0000000004000364       0x3c ../fpgaMaster_bsp//obj/HAL/src/crt0.o
                0x0000000004000364                _start
 .text          0x00000000040003a0        0x0 obj/default/FreeRTOS/croutine.o
 .text          0x00000000040003a0      0x700 obj/default/FreeRTOS/event_groups.o
                0x00000000040003a0                xEventGroupCreate
                0x00000000040003f4                xEventGroupSync
                0x0000000004000578                xEventGroupWaitBits
                0x0000000004000720                xEventGroupClearBits
                0x0000000004000788                xEventGroupGetBitsFromISR
                0x00000000040007c4                xEventGroupSetBits
                0x0000000004000944                vEventGroupDelete
                0x00000000040009b8                vEventGroupSetBitsCallback
                0x00000000040009f4                vEventGroupClearBitsCallback
 .text          0x0000000004000aa0      0x290 obj/default/FreeRTOS/list.o
                0x0000000004000aa0                vListInitialise
                0x0000000004000b08                vListInitialiseItem
                0x0000000004000b34                vListInsertEnd
                0x0000000004000bc0                vListInsert
                0x0000000004000c98                uxListRemove
 .text          0x0000000004000d30      0x304 obj/default/FreeRTOS/portable/GCC/NiosII/port.o
                0x0000000004000d5c                pxPortInitialiseStack
                0x0000000004000e3c                xPortStartScheduler
                0x0000000004000e74                vPortEndScheduler
                0x0000000004000f24                vPortSysTickHandler
                0x0000000004000f68                _alt_ic_isr_register
 .text          0x0000000004001034      0x15c obj/default/FreeRTOS/portable/MemMang/heap_1.o
                0x0000000004001034                pvPortMalloc
                0x000000000400111c                vPortFree
                0x0000000004001140                vPortInitialiseBlocks
                0x0000000004001164                xPortGetFreeHeapSize
 .text          0x0000000004001190     0x16fc obj/default/FreeRTOS/queue.o
                0x0000000004001190                xQueueGenericReset
                0x00000000040013d0                xQueueGenericCreate
                0x0000000004001658                xQueueCreateMutex
                0x00000000040016b4                xQueueGiveMutexRecursive
                0x0000000004001744                xQueueTakeMutexRecursive
                0x00000000040017e0                xQueueCreateCountingSemaphore
                0x0000000004001850                xQueueGenericSend
                0x0000000004001a04                xQueueGenericSendFromISR
                0x0000000004001b0c                xQueueGiveFromISR
                0x0000000004001bfc                xQueueReceive
                0x0000000004001da4                xQueueSemaphoreTake
                0x0000000004001fb4                xQueuePeek
                0x0000000004002164                xQueueReceiveFromISR
                0x000000000400225c                xQueuePeekFromISR
                0x00000000040022d8                uxQueueMessagesWaiting
                0x0000000004002318                uxQueueSpacesAvailable
                0x000000000400236c                uxQueueMessagesWaitingFromISR
                0x00000000040023a4                vQueueDelete
                0x000000000400279c                xQueueIsQueueEmptyFromISR
                0x000000000400283c                xQueueIsQueueFullFromISR
 .text          0x000000000400288c      0xf20 obj/default/FreeRTOS/stream_buffer.o
                0x000000000400288c                xStreamBufferGenericCreate
                0x0000000004002960                vStreamBufferDelete
                0x00000000040029c4                xStreamBufferReset
                0x0000000004002a78                xStreamBufferSetTriggerLevel
                0x0000000004002ae4                xStreamBufferSpacesAvailable
                0x0000000004002b88                xStreamBufferBytesAvailable
                0x0000000004002bc8                xStreamBufferSend
                0x0000000004002d98                xStreamBufferSendFromISR
                0x0000000004002f5c                xStreamBufferReceive
                0x00000000040030bc                xStreamBufferNextMessageLengthBytes
                0x0000000004003154                xStreamBufferReceiveFromISR
                0x0000000004003314                xStreamBufferIsEmpty
                0x000000000400336c                xStreamBufferIsFull
                0x00000000040033e8                xStreamBufferSendCompletedFromISR
                0x0000000004003470                xStreamBufferReceiveCompletedFromISR
 .text          0x00000000040037ac     0x37cc obj/default/FreeRTOS/tasks.o
                0x00000000040037ac                xTaskCreate
                0x0000000004003c04                vTaskDelete
                0x0000000004003cf8                xTaskDelayUntil
                0x0000000004003de8                vTaskDelay
                0x0000000004003e44                uxTaskPriorityGet
                0x0000000004003e9c                uxTaskPriorityGetFromISR
                0x0000000004003ee8                vTaskPrioritySet
                0x0000000004004150                vTaskSuspend
                0x00000000040042e0                vTaskResume
                0x0000000004004468                xTaskResumeFromISR
                0x000000000400460c                vTaskStartScheduler
                0x00000000040046a0                vTaskEndScheduler
                0x00000000040046e8                vTaskSuspendAll
                0x0000000004004714                xTaskResumeAll
                0x00000000040049e8                xTaskGetTickCount
                0x0000000004004a10                xTaskGetTickCountFromISR
                0x0000000004004a3c                uxTaskGetNumberOfTasks
                0x0000000004004a5c                pcTaskGetName
                0x0000000004004a9c                xTaskCatchUpTicks
                0x0000000004004aec                xTaskIncrementTick
                0x0000000004004e28                vTaskSwitchContext
                0x0000000004004f18                vTaskPlaceOnEventList
                0x0000000004004f68                vTaskPlaceOnUnorderedEventList
                0x0000000004005024                xTaskRemoveFromEventList
                0x00000000040052f4                vTaskRemoveFromUnorderedEventList
                0x0000000004005544                vTaskSetTimeOutState
                0x0000000004005590                vTaskInternalSetTimeOutState
                0x00000000040055cc                xTaskCheckForTimeOut
                0x00000000040056b4                vTaskMissedYield
                0x000000000400589c                uxTaskGetStackHighWaterMark
                0x0000000004005988                xTaskGetCurrentTaskHandle
                0x00000000040059b0                xTaskPriorityInherit
                0x0000000004005bb8                xTaskPriorityDisinherit
                0x0000000004005d70                vTaskPriorityDisinheritAfterTimeout
                0x0000000004005f74                vTaskEnterCritical
                0x0000000004005fc8                vTaskExitCritical
                0x000000000400602c                uxTaskResetEventItemValue
                0x0000000004006070                pvTaskIncrementMutexHeldCount
                0x00000000040060a8                ulTaskGenericNotifyTake
                0x00000000040061ac                xTaskGenericNotifyWait
                0x0000000004006310                xTaskGenericNotify
                0x0000000004006658                xTaskGenericNotifyFromISR
                0x0000000004006a30                vTaskGenericNotifyGiveFromISR
                0x0000000004006cfc                xTaskGenericNotifyStateClear
                0x0000000004006d88                ulTaskGenericNotifyValueClear
 .text          0x0000000004006f78        0x0 obj/default/FreeRTOS/timers.o
 .text          0x0000000004006f78      0x360 obj/default/float2_functionality.o
                0x0000000004006f78                convertData
                0x0000000004007060                parseData
                0x00000000040070c4                writeScore
                0x0000000004007100                sendReading
                0x000000000400713c                getScore
                0x0000000004007174                task1
                0x000000000400722c                task2
                0x0000000004007260                main
 .text          0x00000000040072d8        0x0 obj/default/FreeRTOS/portable/GCC/NiosII/port_asm.o
 .text          0x00000000040072d8       0x28 /home/omar/intelFPGA_lite/20.1/nios2eds/bin/gnu/H-x86_64-pc-linux-gnu/bin/../lib/gcc/nios2-elf/9.2.1/mno-hw-mul/libgcc.a(lib2-mul.o)
                0x00000000040072d8                __mulsi3
 .text          0x0000000004007300        0x0 ../fpgaMaster_bsp//newlib/nios2-elf/lib/libc.a(lib_a-memcpy.o)
 .text.memcpy   0x0000000004007300      0x188 ../fpgaMaster_bsp//newlib/nios2-elf/lib/libc.a(lib_a-memcpy.o)
                0x0000000004007300                memcpy
 .text          0x0000000004007488        0x0 ../fpgaMaster_bsp//newlib/nios2-elf/lib/libc.a(lib_a-memset.o)
 .text.memset   0x0000000004007488      0x1c4 ../fpgaMaster_bsp//newlib/nios2-elf/lib/libc.a(lib_a-memset.o)
                0x0000000004007488                memset
 .text          0x000000000400764c        0x0 ../fpgaMaster_bsp//newlib/nios2-elf/lib/libc.a(lib_a-printf.o)
 .text._printf_r
                0x000000000400764c       0x64 ../fpgaMaster_bsp//newlib/nios2-elf/lib/libc.a(lib_a-printf.o)
                0x000000000400764c                _printf_r
 .text.printf   0x00000000040076b0       0x68 ../fpgaMaster_bsp//newlib/nios2-elf/lib/libc.a(lib_a-printf.o)
                0x00000000040076b0                printf
 .text          0x0000000004007718        0x0 ../fpgaMaster_bsp//newlib/nios2-elf/lib/libc.a(lib_a-puts.o)
 .text._puts_r  0x0000000004007718      0x118 ../fpgaMaster_bsp//newlib/nios2-elf/lib/libc.a(lib_a-puts.o)
                0x0000000004007718                _puts_r
 .text.puts     0x0000000004007830       0x38 ../fpgaMaster_bsp//newlib/nios2-elf/lib/libc.a(lib_a-puts.o)
                0x0000000004007830                puts
 .text          0x0000000004007868        0x0 ../fpgaMaster_bsp//newlib/nios2-elf/lib/libc.a(lib_a-strlen.o)
 .text.strlen   0x0000000004007868       0xf4 ../fpgaMaster_bsp//newlib/nios2-elf/lib/libc.a(lib_a-strlen.o)
                0x0000000004007868                strlen
 .text          0x000000000400795c        0x0 ../fpgaMaster_bsp//newlib/nios2-elf/lib/libc.a(lib_a-vfprintf.o)
 .text.__sbprintf
                0x000000000400795c       0xf0 ../fpgaMaster_bsp//newlib/nios2-elf/lib/libc.a(lib_a-vfprintf.o)
 .text.__vfprintf_internal
                0x0000000004007a4c       0x50 ../fpgaMaster_bsp//newlib/nios2-elf/lib/libc.a(lib_a-vfprintf.o)
                0x0000000004007a4c                __vfprintf_internal
 .text.___vfprintf_internal_r
                0x0000000004007a9c     0x2160 ../fpgaMaster_bsp//newlib/nios2-elf/lib/libc.a(lib_a-vfprintf.o)
                0x0000000004007a9c                ___vfprintf_internal_r
 .text.cvt      0x0000000004009bfc      0x208 ../fpgaMaster_bsp//newlib/nios2-elf/lib/libc.a(lib_a-vfprintf.o)
 .text.exponent
                0x0000000004009e04      0x148 ../fpgaMaster_bsp//newlib/nios2-elf/lib/libc.a(lib_a-vfprintf.o)
 .text          0x0000000004009f4c        0x0 ../fpgaMaster_bsp//newlib/nios2-elf/lib/libc.a(lib_a-wsetup.o)
 .text.__swsetup_r
                0x0000000004009f4c      0x1a0 ../fpgaMaster_bsp//newlib/nios2-elf/lib/libc.a(lib_a-wsetup.o)
                0x0000000004009f4c                __swsetup_r
 .text          0x000000000400a0ec        0x0 ../fpgaMaster_bsp//newlib/nios2-elf/lib/libc.a(lib_a-dtoa.o)
 .text.quorem   0x000000000400a0ec      0x3b4 ../fpgaMaster_bsp//newlib/nios2-elf/lib/libc.a(lib_a-dtoa.o)
 .text._dtoa_r  0x000000000400a4a0     0x1c2c ../fpgaMaster_bsp//newlib/nios2-elf/lib/libc.a(lib_a-dtoa.o)
                0x000000000400a4a0                _dtoa_r
 .text          0x000000000400c0cc        0x0 ../fpgaMaster_bsp//newlib/nios2-elf/lib/libc.a(lib_a-fflush.o)
 .text.__sflush_r
                0x000000000400c0cc      0x2fc ../fpgaMaster_bsp//newlib/nios2-elf/lib/libc.a(lib_a-fflush.o)
                0x000000000400c0cc                __sflush_r
 .text._fflush_r
                0x000000000400c3c8       0x88 ../fpgaMaster_bsp//newlib/nios2-elf/lib/libc.a(lib_a-fflush.o)
                0x000000000400c3c8                _fflush_r
 .text.fflush   0x000000000400c450       0x54 ../fpgaMaster_bsp//newlib/nios2-elf/lib/libc.a(lib_a-fflush.o)
                0x000000000400c450                fflush
 .text          0x000000000400c4a4        0x0 ../fpgaMaster_bsp//newlib/nios2-elf/lib/libc.a(lib_a-findfp.o)
 .text.std      0x000000000400c4a4       0xf0 ../fpgaMaster_bsp//newlib/nios2-elf/lib/libc.a(lib_a-findfp.o)
 .text.stdin_init
                0x000000000400c594       0x3c ../fpgaMaster_bsp//newlib/nios2-elf/lib/libc.a(lib_a-findfp.o)
 .text.stdout_init
                0x000000000400c5d0       0x3c ../fpgaMaster_bsp//newlib/nios2-elf/lib/libc.a(lib_a-findfp.o)
 .text.stderr_init
                0x000000000400c60c       0x3c ../fpgaMaster_bsp//newlib/nios2-elf/lib/libc.a(lib_a-findfp.o)
 .text.__sfmoreglue
                0x000000000400c648       0xbc ../fpgaMaster_bsp//newlib/nios2-elf/lib/libc.a(lib_a-findfp.o)
                0x000000000400c648                __sfmoreglue
 .text.__sfp    0x000000000400c704      0x194 ../fpgaMaster_bsp//newlib/nios2-elf/lib/libc.a(lib_a-findfp.o)
                0x000000000400c704                __sfp
 .text._cleanup_r
                0x000000000400c898       0x44 ../fpgaMaster_bsp//newlib/nios2-elf/lib/libc.a(lib_a-findfp.o)
                0x000000000400c898                _cleanup_r
 .text._cleanup
                0x000000000400c8dc       0x34 ../fpgaMaster_bsp//newlib/nios2-elf/lib/libc.a(lib_a-findfp.o)
                0x000000000400c8dc                _cleanup
 .text.__sinit  0x000000000400c910       0xb4 ../fpgaMaster_bsp//newlib/nios2-elf/lib/libc.a(lib_a-findfp.o)
                0x000000000400c910                __sinit
 .text.__sfp_lock_acquire
                0x000000000400c9c4       0x20 ../fpgaMaster_bsp//newlib/nios2-elf/lib/libc.a(lib_a-findfp.o)
                0x000000000400c9c4                __sfp_lock_acquire
 .text.__sfp_lock_release
                0x000000000400c9e4       0x20 ../fpgaMaster_bsp//newlib/nios2-elf/lib/libc.a(lib_a-findfp.o)
                0x000000000400c9e4                __sfp_lock_release
 .text.__sinit_lock_acquire
                0x000000000400ca04       0x20 ../fpgaMaster_bsp//newlib/nios2-elf/lib/libc.a(lib_a-findfp.o)
                0x000000000400ca04                __sinit_lock_acquire
 .text.__sinit_lock_release
                0x000000000400ca24       0x20 ../fpgaMaster_bsp//newlib/nios2-elf/lib/libc.a(lib_a-findfp.o)
                0x000000000400ca24                __sinit_lock_release
 .text.__fp_lock
                0x000000000400ca44       0x24 ../fpgaMaster_bsp//newlib/nios2-elf/lib/libc.a(lib_a-findfp.o)
 .text.__fp_unlock
                0x000000000400ca68       0x24 ../fpgaMaster_bsp//newlib/nios2-elf/lib/libc.a(lib_a-findfp.o)
 .text.__fp_lock_all
                0x000000000400ca8c       0x40 ../fpgaMaster_bsp//newlib/nios2-elf/lib/libc.a(lib_a-findfp.o)
                0x000000000400ca8c                __fp_lock_all
 .text.__fp_unlock_all
                0x000000000400cacc       0x40 ../fpgaMaster_bsp//newlib/nios2-elf/lib/libc.a(lib_a-findfp.o)
                0x000000000400cacc                __fp_unlock_all
 .text          0x000000000400cb0c        0x0 ../fpgaMaster_bsp//newlib/nios2-elf/lib/libc.a(lib_a-freer.o)
 .text._free_r  0x000000000400cb0c      0x558 ../fpgaMaster_bsp//newlib/nios2-elf/lib/libc.a(lib_a-freer.o)
                0x000000000400cb0c                _free_r
 .text._malloc_trim_r
                0x000000000400d064      0x1c4 ../fpgaMaster_bsp//newlib/nios2-elf/lib/libc.a(lib_a-freer.o)
                0x000000000400d064                _malloc_trim_r
 .text          0x000000000400d228        0x0 ../fpgaMaster_bsp//newlib/nios2-elf/lib/libc.a(lib_a-fvwrite.o)
 .text.__sfvwrite_r
                0x000000000400d228      0x5e8 ../fpgaMaster_bsp//newlib/nios2-elf/lib/libc.a(lib_a-fvwrite.o)
                0x000000000400d228                __sfvwrite_r
 .text          0x000000000400d810        0x0 ../fpgaMaster_bsp//newlib/nios2-elf/lib/libc.a(lib_a-fwalk.o)
 .text._fwalk   0x000000000400d810       0xd8 ../fpgaMaster_bsp//newlib/nios2-elf/lib/libc.a(lib_a-fwalk.o)
                0x000000000400d810                _fwalk
 .text._fwalk_reent
                0x000000000400d8e8       0xdc ../fpgaMaster_bsp//newlib/nios2-elf/lib/libc.a(lib_a-fwalk.o)
                0x000000000400d8e8                _fwalk_reent
 .text          0x000000000400d9c4        0x0 ../fpgaMaster_bsp//newlib/nios2-elf/lib/libc.a(lib_a-impure.o)
 .text          0x000000000400d9c4        0x0 ../fpgaMaster_bsp//newlib/nios2-elf/lib/libc.a(lib_a-localeconv.o)
 .text.__get_global_locale
                0x000000000400d9c4       0x24 ../fpgaMaster_bsp//newlib/nios2-elf/lib/libc.a(lib_a-localeconv.o)
 .text.__get_current_locale
                0x000000000400d9e8       0x28 ../fpgaMaster_bsp//newlib/nios2-elf/lib/libc.a(lib_a-localeconv.o)
 .text.__get_C_locale
                0x000000000400da10       0x28 ../fpgaMaster_bsp//newlib/nios2-elf/lib/libc.a(lib_a-localeconv.o)
 .text.__localeconv_l
                0x000000000400da38       0x50 ../fpgaMaster_bsp//newlib/nios2-elf/lib/libc.a(lib_a-localeconv.o)
                0x000000000400da38                __localeconv_l
 .text._localeconv_r
                0x000000000400da88       0x34 ../fpgaMaster_bsp//newlib/nios2-elf/lib/libc.a(lib_a-localeconv.o)
                0x000000000400da88                _localeconv_r
 .text.localeconv
                0x000000000400dabc       0x30 ../fpgaMaster_bsp//newlib/nios2-elf/lib/libc.a(lib_a-localeconv.o)
                0x000000000400dabc                localeconv
 .text          0x000000000400daec        0x0 ../fpgaMaster_bsp//newlib/nios2-elf/lib/libc.a(lib_a-makebuf.o)
 .text.__smakebuf_r
                0x000000000400daec      0x1a8 ../fpgaMaster_bsp//newlib/nios2-elf/lib/libc.a(lib_a-makebuf.o)
                0x000000000400daec                __smakebuf_r
 .text.__swhatbuf_r
                0x000000000400dc94       0xe8 ../fpgaMaster_bsp//newlib/nios2-elf/lib/libc.a(lib_a-makebuf.o)
                0x000000000400dc94                __swhatbuf_r
 .text          0x000000000400dd7c        0x0 ../fpgaMaster_bsp//newlib/nios2-elf/lib/libc.a(lib_a-mallocr.o)
 .text.malloc_extend_top
                0x000000000400dd7c      0x3c4 ../fpgaMaster_bsp//newlib/nios2-elf/lib/libc.a(lib_a-mallocr.o)
 .text._malloc_r
                0x000000000400e140      0xb68 ../fpgaMaster_bsp//newlib/nios2-elf/lib/libc.a(lib_a-mallocr.o)
                0x000000000400e140                _malloc_r
 .text          0x000000000400eca8        0x0 ../fpgaMaster_bsp//newlib/nios2-elf/lib/libc.a(lib_a-memchr.o)
 .text.memchr   0x000000000400eca8      0x1bc ../fpgaMaster_bsp//newlib/nios2-elf/lib/libc.a(lib_a-memchr.o)
                0x000000000400eca8                memchr
 .text          0x000000000400ee64        0x0 ../fpgaMaster_bsp//newlib/nios2-elf/lib/libc.a(lib_a-memmove.o)
 .text.memmove  0x000000000400ee64      0x208 ../fpgaMaster_bsp//newlib/nios2-elf/lib/libc.a(lib_a-memmove.o)
                0x000000000400ee64                memmove
 .text          0x000000000400f06c        0x0 ../fpgaMaster_bsp//newlib/nios2-elf/lib/libc.a(lib_a-mprec.o)
 .text._Balloc  0x000000000400f06c      0x124 ../fpgaMaster_bsp//newlib/nios2-elf/lib/libc.a(lib_a-mprec.o)
                0x000000000400f06c                _Balloc
 .text._Bfree   0x000000000400f190       0x74 ../fpgaMaster_bsp//newlib/nios2-elf/lib/libc.a(lib_a-mprec.o)
                0x000000000400f190                _Bfree
 .text.__multadd
                0x000000000400f204      0x1d0 ../fpgaMaster_bsp//newlib/nios2-elf/lib/libc.a(lib_a-mprec.o)
                0x000000000400f204                __multadd
 .text.__s2b    0x000000000400f3d4      0x1b8 ../fpgaMaster_bsp//newlib/nios2-elf/lib/libc.a(lib_a-mprec.o)
                0x000000000400f3d4                __s2b
 .text.__hi0bits
                0x000000000400f58c       0x8c ../fpgaMaster_bsp//newlib/nios2-elf/lib/libc.a(lib_a-mprec.o)
                0x000000000400f58c                __hi0bits
 .text.__lo0bits
                0x000000000400f618       0xec ../fpgaMaster_bsp//newlib/nios2-elf/lib/libc.a(lib_a-mprec.o)
                0x000000000400f618                __lo0bits
 .text.__i2b    0x000000000400f704       0x84 ../fpgaMaster_bsp//newlib/nios2-elf/lib/libc.a(lib_a-mprec.o)
                0x000000000400f704                __i2b
 .text.__multiply
                0x000000000400f788      0x3fc ../fpgaMaster_bsp//newlib/nios2-elf/lib/libc.a(lib_a-mprec.o)
                0x000000000400f788                __multiply
 .text.__pow5mult
                0x000000000400fb84      0x170 ../fpgaMaster_bsp//newlib/nios2-elf/lib/libc.a(lib_a-mprec.o)
                0x000000000400fb84                __pow5mult
 .text.__lshift
                0x000000000400fcf4      0x21c ../fpgaMaster_bsp//newlib/nios2-elf/lib/libc.a(lib_a-mprec.o)
                0x000000000400fcf4                __lshift
 .text.__mcmp   0x000000000400ff10      0x104 ../fpgaMaster_bsp//newlib/nios2-elf/lib/libc.a(lib_a-mprec.o)
                0x000000000400ff10                __mcmp
 .text.__mdiff  0x0000000004010014      0x2f4 ../fpgaMaster_bsp//newlib/nios2-elf/lib/libc.a(lib_a-mprec.o)
                0x0000000004010014                __mdiff
 .text.__ulp    0x0000000004010308       0xc4 ../fpgaMaster_bsp//newlib/nios2-elf/lib/libc.a(lib_a-mprec.o)
                0x0000000004010308                __ulp
 .text.__b2d    0x00000000040103cc      0x1fc ../fpgaMaster_bsp//newlib/nios2-elf/lib/libc.a(lib_a-mprec.o)
                0x00000000040103cc                __b2d
 .text.__d2b    0x00000000040105c8      0x264 ../fpgaMaster_bsp//newlib/nios2-elf/lib/libc.a(lib_a-mprec.o)
                0x00000000040105c8                __d2b
 .text.__ratio  0x000000000401082c      0x11c ../fpgaMaster_bsp//newlib/nios2-elf/lib/libc.a(lib_a-mprec.o)
                0x000000000401082c                __ratio
 .text._mprec_log10
                0x0000000004010948       0xb4 ../fpgaMaster_bsp//newlib/nios2-elf/lib/libc.a(lib_a-mprec.o)
                0x0000000004010948                _mprec_log10
 .text.__copybits
                0x00000000040109fc       0xc4 ../fpgaMaster_bsp//newlib/nios2-elf/lib/libc.a(lib_a-mprec.o)
                0x00000000040109fc                __copybits
 .text.__any_on
                0x0000000004010ac0      0x124 ../fpgaMaster_bsp//newlib/nios2-elf/lib/libc.a(lib_a-mprec.o)
                0x0000000004010ac0                __any_on
 .text          0x0000000004010be4        0x0 ../fpgaMaster_bsp//newlib/nios2-elf/lib/libc.a(lib_a-reallocr.o)
 .text._realloc_r
                0x0000000004010be4      0xbf4 ../fpgaMaster_bsp//newlib/nios2-elf/lib/libc.a(lib_a-reallocr.o)
                0x0000000004010be4                _realloc_r
 .text          0x00000000040117d8        0x0 ../fpgaMaster_bsp//newlib/nios2-elf/lib/libc.a(lib_a-sbrkr.o)
 .text._sbrk_r  0x00000000040117d8       0x60 ../fpgaMaster_bsp//newlib/nios2-elf/lib/libc.a(lib_a-sbrkr.o)
                0x00000000040117d8                _sbrk_r
 .text          0x0000000004011838        0x0 ../fpgaMaster_bsp//newlib/nios2-elf/lib/libc.a(lib_a-stdio.o)
 .text.__sread  0x0000000004011838       0x9c ../fpgaMaster_bsp//newlib/nios2-elf/lib/libc.a(lib_a-stdio.o)
                0x0000000004011838                __sread
 .text.__seofread
                0x00000000040118d4       0x30 ../fpgaMaster_bsp//newlib/nios2-elf/lib/libc.a(lib_a-stdio.o)
                0x00000000040118d4                __seofread
 .text.__swrite
                0x0000000004011904       0xb4 ../fpgaMaster_bsp//newlib/nios2-elf/lib/libc.a(lib_a-stdio.o)
                0x0000000004011904                __swrite
 .text.__sseek  0x00000000040119b8       0xa0 ../fpgaMaster_bsp//newlib/nios2-elf/lib/libc.a(lib_a-stdio.o)
                0x00000000040119b8                __sseek
 .text.__sclose
                0x0000000004011a58       0x54 ../fpgaMaster_bsp//newlib/nios2-elf/lib/libc.a(lib_a-stdio.o)
                0x0000000004011a58                __sclose
 .text          0x0000000004011aac        0x0 ../fpgaMaster_bsp//newlib/nios2-elf/lib/libc.a(lib_a-vfiprintf.o)
 .text.__sprint_r
                0x0000000004011aac      0x130 ../fpgaMaster_bsp//newlib/nios2-elf/lib/libc.a(lib_a-vfiprintf.o)
                0x0000000004011aac                __sprint_r
 .text.__sbprintf
                0x0000000004011bdc       0xf0 ../fpgaMaster_bsp//newlib/nios2-elf/lib/libc.a(lib_a-vfiprintf.o)
 .text.__vfiprintf_internal
                0x0000000004011ccc       0x50 ../fpgaMaster_bsp//newlib/nios2-elf/lib/libc.a(lib_a-vfiprintf.o)
                0x0000000004011ccc                __vfiprintf_internal
 .text.___vfiprintf_internal_r
                0x0000000004011d1c     0x12c0 ../fpgaMaster_bsp//newlib/nios2-elf/lib/libc.a(lib_a-vfiprintf.o)
                0x0000000004011d1c                ___vfiprintf_internal_r
 .text          0x0000000004012fdc        0x0 ../fpgaMaster_bsp//newlib/nios2-elf/lib/libc.a(lib_a-writer.o)
 .text._write_r
                0x0000000004012fdc       0x70 ../fpgaMaster_bsp//newlib/nios2-elf/lib/libc.a(lib_a-writer.o)
                0x0000000004012fdc                _write_r
 .text          0x000000000401304c        0x0 ../fpgaMaster_bsp//newlib/nios2-elf/lib/libc.a(closer.o)
 .text._close_r
                0x000000000401304c       0x60 ../fpgaMaster_bsp//newlib/nios2-elf/lib/libc.a(closer.o)
                0x000000000401304c                _close_r
 .text          0x00000000040130ac        0x0 ../fpgaMaster_bsp//newlib/nios2-elf/lib/libc.a(lib_a-assert.o)
 .text.__assert_func
                0x00000000040130ac       0x84 ../fpgaMaster_bsp//newlib/nios2-elf/lib/libc.a(lib_a-assert.o)
                0x00000000040130ac                __assert_func
 .text.__assert
                0x0000000004013130       0x30 ../fpgaMaster_bsp//newlib/nios2-elf/lib/libc.a(lib_a-assert.o)
                0x0000000004013130                __assert
 .text          0x0000000004013160        0x0 ../fpgaMaster_bsp//newlib/nios2-elf/lib/libc.a(lib_a-callocr.o)
 .text._calloc_r
                0x0000000004013160      0x164 ../fpgaMaster_bsp//newlib/nios2-elf/lib/libc.a(lib_a-callocr.o)
                0x0000000004013160                _calloc_r
 .text          0x00000000040132c4        0x0 ../fpgaMaster_bsp//newlib/nios2-elf/lib/libc.a(lib_a-fclose.o)
 .text._fclose_r
                0x00000000040132c4      0x12c ../fpgaMaster_bsp//newlib/nios2-elf/lib/libc.a(lib_a-fclose.o)
                0x00000000040132c4                _fclose_r
 .text.fclose   0x00000000040133f0       0x38 ../fpgaMaster_bsp//newlib/nios2-elf/lib/libc.a(lib_a-fclose.o)
                0x00000000040133f0                fclose
 .text          0x0000000004013428        0x0 ../fpgaMaster_bsp//newlib/nios2-elf/lib/libc.a(lib_a-fiprintf.o)
 .text._fiprintf_r
                0x0000000004013428       0x5c ../fpgaMaster_bsp//newlib/nios2-elf/lib/libc.a(lib_a-fiprintf.o)
                0x0000000004013428                _fiprintf_r
 .text.fiprintf
                0x0000000004013484       0x60 ../fpgaMaster_bsp//newlib/nios2-elf/lib/libc.a(lib_a-fiprintf.o)
                0x0000000004013484                fiprintf
 .text          0x00000000040134e4        0x0 ../fpgaMaster_bsp//newlib/nios2-elf/lib/libc.a(lib_a-fputwc.o)
 .text.__fputwc
                0x00000000040134e4      0x1d8 ../fpgaMaster_bsp//newlib/nios2-elf/lib/libc.a(lib_a-fputwc.o)
                0x00000000040134e4                __fputwc
 .text._fputwc_r
                0x00000000040136bc       0x88 ../fpgaMaster_bsp//newlib/nios2-elf/lib/libc.a(lib_a-fputwc.o)
                0x00000000040136bc                _fputwc_r
 .text.fputwc   0x0000000004013744       0x68 ../fpgaMaster_bsp//newlib/nios2-elf/lib/libc.a(lib_a-fputwc.o)
                0x0000000004013744                fputwc
 .text          0x00000000040137ac        0x0 ../fpgaMaster_bsp//newlib/nios2-elf/lib/libc.a(lib_a-fstatr.o)
 .text._fstat_r
                0x00000000040137ac       0x68 ../fpgaMaster_bsp//newlib/nios2-elf/lib/libc.a(lib_a-fstatr.o)
                0x00000000040137ac                _fstat_r
 .text          0x0000000004013814        0x0 ../fpgaMaster_bsp//newlib/nios2-elf/lib/libc.a(lib_a-int_errno.o)
 .text          0x0000000004013814        0x0 ../fpgaMaster_bsp//newlib/nios2-elf/lib/libc.a(lib_a-isattyr.o)
 .text._isatty_r
                0x0000000004013814       0x60 ../fpgaMaster_bsp//newlib/nios2-elf/lib/libc.a(lib_a-isattyr.o)
                0x0000000004013814                _isatty_r
 .text          0x0000000004013874        0x0 ../fpgaMaster_bsp//newlib/nios2-elf/lib/libc.a(lib_a-locale.o)
 .text.__get_global_locale
                0x0000000004013874       0x24 ../fpgaMaster_bsp//newlib/nios2-elf/lib/libc.a(lib_a-locale.o)
 .text.__get_current_locale
                0x0000000004013898       0x28 ../fpgaMaster_bsp//newlib/nios2-elf/lib/libc.a(lib_a-locale.o)
 .text._setlocale_r
                0x00000000040138c0       0x80 ../fpgaMaster_bsp//newlib/nios2-elf/lib/libc.a(lib_a-locale.o)
                0x00000000040138c0                _setlocale_r
 .text.__locale_mb_cur_max
                0x0000000004013940       0x38 ../fpgaMaster_bsp//newlib/nios2-elf/lib/libc.a(lib_a-locale.o)
                0x0000000004013940                __locale_mb_cur_max
 .text.setlocale
                0x0000000004013978       0x40 ../fpgaMaster_bsp//newlib/nios2-elf/lib/libc.a(lib_a-locale.o)
                0x0000000004013978                setlocale
 .text          0x00000000040139b8        0x0 ../fpgaMaster_bsp//newlib/nios2-elf/lib/libc.a(lib_a-lseekr.o)
 .text._lseek_r
                0x00000000040139b8       0x70 ../fpgaMaster_bsp//newlib/nios2-elf/lib/libc.a(lib_a-lseekr.o)
                0x00000000040139b8                _lseek_r
 .text          0x0000000004013a28        0x0 ../fpgaMaster_bsp//newlib/nios2-elf/lib/libc.a(lib_a-mbtowc_r.o)
 .text.__get_global_locale
                0x0000000004013a28       0x24 ../fpgaMaster_bsp//newlib/nios2-elf/lib/libc.a(lib_a-mbtowc_r.o)
 .text.__get_current_locale
                0x0000000004013a4c       0x28 ../fpgaMaster_bsp//newlib/nios2-elf/lib/libc.a(lib_a-mbtowc_r.o)
 .text._mbtowc_r
                0x0000000004013a74       0x58 ../fpgaMaster_bsp//newlib/nios2-elf/lib/libc.a(lib_a-mbtowc_r.o)
                0x0000000004013a74                _mbtowc_r
 .text.__ascii_mbtowc
                0x0000000004013acc       0x94 ../fpgaMaster_bsp//newlib/nios2-elf/lib/libc.a(lib_a-mbtowc_r.o)
                0x0000000004013acc                __ascii_mbtowc
 .text          0x0000000004013b60        0x0 ../fpgaMaster_bsp//newlib/nios2-elf/lib/libc.a(lib_a-readr.o)
 .text._read_r  0x0000000004013b60       0x70 ../fpgaMaster_bsp//newlib/nios2-elf/lib/libc.a(lib_a-readr.o)
                0x0000000004013b60                _read_r
 .text          0x0000000004013bd0        0x0 ../fpgaMaster_bsp//newlib/nios2-elf/lib/libc.a(lib_a-strcmp.o)
 .text.strcmp   0x0000000004013bd0      0x140 ../fpgaMaster_bsp//newlib/nios2-elf/lib/libc.a(lib_a-strcmp.o)
                0x0000000004013bd0                strcmp
 .text          0x0000000004013d10        0x0 ../fpgaMaster_bsp//newlib/nios2-elf/lib/libc.a(lib_a-vfiprintfr_1.o)
 .text._vfiprintf_r
                0x0000000004013d10       0x54 ../fpgaMaster_bsp//newlib/nios2-elf/lib/libc.a(lib_a-vfiprintfr_1.o)
                0x0000000004013d10                _vfiprintf_r
 .text          0x0000000004013d64        0x0 ../fpgaMaster_bsp//newlib/nios2-elf/lib/libc.a(lib_a-wbuf.o)
 .text.__swbuf_r
                0x0000000004013d64      0x168 ../fpgaMaster_bsp//newlib/nios2-elf/lib/libc.a(lib_a-wbuf.o)
                0x0000000004013d64                __swbuf_r
 .text.__swbuf  0x0000000004013ecc       0x40 ../fpgaMaster_bsp//newlib/nios2-elf/lib/libc.a(lib_a-wbuf.o)
                0x0000000004013ecc                __swbuf
 .text          0x0000000004013f0c        0x0 ../fpgaMaster_bsp//newlib/nios2-elf/lib/libc.a(lib_a-wcrtomb.o)
 .text.__get_global_locale
                0x0000000004013f0c       0x24 ../fpgaMaster_bsp//newlib/nios2-elf/lib/libc.a(lib_a-wcrtomb.o)
 .text.__get_current_locale
                0x0000000004013f30       0x28 ../fpgaMaster_bsp//newlib/nios2-elf/lib/libc.a(lib_a-wcrtomb.o)
 .text._wcrtomb_r
                0x0000000004013f58       0xb4 ../fpgaMaster_bsp//newlib/nios2-elf/lib/libc.a(lib_a-wcrtomb.o)
                0x0000000004013f58                _wcrtomb_r
 .text.wcrtomb  0x000000000401400c       0xb8 ../fpgaMaster_bsp//newlib/nios2-elf/lib/libc.a(lib_a-wcrtomb.o)
                0x000000000401400c                wcrtomb
 .text          0x00000000040140c4        0x0 ../fpgaMaster_bsp//newlib/nios2-elf/lib/libc.a(lib_a-wctomb_r.o)
 .text.__get_global_locale
                0x00000000040140c4       0x24 ../fpgaMaster_bsp//newlib/nios2-elf/lib/libc.a(lib_a-wctomb_r.o)
 .text.__get_current_locale
                0x00000000040140e8       0x28 ../fpgaMaster_bsp//newlib/nios2-elf/lib/libc.a(lib_a-wctomb_r.o)
 .text._wctomb_r
                0x0000000004014110       0x50 ../fpgaMaster_bsp//newlib/nios2-elf/lib/libc.a(lib_a-wctomb_r.o)
                0x0000000004014110                _wctomb_r
 .text.__ascii_wctomb
                0x0000000004014160       0x78 ../fpgaMaster_bsp//newlib/nios2-elf/lib/libc.a(lib_a-wctomb_r.o)
                0x0000000004014160                __ascii_wctomb
 .text          0x00000000040141d8        0x0 ../fpgaMaster_bsp//newlib/nios2-elf/lib/libc.a(lib_a-abort.o)
 .text.abort    0x00000000040141d8       0x20 ../fpgaMaster_bsp//newlib/nios2-elf/lib/libc.a(lib_a-abort.o)
                0x00000000040141d8                abort
 .text          0x00000000040141f8        0x0 ../fpgaMaster_bsp//newlib/nios2-elf/lib/libc.a(lib_a-ctype_.o)
 .text          0x00000000040141f8        0x0 ../fpgaMaster_bsp//newlib/nios2-elf/lib/libc.a(lib_a-signal.o)
 .text._init_signal_r
                0x00000000040141f8       0x9c ../fpgaMaster_bsp//newlib/nios2-elf/lib/libc.a(lib_a-signal.o)
                0x00000000040141f8                _init_signal_r
 .text._signal_r
                0x0000000004014294       0xb4 ../fpgaMaster_bsp//newlib/nios2-elf/lib/libc.a(lib_a-signal.o)
                0x0000000004014294                _signal_r
 .text._raise_r
                0x0000000004014348      0x104 ../fpgaMaster_bsp//newlib/nios2-elf/lib/libc.a(lib_a-signal.o)
                0x0000000004014348                _raise_r
 .text.__sigtramp_r
                0x000000000401444c       0xe4 ../fpgaMaster_bsp//newlib/nios2-elf/lib/libc.a(lib_a-signal.o)
                0x000000000401444c                __sigtramp_r
 .text.raise    0x0000000004014530       0x38 ../fpgaMaster_bsp//newlib/nios2-elf/lib/libc.a(lib_a-signal.o)
                0x0000000004014530                raise
 .text.signal   0x0000000004014568       0x40 ../fpgaMaster_bsp//newlib/nios2-elf/lib/libc.a(lib_a-signal.o)
                0x0000000004014568                signal
 .text._init_signal
                0x00000000040145a8       0x30 ../fpgaMaster_bsp//newlib/nios2-elf/lib/libc.a(lib_a-signal.o)
                0x00000000040145a8                _init_signal
 .text.__sigtramp
                0x00000000040145d8       0x38 ../fpgaMaster_bsp//newlib/nios2-elf/lib/libc.a(lib_a-signal.o)
                0x00000000040145d8                __sigtramp
 .text          0x0000000004014610        0x0 ../fpgaMaster_bsp//newlib/nios2-elf/lib/libc.a(lib_a-signalr.o)
 .text._kill_r  0x0000000004014610       0x68 ../fpgaMaster_bsp//newlib/nios2-elf/lib/libc.a(lib_a-signalr.o)
                0x0000000004014610                _kill_r
 .text._getpid_r
                0x0000000004014678       0x34 ../fpgaMaster_bsp//newlib/nios2-elf/lib/libc.a(lib_a-signalr.o)
                0x0000000004014678                _getpid_r
 .text          0x00000000040146ac      0x61c /home/omar/intelFPGA_lite/20.1/nios2eds/bin/gnu/H-x86_64-pc-linux-gnu/bin/../lib/gcc/nios2-elf/9.2.1/mno-hw-mul/libgcc.a(_udivdi3.o)
                0x00000000040146ac                __udivdi3
 .text          0x0000000004014cc8      0x5c4 /home/omar/intelFPGA_lite/20.1/nios2eds/bin/gnu/H-x86_64-pc-linux-gnu/bin/../lib/gcc/nios2-elf/9.2.1/mno-hw-mul/libgcc.a(_umoddi3.o)
                0x0000000004014cc8                __umoddi3
 .text          0x000000000401528c      0x1b4 /home/omar/intelFPGA_lite/20.1/nios2eds/bin/gnu/H-x86_64-pc-linux-gnu/bin/../lib/gcc/nios2-elf/9.2.1/mno-hw-mul/libgcc.a(lib2-divmod.o)
                0x000000000401528c                __divsi3
                0x000000000401530c                __modsi3
                0x0000000004015380                __udivsi3
                0x00000000040153e4                __umodsi3
 .text          0x0000000004015440      0x978 /home/omar/intelFPGA_lite/20.1/nios2eds/bin/gnu/H-x86_64-pc-linux-gnu/bin/../lib/gcc/nios2-elf/9.2.1/mno-hw-mul/libgcc.a(adddf3.o)
                0x0000000004015440                __adddf3
 .text          0x0000000004015db8      0x934 /home/omar/intelFPGA_lite/20.1/nios2eds/bin/gnu/H-x86_64-pc-linux-gnu/bin/../lib/gcc/nios2-elf/9.2.1/mno-hw-mul/libgcc.a(divdf3.o)
                0x0000000004015db8                __divdf3
 .text          0x00000000040166ec       0x80 /home/omar/intelFPGA_lite/20.1/nios2eds/bin/gnu/H-x86_64-pc-linux-gnu/bin/../lib/gcc/nios2-elf/9.2.1/mno-hw-mul/libgcc.a(eqdf2.o)
                0x00000000040166ec                __eqdf2
                0x00000000040166ec                __nedf2
 .text          0x000000000401676c       0xf0 /home/omar/intelFPGA_lite/20.1/nios2eds/bin/gnu/H-x86_64-pc-linux-gnu/bin/../lib/gcc/nios2-elf/9.2.1/mno-hw-mul/libgcc.a(gedf2.o)
                0x000000000401676c                __gtdf2
                0x000000000401676c                __gedf2
 .text          0x000000000401685c       0xf0 /home/omar/intelFPGA_lite/20.1/nios2eds/bin/gnu/H-x86_64-pc-linux-gnu/bin/../lib/gcc/nios2-elf/9.2.1/mno-hw-mul/libgcc.a(ledf2.o)
                0x000000000401685c                __ltdf2
                0x000000000401685c                __ledf2
 .text          0x000000000401694c      0x7a8 /home/omar/intelFPGA_lite/20.1/nios2eds/bin/gnu/H-x86_64-pc-linux-gnu/bin/../lib/gcc/nios2-elf/9.2.1/mno-hw-mul/libgcc.a(muldf3.o)
                0x000000000401694c                __muldf3
 .text          0x00000000040170f4      0x934 /home/omar/intelFPGA_lite/20.1/nios2eds/bin/gnu/H-x86_64-pc-linux-gnu/bin/../lib/gcc/nios2-elf/9.2.1/mno-hw-mul/libgcc.a(subdf3.o)
                0x00000000040170f4                __subdf3
 .text          0x0000000004017a28       0x54 /home/omar/intelFPGA_lite/20.1/nios2eds/bin/gnu/H-x86_64-pc-linux-gnu/bin/../lib/gcc/nios2-elf/9.2.1/mno-hw-mul/libgcc.a(unorddf2.o)
                0x0000000004017a28                __unorddf2
 .text          0x0000000004017a7c       0x80 /home/omar/intelFPGA_lite/20.1/nios2eds/bin/gnu/H-x86_64-pc-linux-gnu/bin/../lib/gcc/nios2-elf/9.2.1/mno-hw-mul/libgcc.a(fixdfsi.o)
                0x0000000004017a7c                __fixdfsi
 .text          0x0000000004017afc       0xbc /home/omar/intelFPGA_lite/20.1/nios2eds/bin/gnu/H-x86_64-pc-linux-gnu/bin/../lib/gcc/nios2-elf/9.2.1/mno-hw-mul/libgcc.a(floatsidf.o)
                0x0000000004017afc                __floatsidf
 .text          0x0000000004017bb8       0x90 /home/omar/intelFPGA_lite/20.1/nios2eds/bin/gnu/H-x86_64-pc-linux-gnu/bin/../lib/gcc/nios2-elf/9.2.1/mno-hw-mul/libgcc.a(floatunsidf.o)
                0x0000000004017bb8                __floatunsidf
 .text          0x0000000004017c48        0x0 /home/omar/intelFPGA_lite/20.1/nios2eds/bin/gnu/H-x86_64-pc-linux-gnu/bin/../lib/gcc/nios2-elf/9.2.1/mno-hw-mul/libgcc.a(_clz.o)
 .text          0x0000000004017c48       0x54 /home/omar/intelFPGA_lite/20.1/nios2eds/bin/gnu/H-x86_64-pc-linux-gnu/bin/../lib/gcc/nios2-elf/9.2.1/mno-hw-mul/libgcc.a(_clzsi2.o)
                0x0000000004017c48                __clzsi2
 .text          0x0000000004017c9c      0x118 ../fpgaMaster_bsp//libhal_bsp.a(alt_close.o)
                0x0000000004017cd8                close
 .text          0x0000000004017db4       0x2c ../fpgaMaster_bsp//libhal_bsp.a(alt_dev.o)
 .text          0x0000000004017de0        0x0 ../fpgaMaster_bsp//libhal_bsp.a(alt_errno.o)
 .text          0x0000000004017de0       0x38 ../fpgaMaster_bsp//libhal_bsp.a(alt_exit.o)
                0x0000000004017de0                _exit
 .text          0x0000000004017e18       0xf8 ../fpgaMaster_bsp//libhal_bsp.a(alt_fstat.o)
                0x0000000004017e54                fstat
 .text          0x0000000004017f10       0x20 ../fpgaMaster_bsp//libhal_bsp.a(alt_getpid.o)
                0x0000000004017f10                getpid
 .text          0x0000000004017f30      0x1b0 ../fpgaMaster_bsp//libhal_bsp.a(alt_iic.o)
                0x0000000004017f30                alt_ic_isr_register
                0x0000000004017f80                alt_ic_irq_enable
                0x0000000004018008                alt_ic_irq_disable
                0x0000000004018094                alt_ic_irq_enabled
 .text          0x00000000040180e0       0xe8 ../fpgaMaster_bsp//libhal_bsp.a(alt_iic_isr_register.o)
                0x00000000040180e0                alt_iic_isr_register
 .text          0x00000000040181c8        0x0 ../fpgaMaster_bsp//libhal_bsp.a(alt_irq_entry.o)
 .text          0x00000000040181c8        0x0 ../fpgaMaster_bsp//libhal_bsp.a(alt_irq_handler.o)
 .text          0x00000000040181c8        0x0 ../fpgaMaster_bsp//libhal_bsp.a(alt_irq_vars.o)
 .text          0x00000000040181c8       0xec ../fpgaMaster_bsp//libhal_bsp.a(alt_isatty.o)
                0x0000000004018204                isatty
 .text          0x00000000040182b4      0x168 ../fpgaMaster_bsp//libhal_bsp.a(alt_kill.o)
                0x00000000040182f0                kill
 .text          0x000000000401841c       0xec ../fpgaMaster_bsp//libhal_bsp.a(alt_load.o)
                0x0000000004018484                alt_load
 .text          0x0000000004018508      0x11c ../fpgaMaster_bsp//libhal_bsp.a(alt_lseek.o)
                0x0000000004018544                lseek
 .text          0x0000000004018624       0x7c ../fpgaMaster_bsp//libhal_bsp.a(alt_main.o)
                0x0000000004018624                alt_main
 .text          0x00000000040186a0       0x48 ../fpgaMaster_bsp//libhal_bsp.a(alt_malloc_lock.o)
                0x00000000040186a0                __malloc_lock
                0x00000000040186c4                __malloc_unlock
 .text          0x00000000040186e8      0x144 ../fpgaMaster_bsp//libhal_bsp.a(alt_read.o)
                0x0000000004018724                read
 .text          0x000000000401882c       0x70 ../fpgaMaster_bsp//libhal_bsp.a(alt_release_fd.o)
                0x000000000401882c                alt_release_fd
 .text          0x000000000401889c       0xb8 ../fpgaMaster_bsp//libhal_bsp.a(alt_sbrk.o)
                0x000000000401889c                sbrk
 .text          0x0000000004018954      0x140 ../fpgaMaster_bsp//libhal_bsp.a(alt_write.o)
                0x0000000004018990                write
 .text          0x0000000004018a94       0xe0 ../fpgaMaster_bsp//libhal_bsp.a(alt_sys_init.o)
                0x0000000004018ac8                alt_irq_init
                0x0000000004018b04                alt_sys_init
 .text          0x0000000004018b74      0x164 ../fpgaMaster_bsp//libhal_bsp.a(altera_avalon_jtag_uart_fd.o)
                0x0000000004018b74                altera_avalon_jtag_uart_read_fd
                0x0000000004018bd4                altera_avalon_jtag_uart_write_fd
                0x0000000004018c34                altera_avalon_jtag_uart_close_fd
                0x0000000004018c84                altera_avalon_jtag_uart_ioctl_fd
 .text          0x0000000004018cd8      0x3d4 ../fpgaMaster_bsp//libhal_bsp.a(altera_avalon_jtag_uart_init.o)
                0x0000000004018cd8                altera_avalon_jtag_uart_init
                0x0000000004019044                altera_avalon_jtag_uart_close
 .text          0x00000000040190ac       0xf4 ../fpgaMaster_bsp//libhal_bsp.a(altera_avalon_jtag_uart_ioctl.o)
                0x00000000040190ac                altera_avalon_jtag_uart_ioctl
 .text          0x00000000040191a0      0x220 ../fpgaMaster_bsp//libhal_bsp.a(altera_avalon_jtag_uart_read.o)
                0x00000000040191a0                altera_avalon_jtag_uart_read
 .text          0x00000000040193c0      0x228 ../fpgaMaster_bsp//libhal_bsp.a(altera_avalon_jtag_uart_write.o)
                0x00000000040193c0                altera_avalon_jtag_uart_write
 .text          0x00000000040195e8      0x100 ../fpgaMaster_bsp//libhal_bsp.a(altera_avalon_timer_sc.o)
                0x0000000004019664                alt_avalon_timer_sc_init
 .text          0x00000000040196e8      0x3cc ../fpgaMaster_bsp//libhal_bsp.a(altera_up_avalon_accelerometer_spi.o)
                0x00000000040196e8                alt_up_accelerometer_spi_open_dev
                0x0000000004019724                alt_up_accelerometer_spi_read_address_register
                0x0000000004019768                alt_up_accelerometer_spi_read
                0x00000000040197d0                alt_up_accelerometer_spi_write
                0x0000000004019838                alt_up_accelerometer_spi_read_x_axis
                0x000000000401990c                alt_up_accelerometer_spi_read_y_axis
                0x00000000040199e0                alt_up_accelerometer_spi_read_z_axis
 .text          0x0000000004019ab4      0x134 ../fpgaMaster_bsp//libhal_bsp.a(alt_alarm_start.o)
                0x0000000004019ab4                alt_alarm_start
 .text          0x0000000004019be8       0x20 ../fpgaMaster_bsp//libhal_bsp.a(alt_dcache_flush_all.o)
                0x0000000004019be8                alt_dcache_flush_all
 .text          0x0000000004019c08       0xe4 ../fpgaMaster_bsp//libhal_bsp.a(alt_dev_llist_insert.o)
                0x0000000004019c44                alt_dev_llist_insert
 .text          0x0000000004019cec       0x64 ../fpgaMaster_bsp//libhal_bsp.a(alt_do_ctors.o)
                0x0000000004019cec                _do_ctors
 .text          0x0000000004019d50       0x64 ../fpgaMaster_bsp//libhal_bsp.a(alt_do_dtors.o)
                0x0000000004019d50                _do_dtors
 .text          0x0000000004019db4        0x0 ../fpgaMaster_bsp//libhal_bsp.a(alt_exception_entry.o)
 .text          0x0000000004019db4       0x90 ../fpgaMaster_bsp//libhal_bsp.a(alt_find_dev.o)
                0x0000000004019db4                alt_find_dev
 .text          0x0000000004019e44       0x20 ../fpgaMaster_bsp//libhal_bsp.a(alt_icache_flush_all.o)
                0x0000000004019e44                alt_icache_flush_all
 .text          0x0000000004019e64       0x98 ../fpgaMaster_bsp//libhal_bsp.a(alt_instruction_exception_entry.o)
                0x0000000004019e64                alt_exception_cause_generated_bad_addr
 .text          0x0000000004019efc      0x150 ../fpgaMaster_bsp//libhal_bsp.a(alt_io_redirect.o)
                0x0000000004019fd0                alt_io_redirect
 .text          0x000000000401a04c      0x278 ../fpgaMaster_bsp//libhal_bsp.a(alt_open.o)
                0x000000000401a164                open
 .text          0x000000000401a2c4      0x1ac ../fpgaMaster_bsp//libhal_bsp.a(alt_tick.o)
                0x000000000401a2c4                alt_alarm_stop
                0x000000000401a368                alt_tick
 .text          0x000000000401a470       0x24 ../fpgaMaster_bsp//libhal_bsp.a(altera_nios2_gen2_irq.o)
                0x000000000401a470                altera_nios2_gen2_irq_init
 .text          0x000000000401a494      0x108 ../fpgaMaster_bsp//libhal_bsp.a(alt_find_file.o)
                0x000000000401a494                alt_find_file
 .text          0x000000000401a59c       0xb8 ../fpgaMaster_bsp//libhal_bsp.a(alt_get_fd.o)
                0x000000000401a59c                alt_get_fd
 .text          0x000000000401a654        0x0 ../fpgaMaster_bsp//newlib/nios2-elf/lib/libc.a(lib_a-atexit.o)
 .text.atexit   0x000000000401a654       0x3c ../fpgaMaster_bsp//newlib/nios2-elf/lib/libc.a(lib_a-atexit.o)
                0x000000000401a654                atexit
 .text          0x000000000401a690        0x0 ../fpgaMaster_bsp//newlib/nios2-elf/lib/libc.a(lib_a-exit.o)
 .text.exit     0x000000000401a690       0x48 ../fpgaMaster_bsp//newlib/nios2-elf/lib/libc.a(lib_a-exit.o)
                0x000000000401a690                exit
 .text          0x000000000401a6d8        0x0 ../fpgaMaster_bsp//newlib/nios2-elf/lib/libc.a(lib_a-memcmp.o)
 .text.memcmp   0x000000000401a6d8      0x134 ../fpgaMaster_bsp//newlib/nios2-elf/lib/libc.a(lib_a-memcmp.o)
                0x000000000401a6d8                memcmp
 .text          0x000000000401a80c        0x0 ../fpgaMaster_bsp//newlib/nios2-elf/lib/libc.a(lib_a-__atexit.o)
 .text.__register_exitproc
                0x000000000401a80c      0x118 ../fpgaMaster_bsp//newlib/nios2-elf/lib/libc.a(lib_a-__atexit.o)
                0x000000000401a80c                __register_exitproc
 .text          0x000000000401a924        0x0 ../fpgaMaster_bsp//newlib/nios2-elf/lib/libc.a(lib_a-__call_atexit.o)
 .text.__call_exitprocs
                0x000000000401a924      0x18c ../fpgaMaster_bsp//newlib/nios2-elf/lib/libc.a(lib_a-__call_atexit.o)
                0x000000000401a924                __call_exitprocs
 *(.gnu.warning.*)
 *(.fini)
                [!provide]                        PROVIDE (__etext = ABSOLUTE (.))
                [!provide]                        PROVIDE (_etext = ABSOLUTE (.))
                [!provide]                        PROVIDE (etext = ABSOLUTE (.))
 *(.eh_frame_hdr)
                0x000000000401aab0                . = ALIGN (0x4)
                [!provide]                        PROVIDE (__preinit_array_start = ABSOLUTE (.))
 *(.preinit_array)
                [!provide]                        PROVIDE (__preinit_array_end = ABSOLUTE (.))
                [!provide]                        PROVIDE (__init_array_start = ABSOLUTE (.))
 *(.init_array)
                [!provide]                        PROVIDE (__init_array_end = ABSOLUTE (.))
                [!provide]                        PROVIDE (__fini_array_start = ABSOLUTE (.))
 *(.fini_array)
                [!provide]                        PROVIDE (__fini_array_end = ABSOLUTE (.))
 *(.eh_frame)
 *(.gcc_except_table .gcc_except_table.*)
 *(.dynamic)
                0x000000000401aab0                PROVIDE (__CTOR_LIST__ = ABSOLUTE (.))
 *(.ctors)
 *(SORT_BY_NAME(.ctors.*))
                0x000000000401aab0                PROVIDE (__CTOR_END__ = ABSOLUTE (.))
                0x000000000401aab0                PROVIDE (__DTOR_LIST__ = ABSOLUTE (.))
 *(.dtors)
 *(SORT_BY_NAME(.dtors.*))
                0x000000000401aab0                PROVIDE (__DTOR_END__ = ABSOLUTE (.))
 *(.jcr)
                0x000000000401aab0                . = ALIGN (0x4)

.rodata         0x000000000401aab0      0x77c
                0x000000000401aab0                PROVIDE (__ram_rodata_start = ABSOLUTE (.))
                0x000000000401aab0                . = ALIGN (0x4)
 *(.rodata .rodata.* .gnu.linkonce.r.*)
 .rodata        0x000000000401aab0        0x5 obj/default/FreeRTOS/tasks.o
 *fill*         0x000000000401aab5        0x3 
 .rodata        0x000000000401aab8       0x43 obj/default/float2_functionality.o
 *fill*         0x000000000401aafb        0x1 
 .rodata        0x000000000401aafc        0x2 ../fpgaMaster_bsp//newlib/nios2-elf/lib/libc.a(lib_a-puts.o)
 *fill*         0x000000000401aafe        0x2 
 .rodata        0x000000000401ab00       0x5e ../fpgaMaster_bsp//newlib/nios2-elf/lib/libc.a(lib_a-vfprintf.o)
 *fill*         0x000000000401ab5e        0x2 
 .rodata.blanks.5176
                0x000000000401ab60       0x10 ../fpgaMaster_bsp//newlib/nios2-elf/lib/libc.a(lib_a-vfprintf.o)
 .rodata.zeroes.5177
                0x000000000401ab70       0x10 ../fpgaMaster_bsp//newlib/nios2-elf/lib/libc.a(lib_a-vfprintf.o)
 .rodata        0x000000000401ab80       0x83 ../fpgaMaster_bsp//newlib/nios2-elf/lib/libc.a(lib_a-dtoa.o)
 *fill*         0x000000000401ac03        0x1 
 .rodata        0x000000000401ac04       0x70 ../fpgaMaster_bsp//newlib/nios2-elf/lib/libc.a(lib_a-mprec.o)
 .rodata.__mprec_tens
                0x000000000401ac74       0xc8 ../fpgaMaster_bsp//newlib/nios2-elf/lib/libc.a(lib_a-mprec.o)
                0x000000000401ac74                __mprec_tens
 .rodata.__mprec_bigtens
                0x000000000401ad3c       0x28 ../fpgaMaster_bsp//newlib/nios2-elf/lib/libc.a(lib_a-mprec.o)
                0x000000000401ad3c                __mprec_bigtens
 .rodata.__mprec_tinytens
                0x000000000401ad64       0x28 ../fpgaMaster_bsp//newlib/nios2-elf/lib/libc.a(lib_a-mprec.o)
                0x000000000401ad64                __mprec_tinytens
 .rodata.p05.3991
                0x000000000401ad8c        0xc ../fpgaMaster_bsp//newlib/nios2-elf/lib/libc.a(lib_a-mprec.o)
 .rodata        0x000000000401ad98       0x4a ../fpgaMaster_bsp//newlib/nios2-elf/lib/libc.a(lib_a-vfiprintf.o)
 *fill*         0x000000000401ade2        0x2 
 .rodata.blanks.5153
                0x000000000401ade4       0x10 ../fpgaMaster_bsp//newlib/nios2-elf/lib/libc.a(lib_a-vfiprintf.o)
 .rodata.zeroes.5154
                0x000000000401adf4       0x10 ../fpgaMaster_bsp//newlib/nios2-elf/lib/libc.a(lib_a-vfiprintf.o)
 .rodata        0x000000000401ae04       0x43 ../fpgaMaster_bsp//newlib/nios2-elf/lib/libc.a(lib_a-assert.o)
 *fill*         0x000000000401ae47        0x1 
 .rodata        0x000000000401ae48       0x12 ../fpgaMaster_bsp//newlib/nios2-elf/lib/libc.a(lib_a-locale.o)
 *fill*         0x000000000401ae5a        0x2 
 .rodata._ctype_b
                0x000000000401ae5c      0x180 ../fpgaMaster_bsp//newlib/nios2-elf/lib/libc.a(lib_a-ctype_.o)
                0x000000000401ae5c                _ctype_b
 .rodata._ctype_
                0x000000000401afdc      0x101 ../fpgaMaster_bsp//newlib/nios2-elf/lib/libc.a(lib_a-ctype_.o)
                0x000000000401afdc                _ctype_
 *fill*         0x000000000401b0dd        0x3 
 .rodata        0x000000000401b0e0      0x100 /home/omar/intelFPGA_lite/20.1/nios2eds/bin/gnu/H-x86_64-pc-linux-gnu/bin/../lib/gcc/nios2-elf/9.2.1/mno-hw-mul/libgcc.a(_clz.o)
                0x000000000401b0e0                __clz_tab
 .rodata        0x000000000401b1e0        0xa ../fpgaMaster_bsp//libhal_bsp.a(alt_dev.o)
 *fill*         0x000000000401b1ea        0x2 
 .rodata        0x000000000401b1ec       0x11 ../fpgaMaster_bsp//libhal_bsp.a(alt_main.o)
 *fill*         0x000000000401b1fd        0x3 
 .rodata        0x000000000401b200       0x2b ../fpgaMaster_bsp//libhal_bsp.a(alt_sys_init.o)
 *(.rodata1)
                0x000000000401b22c                . = ALIGN (0x4)
 *fill*         0x000000000401b22b        0x1 
                0x000000000401b22c                PROVIDE (__ram_rodata_end = ABSOLUTE (.))
                0x000000000401aab0                PROVIDE (__flash_rodata_start = LOADADDR (.rodata))

.rwdata         0x000000000401b22c     0x1c08 load address 0x000000000401ce34
                0x000000000401b22c                PROVIDE (__ram_rwdata_start = ABSOLUTE (.))
                0x000000000401b22c                . = ALIGN (0x4)
 *(.got.plt)
 *(.got)
 *(.data1)
 *(.data .data.* .gnu.linkonce.d.*)
 .data          0x000000000401b22c        0x0 ../fpgaMaster_bsp//obj/HAL/src/crt0.o
 .data          0x000000000401b22c        0x0 obj/default/FreeRTOS/croutine.o
 .data          0x000000000401b22c        0x0 obj/default/FreeRTOS/event_groups.o
 .data          0x000000000401b22c        0x0 obj/default/FreeRTOS/list.o
 .data          0x000000000401b22c        0x0 obj/default/FreeRTOS/portable/GCC/NiosII/port.o
 .data          0x000000000401b22c        0x0 obj/default/FreeRTOS/portable/MemMang/heap_1.o
 .data          0x000000000401b22c        0x0 obj/default/FreeRTOS/queue.o
 .data          0x000000000401b22c        0x0 obj/default/FreeRTOS/stream_buffer.o
 .data          0x000000000401b22c        0x0 obj/default/FreeRTOS/tasks.o
 .data          0x000000000401b22c        0x0 obj/default/FreeRTOS/timers.o
 .data          0x000000000401b22c        0x0 obj/default/float2_functionality.o
 .data          0x000000000401b22c        0x0 obj/default/FreeRTOS/portable/GCC/NiosII/port_asm.o
 .data          0x000000000401b22c        0x0 /home/omar/intelFPGA_lite/20.1/nios2eds/bin/gnu/H-x86_64-pc-linux-gnu/bin/../lib/gcc/nios2-elf/9.2.1/mno-hw-mul/libgcc.a(lib2-mul.o)
 .data          0x000000000401b22c        0x0 ../fpgaMaster_bsp//newlib/nios2-elf/lib/libc.a(lib_a-memcpy.o)
 .data          0x000000000401b22c        0x0 ../fpgaMaster_bsp//newlib/nios2-elf/lib/libc.a(lib_a-memset.o)
 .data          0x000000000401b22c        0x0 ../fpgaMaster_bsp//newlib/nios2-elf/lib/libc.a(lib_a-printf.o)
 .data          0x000000000401b22c        0x0 ../fpgaMaster_bsp//newlib/nios2-elf/lib/libc.a(lib_a-puts.o)
 .data          0x000000000401b22c        0x0 ../fpgaMaster_bsp//newlib/nios2-elf/lib/libc.a(lib_a-strlen.o)
 .data          0x000000000401b22c        0x0 ../fpgaMaster_bsp//newlib/nios2-elf/lib/libc.a(lib_a-vfprintf.o)
 .data          0x000000000401b22c        0x0 ../fpgaMaster_bsp//newlib/nios2-elf/lib/libc.a(lib_a-wsetup.o)
 .data          0x000000000401b22c        0x0 ../fpgaMaster_bsp//newlib/nios2-elf/lib/libc.a(lib_a-dtoa.o)
 .data          0x000000000401b22c        0x0 ../fpgaMaster_bsp//newlib/nios2-elf/lib/libc.a(lib_a-fflush.o)
 .data          0x000000000401b22c        0x0 ../fpgaMaster_bsp//newlib/nios2-elf/lib/libc.a(lib_a-findfp.o)
 .data          0x000000000401b22c        0x0 ../fpgaMaster_bsp//newlib/nios2-elf/lib/libc.a(lib_a-freer.o)
 .data          0x000000000401b22c        0x0 ../fpgaMaster_bsp//newlib/nios2-elf/lib/libc.a(lib_a-fvwrite.o)
 .data          0x000000000401b22c        0x0 ../fpgaMaster_bsp//newlib/nios2-elf/lib/libc.a(lib_a-fwalk.o)
 .data          0x000000000401b22c        0x0 ../fpgaMaster_bsp//newlib/nios2-elf/lib/libc.a(lib_a-impure.o)
 .data.impure_data
                0x000000000401b22c      0x424 ../fpgaMaster_bsp//newlib/nios2-elf/lib/libc.a(lib_a-impure.o)
 .data          0x000000000401b650        0x0 ../fpgaMaster_bsp//newlib/nios2-elf/lib/libc.a(lib_a-localeconv.o)
 .data          0x000000000401b650        0x0 ../fpgaMaster_bsp//newlib/nios2-elf/lib/libc.a(lib_a-makebuf.o)
 .data          0x000000000401b650        0x0 ../fpgaMaster_bsp//newlib/nios2-elf/lib/libc.a(lib_a-mallocr.o)
 .data.__malloc_av_
                0x000000000401b650      0x408 ../fpgaMaster_bsp//newlib/nios2-elf/lib/libc.a(lib_a-mallocr.o)
                0x000000000401b650                __malloc_av_
 .data          0x000000000401ba58        0x0 ../fpgaMaster_bsp//newlib/nios2-elf/lib/libc.a(lib_a-memchr.o)
 .data          0x000000000401ba58        0x0 ../fpgaMaster_bsp//newlib/nios2-elf/lib/libc.a(lib_a-memmove.o)
 .data          0x000000000401ba58        0x0 ../fpgaMaster_bsp//newlib/nios2-elf/lib/libc.a(lib_a-mprec.o)
 .data          0x000000000401ba58        0x0 ../fpgaMaster_bsp//newlib/nios2-elf/lib/libc.a(lib_a-reallocr.o)
 .data          0x000000000401ba58        0x0 ../fpgaMaster_bsp//newlib/nios2-elf/lib/libc.a(lib_a-sbrkr.o)
 .data          0x000000000401ba58        0x0 ../fpgaMaster_bsp//newlib/nios2-elf/lib/libc.a(lib_a-stdio.o)
 .data          0x000000000401ba58        0x0 ../fpgaMaster_bsp//newlib/nios2-elf/lib/libc.a(lib_a-vfiprintf.o)
 .data          0x000000000401ba58        0x0 ../fpgaMaster_bsp//newlib/nios2-elf/lib/libc.a(lib_a-writer.o)
 .data          0x000000000401ba58        0x0 ../fpgaMaster_bsp//newlib/nios2-elf/lib/libc.a(closer.o)
 .data          0x000000000401ba58        0x0 ../fpgaMaster_bsp//newlib/nios2-elf/lib/libc.a(lib_a-assert.o)
 .data          0x000000000401ba58        0x0 ../fpgaMaster_bsp//newlib/nios2-elf/lib/libc.a(lib_a-callocr.o)
 .data          0x000000000401ba58        0x0 ../fpgaMaster_bsp//newlib/nios2-elf/lib/libc.a(lib_a-fclose.o)
 .data          0x000000000401ba58        0x0 ../fpgaMaster_bsp//newlib/nios2-elf/lib/libc.a(lib_a-fiprintf.o)
 .data          0x000000000401ba58        0x0 ../fpgaMaster_bsp//newlib/nios2-elf/lib/libc.a(lib_a-fputwc.o)
 .data          0x000000000401ba58        0x0 ../fpgaMaster_bsp//newlib/nios2-elf/lib/libc.a(lib_a-fstatr.o)
 .data          0x000000000401ba58        0x0 ../fpgaMaster_bsp//newlib/nios2-elf/lib/libc.a(lib_a-int_errno.o)
 .data          0x000000000401ba58        0x0 ../fpgaMaster_bsp//newlib/nios2-elf/lib/libc.a(lib_a-isattyr.o)
 .data          0x000000000401ba58        0x0 ../fpgaMaster_bsp//newlib/nios2-elf/lib/libc.a(lib_a-locale.o)
 .data.__global_locale
                0x000000000401ba58      0x16c ../fpgaMaster_bsp//newlib/nios2-elf/lib/libc.a(lib_a-locale.o)
                0x000000000401ba58                __global_locale
 .data          0x000000000401bbc4        0x0 ../fpgaMaster_bsp//newlib/nios2-elf/lib/libc.a(lib_a-lseekr.o)
 .data          0x000000000401bbc4        0x0 ../fpgaMaster_bsp//newlib/nios2-elf/lib/libc.a(lib_a-mbtowc_r.o)
 .data          0x000000000401bbc4        0x0 ../fpgaMaster_bsp//newlib/nios2-elf/lib/libc.a(lib_a-readr.o)
 .data          0x000000000401bbc4        0x0 ../fpgaMaster_bsp//newlib/nios2-elf/lib/libc.a(lib_a-strcmp.o)
 .data          0x000000000401bbc4        0x0 ../fpgaMaster_bsp//newlib/nios2-elf/lib/libc.a(lib_a-vfiprintfr_1.o)
 .data          0x000000000401bbc4        0x0 ../fpgaMaster_bsp//newlib/nios2-elf/lib/libc.a(lib_a-wbuf.o)
 .data          0x000000000401bbc4        0x0 ../fpgaMaster_bsp//newlib/nios2-elf/lib/libc.a(lib_a-wcrtomb.o)
 .data          0x000000000401bbc4        0x0 ../fpgaMaster_bsp//newlib/nios2-elf/lib/libc.a(lib_a-wctomb_r.o)
 .data          0x000000000401bbc4        0x0 ../fpgaMaster_bsp//newlib/nios2-elf/lib/libc.a(lib_a-abort.o)
 .data          0x000000000401bbc4        0x0 ../fpgaMaster_bsp//newlib/nios2-elf/lib/libc.a(lib_a-ctype_.o)
 .data          0x000000000401bbc4        0x0 ../fpgaMaster_bsp//newlib/nios2-elf/lib/libc.a(lib_a-signal.o)
 .data          0x000000000401bbc4        0x0 ../fpgaMaster_bsp//newlib/nios2-elf/lib/libc.a(lib_a-signalr.o)
 .data          0x000000000401bbc4        0x0 /home/omar/intelFPGA_lite/20.1/nios2eds/bin/gnu/H-x86_64-pc-linux-gnu/bin/../lib/gcc/nios2-elf/9.2.1/mno-hw-mul/libgcc.a(_udivdi3.o)
 .data          0x000000000401bbc4        0x0 /home/omar/intelFPGA_lite/20.1/nios2eds/bin/gnu/H-x86_64-pc-linux-gnu/bin/../lib/gcc/nios2-elf/9.2.1/mno-hw-mul/libgcc.a(_umoddi3.o)
 .data          0x000000000401bbc4        0x0 /home/omar/intelFPGA_lite/20.1/nios2eds/bin/gnu/H-x86_64-pc-linux-gnu/bin/../lib/gcc/nios2-elf/9.2.1/mno-hw-mul/libgcc.a(lib2-divmod.o)
 .data          0x000000000401bbc4        0x0 /home/omar/intelFPGA_lite/20.1/nios2eds/bin/gnu/H-x86_64-pc-linux-gnu/bin/../lib/gcc/nios2-elf/9.2.1/mno-hw-mul/libgcc.a(adddf3.o)
 .data          0x000000000401bbc4        0x0 /home/omar/intelFPGA_lite/20.1/nios2eds/bin/gnu/H-x86_64-pc-linux-gnu/bin/../lib/gcc/nios2-elf/9.2.1/mno-hw-mul/libgcc.a(divdf3.o)
 .data          0x000000000401bbc4        0x0 /home/omar/intelFPGA_lite/20.1/nios2eds/bin/gnu/H-x86_64-pc-linux-gnu/bin/../lib/gcc/nios2-elf/9.2.1/mno-hw-mul/libgcc.a(eqdf2.o)
 .data          0x000000000401bbc4        0x0 /home/omar/intelFPGA_lite/20.1/nios2eds/bin/gnu/H-x86_64-pc-linux-gnu/bin/../lib/gcc/nios2-elf/9.2.1/mno-hw-mul/libgcc.a(gedf2.o)
 .data          0x000000000401bbc4        0x0 /home/omar/intelFPGA_lite/20.1/nios2eds/bin/gnu/H-x86_64-pc-linux-gnu/bin/../lib/gcc/nios2-elf/9.2.1/mno-hw-mul/libgcc.a(ledf2.o)
 .data          0x000000000401bbc4        0x0 /home/omar/intelFPGA_lite/20.1/nios2eds/bin/gnu/H-x86_64-pc-linux-gnu/bin/../lib/gcc/nios2-elf/9.2.1/mno-hw-mul/libgcc.a(muldf3.o)
 .data          0x000000000401bbc4        0x0 /home/omar/intelFPGA_lite/20.1/nios2eds/bin/gnu/H-x86_64-pc-linux-gnu/bin/../lib/gcc/nios2-elf/9.2.1/mno-hw-mul/libgcc.a(subdf3.o)
 .data          0x000000000401bbc4        0x0 /home/omar/intelFPGA_lite/20.1/nios2eds/bin/gnu/H-x86_64-pc-linux-gnu/bin/../lib/gcc/nios2-elf/9.2.1/mno-hw-mul/libgcc.a(unorddf2.o)
 .data          0x000000000401bbc4        0x0 /home/omar/intelFPGA_lite/20.1/nios2eds/bin/gnu/H-x86_64-pc-linux-gnu/bin/../lib/gcc/nios2-elf/9.2.1/mno-hw-mul/libgcc.a(fixdfsi.o)
 .data          0x000000000401bbc4        0x0 /home/omar/intelFPGA_lite/20.1/nios2eds/bin/gnu/H-x86_64-pc-linux-gnu/bin/../lib/gcc/nios2-elf/9.2.1/mno-hw-mul/libgcc.a(floatsidf.o)
 .data          0x000000000401bbc4        0x0 /home/omar/intelFPGA_lite/20.1/nios2eds/bin/gnu/H-x86_64-pc-linux-gnu/bin/../lib/gcc/nios2-elf/9.2.1/mno-hw-mul/libgcc.a(floatunsidf.o)
 .data          0x000000000401bbc4        0x0 /home/omar/intelFPGA_lite/20.1/nios2eds/bin/gnu/H-x86_64-pc-linux-gnu/bin/../lib/gcc/nios2-elf/9.2.1/mno-hw-mul/libgcc.a(_clz.o)
 .data          0x000000000401bbc4        0x0 /home/omar/intelFPGA_lite/20.1/nios2eds/bin/gnu/H-x86_64-pc-linux-gnu/bin/../lib/gcc/nios2-elf/9.2.1/mno-hw-mul/libgcc.a(_clzsi2.o)
 .data          0x000000000401bbc4        0x0 ../fpgaMaster_bsp//libhal_bsp.a(alt_close.o)
 .data          0x000000000401bbc4      0x1a8 ../fpgaMaster_bsp//libhal_bsp.a(alt_dev.o)
                0x000000000401bbc4                alt_dev_null
                0x000000000401bbec                alt_fd_list
 .data          0x000000000401bd6c        0x0 ../fpgaMaster_bsp//libhal_bsp.a(alt_errno.o)
 .data          0x000000000401bd6c        0x0 ../fpgaMaster_bsp//libhal_bsp.a(alt_exit.o)
 .data          0x000000000401bd6c        0x0 ../fpgaMaster_bsp//libhal_bsp.a(alt_fstat.o)
 .data          0x000000000401bd6c        0x0 ../fpgaMaster_bsp//libhal_bsp.a(alt_getpid.o)
 .data          0x000000000401bd6c        0x0 ../fpgaMaster_bsp//libhal_bsp.a(alt_iic.o)
 .data          0x000000000401bd6c        0x0 ../fpgaMaster_bsp//libhal_bsp.a(alt_iic_isr_register.o)
 .data          0x000000000401bd6c        0x0 ../fpgaMaster_bsp//libhal_bsp.a(alt_irq_entry.o)
 .data          0x000000000401bd6c        0x0 ../fpgaMaster_bsp//libhal_bsp.a(alt_irq_handler.o)
 .data          0x000000000401bd6c        0x0 ../fpgaMaster_bsp//libhal_bsp.a(alt_irq_vars.o)
 .data          0x000000000401bd6c        0x0 ../fpgaMaster_bsp//libhal_bsp.a(alt_isatty.o)
 .data          0x000000000401bd6c        0x0 ../fpgaMaster_bsp//libhal_bsp.a(alt_kill.o)
 .data          0x000000000401bd6c        0x0 ../fpgaMaster_bsp//libhal_bsp.a(alt_load.o)
 .data          0x000000000401bd6c        0x0 ../fpgaMaster_bsp//libhal_bsp.a(alt_lseek.o)
 .data          0x000000000401bd6c        0x0 ../fpgaMaster_bsp//libhal_bsp.a(alt_main.o)
 .data          0x000000000401bd6c        0x0 ../fpgaMaster_bsp//libhal_bsp.a(alt_malloc_lock.o)
 .data          0x000000000401bd6c        0x0 ../fpgaMaster_bsp//libhal_bsp.a(alt_read.o)
 .data          0x000000000401bd6c        0x0 ../fpgaMaster_bsp//libhal_bsp.a(alt_release_fd.o)
 .data          0x000000000401bd6c        0x0 ../fpgaMaster_bsp//libhal_bsp.a(alt_sbrk.o)
 .data          0x000000000401bd6c        0x0 ../fpgaMaster_bsp//libhal_bsp.a(alt_write.o)
 .data          0x000000000401bd6c     0x108c ../fpgaMaster_bsp//libhal_bsp.a(alt_sys_init.o)
 .data          0x000000000401cdf8        0x0 ../fpgaMaster_bsp//libhal_bsp.a(altera_avalon_jtag_uart_fd.o)
 .data          0x000000000401cdf8        0x0 ../fpgaMaster_bsp//libhal_bsp.a(altera_avalon_jtag_uart_init.o)
 .data          0x000000000401cdf8        0x0 ../fpgaMaster_bsp//libhal_bsp.a(altera_avalon_jtag_uart_ioctl.o)
 .data          0x000000000401cdf8        0x0 ../fpgaMaster_bsp//libhal_bsp.a(altera_avalon_jtag_uart_read.o)
 .data          0x000000000401cdf8        0x0 ../fpgaMaster_bsp//libhal_bsp.a(altera_avalon_jtag_uart_write.o)
 .data          0x000000000401cdf8        0x0 ../fpgaMaster_bsp//libhal_bsp.a(altera_avalon_timer_sc.o)
 .data          0x000000000401cdf8        0x0 ../fpgaMaster_bsp//libhal_bsp.a(altera_up_avalon_accelerometer_spi.o)
 .data          0x000000000401cdf8        0x0 ../fpgaMaster_bsp//libhal_bsp.a(alt_alarm_start.o)
 .data          0x000000000401cdf8        0x0 ../fpgaMaster_bsp//libhal_bsp.a(alt_dcache_flush_all.o)
 .data          0x000000000401cdf8        0x0 ../fpgaMaster_bsp//libhal_bsp.a(alt_dev_llist_insert.o)
 .data          0x000000000401cdf8        0x0 ../fpgaMaster_bsp//libhal_bsp.a(alt_do_ctors.o)
 .data          0x000000000401cdf8        0x0 ../fpgaMaster_bsp//libhal_bsp.a(alt_do_dtors.o)
 .data          0x000000000401cdf8        0x0 ../fpgaMaster_bsp//libhal_bsp.a(alt_exception_entry.o)
 .data          0x000000000401cdf8        0x0 ../fpgaMaster_bsp//libhal_bsp.a(alt_find_dev.o)
 .data          0x000000000401cdf8        0x0 ../fpgaMaster_bsp//libhal_bsp.a(alt_icache_flush_all.o)
 .data          0x000000000401cdf8        0x0 ../fpgaMaster_bsp//libhal_bsp.a(alt_instruction_exception_entry.o)
 .data          0x000000000401cdf8        0x0 ../fpgaMaster_bsp//libhal_bsp.a(alt_io_redirect.o)
 .data          0x000000000401cdf8        0x0 ../fpgaMaster_bsp//libhal_bsp.a(alt_open.o)
 .data          0x000000000401cdf8        0x0 ../fpgaMaster_bsp//libhal_bsp.a(alt_tick.o)
 .data          0x000000000401cdf8        0x0 ../fpgaMaster_bsp//libhal_bsp.a(altera_nios2_gen2_irq.o)
 .data          0x000000000401cdf8        0x0 ../fpgaMaster_bsp//libhal_bsp.a(alt_find_file.o)
 .data          0x000000000401cdf8        0x0 ../fpgaMaster_bsp//libhal_bsp.a(alt_get_fd.o)
 .data          0x000000000401cdf8        0x0 ../fpgaMaster_bsp//newlib/nios2-elf/lib/libc.a(lib_a-atexit.o)
 .data          0x000000000401cdf8        0x0 ../fpgaMaster_bsp//newlib/nios2-elf/lib/libc.a(lib_a-exit.o)
 .data          0x000000000401cdf8        0x0 ../fpgaMaster_bsp//newlib/nios2-elf/lib/libc.a(lib_a-memcmp.o)
 .data          0x000000000401cdf8        0x0 ../fpgaMaster_bsp//newlib/nios2-elf/lib/libc.a(lib_a-__atexit.o)
 .data          0x000000000401cdf8        0x0 ../fpgaMaster_bsp//newlib/nios2-elf/lib/libc.a(lib_a-__call_atexit.o)
                0x0000000004024df8                _gp = ABSOLUTE ((. + 0x8000))
                [!provide]                        PROVIDE (gp = _gp)
 *(.rwdata .rwdata.*)
 *(.sdata .sdata.* .gnu.linkonce.s.*)
 .sdata         0x000000000401cdf8        0x4 obj/default/FreeRTOS/tasks.o
                0x000000000401cdf8                uxTopUsedPriority
 .sdata._impure_ptr
                0x000000000401cdfc        0x4 ../fpgaMaster_bsp//newlib/nios2-elf/lib/libc.a(lib_a-impure.o)
                0x000000000401cdfc                _impure_ptr
 .sdata._global_impure_ptr
                0x000000000401ce00        0x4 ../fpgaMaster_bsp//newlib/nios2-elf/lib/libc.a(lib_a-impure.o)
                0x000000000401ce00                _global_impure_ptr
 .sdata.__malloc_trim_threshold
                0x000000000401ce04        0x4 ../fpgaMaster_bsp//newlib/nios2-elf/lib/libc.a(lib_a-mallocr.o)
                0x000000000401ce04                __malloc_trim_threshold
 .sdata.__malloc_sbrk_base
                0x000000000401ce08        0x4 ../fpgaMaster_bsp//newlib/nios2-elf/lib/libc.a(lib_a-mallocr.o)
                0x000000000401ce08                __malloc_sbrk_base
 .sdata         0x000000000401ce0c       0x14 ../fpgaMaster_bsp//libhal_bsp.a(alt_dev.o)
                0x000000000401ce0c                alt_fs_list
                0x000000000401ce14                alt_dev_list
                0x000000000401ce1c                alt_max_fd
 .sdata         0x000000000401ce20        0x4 ../fpgaMaster_bsp//libhal_bsp.a(alt_errno.o)
                0x000000000401ce20                alt_errno
 .sdata         0x000000000401ce24        0x4 ../fpgaMaster_bsp//libhal_bsp.a(alt_irq_vars.o)
                0x000000000401ce24                alt_priority_mask
 .sdata         0x000000000401ce28        0x4 ../fpgaMaster_bsp//libhal_bsp.a(alt_sbrk.o)
 .sdata         0x000000000401ce2c        0x8 ../fpgaMaster_bsp//libhal_bsp.a(alt_tick.o)
                0x000000000401ce2c                alt_alarm_list
 *(.sdata2 .sdata2.* .gnu.linkonce.s2.*)
                0x000000000401ce34                . = ALIGN (0x4)
                0x000000000401ce34                _edata = ABSOLUTE (.)
                [!provide]                        PROVIDE (edata = ABSOLUTE (.))
                0x000000000401ce34                PROVIDE (__ram_rwdata_end = ABSOLUTE (.))
                0x000000000401ce34                PROVIDE (__flash_rwdata_start = LOADADDR (.rwdata))

.bss            0x000000000401ea3c   0x800270
                0x000000000401ea3c                __bss_start = ABSOLUTE (.)
                [!provide]                        PROVIDE (__sbss_start = ABSOLUTE (.))
                [!provide]                        PROVIDE (___sbss_start = ABSOLUTE (.))
 *(.dynsbss)
 *(.sbss .sbss.* .gnu.linkonce.sb.*)
 .sbss          0x000000000401ea3c        0x8 obj/default/FreeRTOS/portable/MemMang/heap_1.o
 .sbss          0x000000000401ea44       0x3c obj/default/FreeRTOS/tasks.o
                0x000000000401ea44                pxCurrentTCB
 .sbss.__sfp_recursive_mutex
                0x000000000401ea80        0x4 ../fpgaMaster_bsp//newlib/nios2-elf/lib/libc.a(lib_a-findfp.o)
 .sbss.__sinit_recursive_mutex
                0x000000000401ea84        0x4 ../fpgaMaster_bsp//newlib/nios2-elf/lib/libc.a(lib_a-findfp.o)
 .sbss.__malloc_top_pad
                0x000000000401ea88        0x4 ../fpgaMaster_bsp//newlib/nios2-elf/lib/libc.a(lib_a-mallocr.o)
                0x000000000401ea88                __malloc_top_pad
 .sbss.__malloc_max_sbrked_mem
                0x000000000401ea8c        0x4 ../fpgaMaster_bsp//newlib/nios2-elf/lib/libc.a(lib_a-mallocr.o)
                0x000000000401ea8c                __malloc_max_sbrked_mem
 .sbss.__malloc_max_total_mem
                0x000000000401ea90        0x4 ../fpgaMaster_bsp//newlib/nios2-elf/lib/libc.a(lib_a-mallocr.o)
                0x000000000401ea90                __malloc_max_total_mem
 .sbss          0x000000000401ea94        0x4 ../fpgaMaster_bsp//newlib/nios2-elf/lib/libc.a(lib_a-int_errno.o)
                0x000000000401ea94                errno
 .sbss._PathLocale
                0x000000000401ea98        0x4 ../fpgaMaster_bsp//newlib/nios2-elf/lib/libc.a(lib_a-locale.o)
                0x000000000401ea98                _PathLocale
 .sbss          0x000000000401ea9c        0x4 ../fpgaMaster_bsp//libhal_bsp.a(alt_irq_vars.o)
                0x000000000401ea9c                alt_irq_active
 .sbss          0x000000000401eaa0        0xc ../fpgaMaster_bsp//libhal_bsp.a(alt_main.o)
                0x000000000401eaa0                alt_argc
                0x000000000401eaa4                alt_argv
                0x000000000401eaa8                alt_envp
 .sbss          0x000000000401eaac        0x4 ../fpgaMaster_bsp//libhal_bsp.a(alt_instruction_exception_entry.o)
                0x000000000401eaac                alt_instruction_exception_handler
 .sbss          0x000000000401eab0        0x8 ../fpgaMaster_bsp//libhal_bsp.a(alt_tick.o)
                0x000000000401eab0                _alt_tick_rate
                0x000000000401eab4                _alt_nticks
 .sbss.__atexit_recursive_mutex
                0x000000000401eab8        0x4 ../fpgaMaster_bsp//newlib/nios2-elf/lib/libc.a(lib_a-__call_atexit.o)
 *(.sbss2 .sbss2.* .gnu.linkonce.sb2.*)
 *(.scommon)
                [!provide]                        PROVIDE (__sbss_end = ABSOLUTE (.))
                [!provide]                        PROVIDE (___sbss_end = ABSOLUTE (.))
 *(.dynbss)
 *(.bss .bss.* .gnu.linkonce.b.*)
 .bss           0x000000000401eabc        0x0 ../fpgaMaster_bsp//obj/HAL/src/crt0.o
 .bss           0x000000000401eabc        0x0 obj/default/FreeRTOS/croutine.o
 .bss           0x000000000401eabc        0x0 obj/default/FreeRTOS/event_groups.o
 .bss           0x000000000401eabc        0x0 obj/default/FreeRTOS/list.o
 .bss           0x000000000401eabc        0x0 obj/default/FreeRTOS/portable/GCC/NiosII/port.o
 .bss           0x000000000401eabc   0x800000 obj/default/FreeRTOS/portable/MemMang/heap_1.o
 .bss           0x000000000481eabc        0x0 obj/default/FreeRTOS/queue.o
 .bss           0x000000000481eabc        0x0 obj/default/FreeRTOS/stream_buffer.o
 .bss           0x000000000481eabc       0xc8 obj/default/FreeRTOS/tasks.o
 .bss           0x000000000481eb84        0x0 obj/default/FreeRTOS/timers.o
 .bss           0x000000000481eb84        0x0 obj/default/float2_functionality.o
 .bss           0x000000000481eb84        0x0 obj/default/FreeRTOS/portable/GCC/NiosII/port_asm.o
 .bss           0x000000000481eb84        0x0 /home/omar/intelFPGA_lite/20.1/nios2eds/bin/gnu/H-x86_64-pc-linux-gnu/bin/../lib/gcc/nios2-elf/9.2.1/mno-hw-mul/libgcc.a(lib2-mul.o)
 .bss           0x000000000481eb84        0x0 ../fpgaMaster_bsp//newlib/nios2-elf/lib/libc.a(lib_a-memcpy.o)
 .bss           0x000000000481eb84        0x0 ../fpgaMaster_bsp//newlib/nios2-elf/lib/libc.a(lib_a-memset.o)
 .bss           0x000000000481eb84        0x0 ../fpgaMaster_bsp//newlib/nios2-elf/lib/libc.a(lib_a-printf.o)
 .bss           0x000000000481eb84        0x0 ../fpgaMaster_bsp//newlib/nios2-elf/lib/libc.a(lib_a-puts.o)
 .bss           0x000000000481eb84        0x0 ../fpgaMaster_bsp//newlib/nios2-elf/lib/libc.a(lib_a-strlen.o)
 .bss           0x000000000481eb84        0x0 ../fpgaMaster_bsp//newlib/nios2-elf/lib/libc.a(lib_a-vfprintf.o)
 .bss           0x000000000481eb84        0x0 ../fpgaMaster_bsp//newlib/nios2-elf/lib/libc.a(lib_a-wsetup.o)
 .bss           0x000000000481eb84        0x0 ../fpgaMaster_bsp//newlib/nios2-elf/lib/libc.a(lib_a-dtoa.o)
 .bss           0x000000000481eb84        0x0 ../fpgaMaster_bsp//newlib/nios2-elf/lib/libc.a(lib_a-fflush.o)
 .bss           0x000000000481eb84        0x0 ../fpgaMaster_bsp//newlib/nios2-elf/lib/libc.a(lib_a-findfp.o)
 .bss           0x000000000481eb84        0x0 ../fpgaMaster_bsp//newlib/nios2-elf/lib/libc.a(lib_a-freer.o)
 .bss           0x000000000481eb84        0x0 ../fpgaMaster_bsp//newlib/nios2-elf/lib/libc.a(lib_a-fvwrite.o)
 .bss           0x000000000481eb84        0x0 ../fpgaMaster_bsp//newlib/nios2-elf/lib/libc.a(lib_a-fwalk.o)
 .bss           0x000000000481eb84        0x0 ../fpgaMaster_bsp//newlib/nios2-elf/lib/libc.a(lib_a-impure.o)
 .bss           0x000000000481eb84        0x0 ../fpgaMaster_bsp//newlib/nios2-elf/lib/libc.a(lib_a-localeconv.o)
 .bss           0x000000000481eb84        0x0 ../fpgaMaster_bsp//newlib/nios2-elf/lib/libc.a(lib_a-makebuf.o)
 .bss           0x000000000481eb84        0x0 ../fpgaMaster_bsp//newlib/nios2-elf/lib/libc.a(lib_a-mallocr.o)
 .bss.__malloc_current_mallinfo
                0x000000000481eb84       0x28 ../fpgaMaster_bsp//newlib/nios2-elf/lib/libc.a(lib_a-mallocr.o)
                0x000000000481eb84                __malloc_current_mallinfo
 .bss           0x000000000481ebac        0x0 ../fpgaMaster_bsp//newlib/nios2-elf/lib/libc.a(lib_a-memchr.o)
 .bss           0x000000000481ebac        0x0 ../fpgaMaster_bsp//newlib/nios2-elf/lib/libc.a(lib_a-memmove.o)
 .bss           0x000000000481ebac        0x0 ../fpgaMaster_bsp//newlib/nios2-elf/lib/libc.a(lib_a-mprec.o)
 .bss           0x000000000481ebac        0x0 ../fpgaMaster_bsp//newlib/nios2-elf/lib/libc.a(lib_a-reallocr.o)
 .bss           0x000000000481ebac        0x0 ../fpgaMaster_bsp//newlib/nios2-elf/lib/libc.a(lib_a-sbrkr.o)
 .bss           0x000000000481ebac        0x0 ../fpgaMaster_bsp//newlib/nios2-elf/lib/libc.a(lib_a-stdio.o)
 .bss           0x000000000481ebac        0x0 ../fpgaMaster_bsp//newlib/nios2-elf/lib/libc.a(lib_a-vfiprintf.o)
 .bss           0x000000000481ebac        0x0 ../fpgaMaster_bsp//newlib/nios2-elf/lib/libc.a(lib_a-writer.o)
 .bss           0x000000000481ebac        0x0 ../fpgaMaster_bsp//newlib/nios2-elf/lib/libc.a(closer.o)
 .bss           0x000000000481ebac        0x0 ../fpgaMaster_bsp//newlib/nios2-elf/lib/libc.a(lib_a-assert.o)
 .bss           0x000000000481ebac        0x0 ../fpgaMaster_bsp//newlib/nios2-elf/lib/libc.a(lib_a-callocr.o)
 .bss           0x000000000481ebac        0x0 ../fpgaMaster_bsp//newlib/nios2-elf/lib/libc.a(lib_a-fclose.o)
 .bss           0x000000000481ebac        0x0 ../fpgaMaster_bsp//newlib/nios2-elf/lib/libc.a(lib_a-fiprintf.o)
 .bss           0x000000000481ebac        0x0 ../fpgaMaster_bsp//newlib/nios2-elf/lib/libc.a(lib_a-fputwc.o)
 .bss           0x000000000481ebac        0x0 ../fpgaMaster_bsp//newlib/nios2-elf/lib/libc.a(lib_a-fstatr.o)
 .bss           0x000000000481ebac        0x0 ../fpgaMaster_bsp//newlib/nios2-elf/lib/libc.a(lib_a-int_errno.o)
 .bss           0x000000000481ebac        0x0 ../fpgaMaster_bsp//newlib/nios2-elf/lib/libc.a(lib_a-isattyr.o)
 .bss           0x000000000481ebac        0x0 ../fpgaMaster_bsp//newlib/nios2-elf/lib/libc.a(lib_a-locale.o)
 .bss           0x000000000481ebac        0x0 ../fpgaMaster_bsp//newlib/nios2-elf/lib/libc.a(lib_a-lseekr.o)
 .bss           0x000000000481ebac        0x0 ../fpgaMaster_bsp//newlib/nios2-elf/lib/libc.a(lib_a-mbtowc_r.o)
 .bss           0x000000000481ebac        0x0 ../fpgaMaster_bsp//newlib/nios2-elf/lib/libc.a(lib_a-readr.o)
 .bss           0x000000000481ebac        0x0 ../fpgaMaster_bsp//newlib/nios2-elf/lib/libc.a(lib_a-strcmp.o)
 .bss           0x000000000481ebac        0x0 ../fpgaMaster_bsp//newlib/nios2-elf/lib/libc.a(lib_a-vfiprintfr_1.o)
 .bss           0x000000000481ebac        0x0 ../fpgaMaster_bsp//newlib/nios2-elf/lib/libc.a(lib_a-wbuf.o)
 .bss           0x000000000481ebac        0x0 ../fpgaMaster_bsp//newlib/nios2-elf/lib/libc.a(lib_a-wcrtomb.o)
 .bss           0x000000000481ebac        0x0 ../fpgaMaster_bsp//newlib/nios2-elf/lib/libc.a(lib_a-wctomb_r.o)
 .bss           0x000000000481ebac        0x0 ../fpgaMaster_bsp//newlib/nios2-elf/lib/libc.a(lib_a-abort.o)
 .bss           0x000000000481ebac        0x0 ../fpgaMaster_bsp//newlib/nios2-elf/lib/libc.a(lib_a-ctype_.o)
 .bss           0x000000000481ebac        0x0 ../fpgaMaster_bsp//newlib/nios2-elf/lib/libc.a(lib_a-signal.o)
 .bss           0x000000000481ebac        0x0 ../fpgaMaster_bsp//newlib/nios2-elf/lib/libc.a(lib_a-signalr.o)
 .bss           0x000000000481ebac        0x0 /home/omar/intelFPGA_lite/20.1/nios2eds/bin/gnu/H-x86_64-pc-linux-gnu/bin/../lib/gcc/nios2-elf/9.2.1/mno-hw-mul/libgcc.a(_udivdi3.o)
 .bss           0x000000000481ebac        0x0 /home/omar/intelFPGA_lite/20.1/nios2eds/bin/gnu/H-x86_64-pc-linux-gnu/bin/../lib/gcc/nios2-elf/9.2.1/mno-hw-mul/libgcc.a(_umoddi3.o)
 .bss           0x000000000481ebac        0x0 /home/omar/intelFPGA_lite/20.1/nios2eds/bin/gnu/H-x86_64-pc-linux-gnu/bin/../lib/gcc/nios2-elf/9.2.1/mno-hw-mul/libgcc.a(lib2-divmod.o)
 .bss           0x000000000481ebac        0x0 /home/omar/intelFPGA_lite/20.1/nios2eds/bin/gnu/H-x86_64-pc-linux-gnu/bin/../lib/gcc/nios2-elf/9.2.1/mno-hw-mul/libgcc.a(adddf3.o)
 .bss           0x000000000481ebac        0x0 /home/omar/intelFPGA_lite/20.1/nios2eds/bin/gnu/H-x86_64-pc-linux-gnu/bin/../lib/gcc/nios2-elf/9.2.1/mno-hw-mul/libgcc.a(divdf3.o)
 .bss           0x000000000481ebac        0x0 /home/omar/intelFPGA_lite/20.1/nios2eds/bin/gnu/H-x86_64-pc-linux-gnu/bin/../lib/gcc/nios2-elf/9.2.1/mno-hw-mul/libgcc.a(eqdf2.o)
 .bss           0x000000000481ebac        0x0 /home/omar/intelFPGA_lite/20.1/nios2eds/bin/gnu/H-x86_64-pc-linux-gnu/bin/../lib/gcc/nios2-elf/9.2.1/mno-hw-mul/libgcc.a(gedf2.o)
 .bss           0x000000000481ebac        0x0 /home/omar/intelFPGA_lite/20.1/nios2eds/bin/gnu/H-x86_64-pc-linux-gnu/bin/../lib/gcc/nios2-elf/9.2.1/mno-hw-mul/libgcc.a(ledf2.o)
 .bss           0x000000000481ebac        0x0 /home/omar/intelFPGA_lite/20.1/nios2eds/bin/gnu/H-x86_64-pc-linux-gnu/bin/../lib/gcc/nios2-elf/9.2.1/mno-hw-mul/libgcc.a(muldf3.o)
 .bss           0x000000000481ebac        0x0 /home/omar/intelFPGA_lite/20.1/nios2eds/bin/gnu/H-x86_64-pc-linux-gnu/bin/../lib/gcc/nios2-elf/9.2.1/mno-hw-mul/libgcc.a(subdf3.o)
 .bss           0x000000000481ebac        0x0 /home/omar/intelFPGA_lite/20.1/nios2eds/bin/gnu/H-x86_64-pc-linux-gnu/bin/../lib/gcc/nios2-elf/9.2.1/mno-hw-mul/libgcc.a(unorddf2.o)
 .bss           0x000000000481ebac        0x0 /home/omar/intelFPGA_lite/20.1/nios2eds/bin/gnu/H-x86_64-pc-linux-gnu/bin/../lib/gcc/nios2-elf/9.2.1/mno-hw-mul/libgcc.a(fixdfsi.o)
 .bss           0x000000000481ebac        0x0 /home/omar/intelFPGA_lite/20.1/nios2eds/bin/gnu/H-x86_64-pc-linux-gnu/bin/../lib/gcc/nios2-elf/9.2.1/mno-hw-mul/libgcc.a(floatsidf.o)
 .bss           0x000000000481ebac        0x0 /home/omar/intelFPGA_lite/20.1/nios2eds/bin/gnu/H-x86_64-pc-linux-gnu/bin/../lib/gcc/nios2-elf/9.2.1/mno-hw-mul/libgcc.a(floatunsidf.o)
 .bss           0x000000000481ebac        0x0 /home/omar/intelFPGA_lite/20.1/nios2eds/bin/gnu/H-x86_64-pc-linux-gnu/bin/../lib/gcc/nios2-elf/9.2.1/mno-hw-mul/libgcc.a(_clz.o)
 .bss           0x000000000481ebac        0x0 /home/omar/intelFPGA_lite/20.1/nios2eds/bin/gnu/H-x86_64-pc-linux-gnu/bin/../lib/gcc/nios2-elf/9.2.1/mno-hw-mul/libgcc.a(_clzsi2.o)
 .bss           0x000000000481ebac        0x0 ../fpgaMaster_bsp//libhal_bsp.a(alt_close.o)
 .bss           0x000000000481ebac        0x0 ../fpgaMaster_bsp//libhal_bsp.a(alt_dev.o)
 .bss           0x000000000481ebac        0x0 ../fpgaMaster_bsp//libhal_bsp.a(alt_errno.o)
 .bss           0x000000000481ebac        0x0 ../fpgaMaster_bsp//libhal_bsp.a(alt_exit.o)
 .bss           0x000000000481ebac        0x0 ../fpgaMaster_bsp//libhal_bsp.a(alt_fstat.o)
 .bss           0x000000000481ebac        0x0 ../fpgaMaster_bsp//libhal_bsp.a(alt_getpid.o)
 .bss           0x000000000481ebac        0x0 ../fpgaMaster_bsp//libhal_bsp.a(alt_iic.o)
 .bss           0x000000000481ebac        0x0 ../fpgaMaster_bsp//libhal_bsp.a(alt_iic_isr_register.o)
 .bss           0x000000000481ebac        0x0 ../fpgaMaster_bsp//libhal_bsp.a(alt_irq_entry.o)
 .bss           0x000000000481ebac        0x0 ../fpgaMaster_bsp//libhal_bsp.a(alt_irq_handler.o)
 .bss           0x000000000481ebac        0x0 ../fpgaMaster_bsp//libhal_bsp.a(alt_irq_vars.o)
 .bss           0x000000000481ebac        0x0 ../fpgaMaster_bsp//libhal_bsp.a(alt_isatty.o)
 .bss           0x000000000481ebac        0x0 ../fpgaMaster_bsp//libhal_bsp.a(alt_kill.o)
 .bss           0x000000000481ebac        0x0 ../fpgaMaster_bsp//libhal_bsp.a(alt_load.o)
 .bss           0x000000000481ebac        0x0 ../fpgaMaster_bsp//libhal_bsp.a(alt_lseek.o)
 .bss           0x000000000481ebac        0x0 ../fpgaMaster_bsp//libhal_bsp.a(alt_main.o)
 .bss           0x000000000481ebac        0x0 ../fpgaMaster_bsp//libhal_bsp.a(alt_malloc_lock.o)
 .bss           0x000000000481ebac        0x0 ../fpgaMaster_bsp//libhal_bsp.a(alt_read.o)
 .bss           0x000000000481ebac        0x0 ../fpgaMaster_bsp//libhal_bsp.a(alt_release_fd.o)
 .bss           0x000000000481ebac        0x0 ../fpgaMaster_bsp//libhal_bsp.a(alt_sbrk.o)
 .bss           0x000000000481ebac        0x0 ../fpgaMaster_bsp//libhal_bsp.a(alt_write.o)
 .bss           0x000000000481ebac        0x0 ../fpgaMaster_bsp//libhal_bsp.a(alt_sys_init.o)
 .bss           0x000000000481ebac        0x0 ../fpgaMaster_bsp//libhal_bsp.a(altera_avalon_jtag_uart_fd.o)