Archive member included to satisfy reference by file (symbol)

/home/omar/intelFPGA_lite/20.1/nios2eds/bin/gnu/H-x86_64-pc-linux-gnu/bin/../lib/gcc/nios2-elf/9.2.1/mno-hw-mul/libgcc.a(lib2-divmod.o)
                              obj/default/float2_functionality.o (__divsi3)
/home/omar/intelFPGA_lite/20.1/nios2eds/bin/gnu/H-x86_64-pc-linux-gnu/bin/../lib/gcc/nios2-elf/9.2.1/mno-hw-mul/libgcc.a(lib2-mul.o)
                              obj/default/FreeRTOS/queue.o (__mulsi3)
../masterEsp32_bsp//newlib/nios2-elf/lib/libc.a(lib_a-memcpy.o)
                              obj/default/FreeRTOS/queue.o (memcpy)
../masterEsp32_bsp//newlib/nios2-elf/lib/libc.a(lib_a-memset.o)
                              obj/default/FreeRTOS/stream_buffer.o (memset)
../masterEsp32_bsp//newlib/nios2-elf/lib/libc.a(lib_a-printf.o)
                              obj/default/float2_functionality.o (printf)
../masterEsp32_bsp//newlib/nios2-elf/lib/libc.a(lib_a-puts.o)
                              obj/default/float2_functionality.o (puts)
../masterEsp32_bsp//newlib/nios2-elf/lib/libc.a(lib_a-strlen.o)
                              ../masterEsp32_bsp//newlib/nios2-elf/lib/libc.a(lib_a-puts.o) (strlen)
../masterEsp32_bsp//newlib/nios2-elf/lib/libc.a(lib_a-vfprintf.o)
                              ../masterEsp32_bsp//newlib/nios2-elf/lib/libc.a(lib_a-printf.o) (___vfprintf_internal_r)
../masterEsp32_bsp//newlib/nios2-elf/lib/libc.a(lib_a-wsetup.o)
                              ../masterEsp32_bsp//newlib/nios2-elf/lib/libc.a(lib_a-vfprintf.o) (__swsetup_r)
../masterEsp32_bsp//newlib/nios2-elf/lib/libc.a(lib_a-dtoa.o)
                              ../masterEsp32_bsp//newlib/nios2-elf/lib/libc.a(lib_a-vfprintf.o) (_dtoa_r)
../masterEsp32_bsp//newlib/nios2-elf/lib/libc.a(lib_a-fflush.o)
                              ../masterEsp32_bsp//newlib/nios2-elf/lib/libc.a(lib_a-vfprintf.o) (_fflush_r)
../masterEsp32_bsp//newlib/nios2-elf/lib/libc.a(lib_a-findfp.o)
                              ../masterEsp32_bsp//newlib/nios2-elf/lib/libc.a(lib_a-puts.o) (__sinit)
../masterEsp32_bsp//newlib/nios2-elf/lib/libc.a(lib_a-freer.o)
                              ../masterEsp32_bsp//newlib/nios2-elf/lib/libc.a(lib_a-vfprintf.o) (_free_r)
../masterEsp32_bsp//newlib/nios2-elf/lib/libc.a(lib_a-fvwrite.o)
                              ../masterEsp32_bsp//newlib/nios2-elf/lib/libc.a(lib_a-puts.o) (__sfvwrite_r)
../masterEsp32_bsp//newlib/nios2-elf/lib/libc.a(lib_a-fwalk.o)
                              ../masterEsp32_bsp//newlib/nios2-elf/lib/libc.a(lib_a-findfp.o) (_fwalk)
../masterEsp32_bsp//newlib/nios2-elf/lib/libc.a(lib_a-impure.o)
                              ../masterEsp32_bsp//newlib/nios2-elf/lib/libc.a(lib_a-printf.o) (_impure_ptr)
../masterEsp32_bsp//newlib/nios2-elf/lib/libc.a(lib_a-localeconv.o)
                              ../masterEsp32_bsp//newlib/nios2-elf/lib/libc.a(lib_a-vfprintf.o) (_localeconv_r)
../masterEsp32_bsp//newlib/nios2-elf/lib/libc.a(lib_a-locale.o)
                              ../masterEsp32_bsp//newlib/nios2-elf/lib/libc.a(lib_a-localeconv.o) (__global_locale)
../masterEsp32_bsp//newlib/nios2-elf/lib/libc.a(lib_a-makebuf.o)
                              ../masterEsp32_bsp//newlib/nios2-elf/lib/libc.a(lib_a-wsetup.o) (__smakebuf_r)
../masterEsp32_bsp//newlib/nios2-elf/lib/libc.a(lib_a-mallocr.o)
                              ../masterEsp32_bsp//newlib/nios2-elf/lib/libc.a(lib_a-freer.o) (__malloc_av_)
../masterEsp32_bsp//newlib/nios2-elf/lib/libc.a(lib_a-mbtowc_r.o)
                              ../masterEsp32_bsp//newlib/nios2-elf/lib/libc.a(lib_a-locale.o) (__ascii_mbtowc)
../masterEsp32_bsp//newlib/nios2-elf/lib/libc.a(lib_a-memchr.o)
                              ../masterEsp32_bsp//newlib/nios2-elf/lib/libc.a(lib_a-vfprintf.o) (memchr)
../masterEsp32_bsp//newlib/nios2-elf/lib/libc.a(lib_a-memmove.o)
                              ../masterEsp32_bsp//newlib/nios2-elf/lib/libc.a(lib_a-fvwrite.o) (memmove)
../masterEsp32_bsp//newlib/nios2-elf/lib/libc.a(lib_a-mprec.o)
                              ../masterEsp32_bsp//newlib/nios2-elf/lib/libc.a(lib_a-dtoa.o) (_Balloc)
../masterEsp32_bsp//newlib/nios2-elf/lib/libc.a(lib_a-reallocr.o)
                              ../masterEsp32_bsp//newlib/nios2-elf/lib/libc.a(lib_a-fvwrite.o) (_realloc_r)
../masterEsp32_bsp//newlib/nios2-elf/lib/libc.a(lib_a-sbrkr.o)
                              ../masterEsp32_bsp//newlib/nios2-elf/lib/libc.a(lib_a-freer.o) (_sbrk_r)
../masterEsp32_bsp//newlib/nios2-elf/lib/libc.a(lib_a-stdio.o)
                              ../masterEsp32_bsp//newlib/nios2-elf/lib/libc.a(lib_a-findfp.o) (__sread)
../masterEsp32_bsp//newlib/nios2-elf/lib/libc.a(lib_a-strcmp.o)
                              ../masterEsp32_bsp//newlib/nios2-elf/lib/libc.a(lib_a-locale.o) (strcmp)
../masterEsp32_bsp//newlib/nios2-elf/lib/libc.a(lib_a-vfiprintf.o)
                              ../masterEsp32_bsp//newlib/nios2-elf/lib/libc.a(lib_a-vfprintf.o) (__sprint_r)
[...]
Memory Configuration

Name             Origin             Length             Attributes
reset            0x0000000004000000 0x0000000000000020
dram             0x0000000004000020 0x0000000003ffffe0
*default*        0x0000000000000000 0xffffffffffffffff

Linker script and memory map

LOAD ../masterEsp32_bsp//obj/HAL/src/crt0.o
LOAD obj/default/FreeRTOS/croutine.o
LOAD obj/default/FreeRTOS/event_groups.o
LOAD obj/default/FreeRTOS/list.o
LOAD obj/default/FreeRTOS/portable/GCC/NiosII/port.o
LOAD obj/default/FreeRTOS/portable/MemMang/heap_1.o
LOAD obj/default/FreeRTOS/queue.o
LOAD obj/default/FreeRTOS/stream_buffer.o
LOAD obj/default/FreeRTOS/tasks.o
LOAD obj/default/FreeRTOS/timers.o
LOAD obj/default/float2_functionality.o
LOAD obj/default/FreeRTOS/portable/GCC/NiosII/port_asm.o
LOAD /home/omar/intelFPGA_lite/20.1/nios2eds/bin/gnu/H-x86_64-pc-linux-gnu/bin/../lib/gcc/nios2-elf/9.2.1/../../../../../H-x86_64-pc-linux-gnu/nios2-elf/lib/mno-hw-mul/libstdc++.a
LOAD ../masterEsp32_bsp//newlib/nios2-elf/lib/libm.a
LOAD /home/omar/intelFPGA_lite/20.1/nios2eds/bin/gnu/H-x86_64-pc-linux-gnu/bin/../lib/gcc/nios2-elf/9.2.1/mno-hw-mul/libgcc.a
START GROUP
LOAD ../masterEsp32_bsp//newlib/nios2-elf/lib/libc.a
LOAD /home/omar/intelFPGA_lite/20.1/nios2eds/bin/gnu/H-x86_64-pc-linux-gnu/bin/../lib/gcc/nios2-elf/9.2.1/mno-hw-mul/libgcc.a
LOAD ../masterEsp32_bsp//libhal_bsp.a
LOAD ../masterEsp32_bsp//newlib/nios2-elf/lib/libm.a
END GROUP
LOAD /home/omar/intelFPGA_lite/20.1/nios2eds/bin/gnu/H-x86_64-pc-linux-gnu/bin/../lib/gcc/nios2-elf/9.2.1/mno-hw-mul/libgcc.a
                0x0000000004000000                __alt_mem_dram = 0x4000000

.entry          0x0000000004000000       0x20
 *(.entry)
 .entry         0x0000000004000000       0x20 ../masterEsp32_bsp//obj/HAL/src/crt0.o
                0x0000000004000000                __reset

.exceptions     0x0000000004000020      0x344
                0x0000000004000020                PROVIDE (__ram_exceptions_start = ABSOLUTE (.))
                0x0000000004000020                . = ALIGN (0x20)
 *(.irq)
 *(.exceptions.entry.label)
 .exceptions.entry.label
                0x0000000004000020        0x0 ../masterEsp32_bsp//libhal_bsp.a(alt_irq_entry.o)
                0x0000000004000020                alt_irq_entry
 .exceptions.entry.label
                0x0000000004000020        0x0 ../masterEsp32_bsp//libhal_bsp.a(alt_exception_entry.o)
                0x0000000004000020                alt_exception
 *(.exceptions.entry.user)
 .exceptions.entry.user
                0x0000000004000020       0x90 obj/default/FreeRTOS/portable/GCC/NiosII/port_asm.o
 *(.exceptions.entry.ecc_fatal)
 *(.exceptions.entry)
 .exceptions.entry
                0x00000000040000b0       0x54 ../masterEsp32_bsp//libhal_bsp.a(alt_exception_entry.o)
 *(.exceptions.irqtest.user)
 *(.exceptions.irqtest)
 .exceptions.irqtest
                0x0000000004000104        0x0 obj/default/FreeRTOS/portable/GCC/NiosII/port_asm.o
 .exceptions.irqtest
                0x0000000004000104       0x10 ../masterEsp32_bsp//libhal_bsp.a(alt_irq_entry.o)
 *(.exceptions.irqhandler.user)
 *(.exceptions.irqhandler)
 .exceptions.irqhandler
                0x0000000004000114        0x4 ../masterEsp32_bsp//libhal_bsp.a(alt_irq_entry.o)
 *(.exceptions.irqreturn.user)
 *(.exceptions.irqreturn)
 .exceptions.irqreturn
                0x0000000004000118        0x4 ../masterEsp32_bsp//libhal_bsp.a(alt_irq_entry.o)
 *(.exceptions.notirq.label)
 .exceptions.notirq.label
                0x000000000400011c        0x0 ../masterEsp32_bsp//libhal_bsp.a(alt_irq_entry.o)
 *(.exceptions.notirq.user)
 *(.exceptions.notirq)
 .exceptions.notirq
                0x000000000400011c        0x8 ../masterEsp32_bsp//libhal_bsp.a(alt_exception_entry.o)
 *(.exceptions.soft.user)
 *(.exceptions.soft)
 .exceptions.soft
                0x0000000004000124       0x24 obj/default/FreeRTOS/portable/GCC/NiosII/port_asm.o
 *(.exceptions.unknown.user)
 .exceptions.unknown.user
                0x0000000004000148        0x0 obj/default/FreeRTOS/portable/GCC/NiosII/port_asm.o
 *(.exceptions.unknown)
 .exceptions.unknown
                0x0000000004000148       0x14 ../masterEsp32_bsp//libhal_bsp.a(alt_exception_entry.o)
 *(.exceptions.exit.label)
 .exceptions.exit.label
                0x000000000400015c        0x0 ../masterEsp32_bsp//libhal_bsp.a(alt_irq_entry.o)
 .exceptions.exit.label
                0x000000000400015c        0x0 ../masterEsp32_bsp//libhal_bsp.a(alt_exception_entry.o)
 *(.exceptions.exit.user)
 .exceptions.exit.user
                0x000000000400015c       0x8c obj/default/FreeRTOS/portable/GCC/NiosII/port_asm.o
                0x000000000400015c                restore_sp_from_pxCurrentTCB
 *(.exceptions.exit)
 .exceptions.exit
                0x00000000040001e8       0x54 ../masterEsp32_bsp//libhal_bsp.a(alt_exception_entry.o)
 *(.exceptions)
 .exceptions    0x000000000400023c       0xc8 ../masterEsp32_bsp//libhal_bsp.a(alt_irq_handler.o)
                0x000000000400023c                alt_irq_handler
 .exceptions    0x0000000004000304       0x60 ../masterEsp32_bsp//libhal_bsp.a(alt_instruction_exception_entry.o)
                0x0000000004000304                alt_instruction_exception_entry
                0x0000000004000364                PROVIDE (__ram_exceptions_end = ABSOLUTE (.))
                0x0000000004000020                PROVIDE (__flash_exceptions_start = LOADADDR (.exceptions))

.text           0x0000000004000364    0x1a864
                [!provide]                        PROVIDE (stext = ABSOLUTE (.))
 *(.interp)
 *(.hash)
 *(.dynsym)
 *(.dynstr)
 *(.gnu.version)
 *(.gnu.version_d)
 *(.gnu.version_r)
 *(.rel.init)
 *(.rela.init)
 *(.rel.text .rel.text.* .rel.gnu.linkonce.t.*)
 *(.rela.text .rela.text.* .rela.gnu.linkonce.t.*)
 *(.rel.fini)
 *(.rela.fini)
 *(.rel.rodata .rel.rodata.* .rel.gnu.linkonce.r.*)
 *(.rela.rodata .rela.rodata.* .rela.gnu.linkonce.r.*)
 *(.rel.data .rel.data.* .rel.gnu.linkonce.d.*)
 *(.rela.data .rela.data.* .rela.gnu.linkonce.d.*)
 *(.rel.tdata .rel.tdata.* .rel.gnu.linkonce.td.*)
 *(.rela.tdata .rela.tdata.* .rela.gnu.linkonce.td.*)
 *(.rel.tbss .rel.tbss.* .rel.gnu.linkonce.tb.*)
 *(.rela.tbss .rela.tbss.* .rela.gnu.linkonce.tb.*)
 *(.rel.ctors)
 *(.rela.ctors)
 *(.rel.dtors)
 *(.rela.dtors)
 *(.rel.got)
 *(.rela.got)
 *(.rel.sdata .rel.sdata.* .rel.gnu.linkonce.s.*)
 *(.rela.sdata .rela.sdata.* .rela.gnu.linkonce.s.*)
 *(.rel.sbss .rel.sbss.* .rel.gnu.linkonce.sb.*)
 *(.rela.sbss .rela.sbss.* .rela.gnu.linkonce.sb.*)
 *(.rel.sdata2 .rel.sdata2.* .rel.gnu.linkonce.s2.*)
 *(.rela.sdata2 .rela.sdata2.* .rela.gnu.linkonce.s2.*)
 *(.rel.sbss2 .rel.sbss2.* .rel.gnu.linkonce.sb2.*)
 *(.rela.sbss2 .rela.sbss2.* .rela.gnu.linkonce.sb2.*)
 *(.rel.bss .rel.bss.* .rel.gnu.linkonce.b.*)
 *(.rela.bss .rela.bss.* .rela.gnu.linkonce.b.*)
 *(.rel.plt)
 *(.rela.plt)
 *(.rel.dyn)
 *(.init)
 *(.plt)
 *(.text .stub .text.* .gnu.linkonce.t.*)
 .text          0x0000000004000364       0x3c ../masterEsp32_bsp//obj/HAL/src/crt0.o
                0x0000000004000364                _start
 .text          0x00000000040003a0        0x0 obj/default/FreeRTOS/croutine.o
 .text          0x00000000040003a0      0x700 obj/default/FreeRTOS/event_groups.o
                0x00000000040003a0                xEventGroupCreate
                0x00000000040003f4                xEventGroupSync
                0x0000000004000578                xEventGroupWaitBits
                0x0000000004000720                xEventGroupClearBits
                0x0000000004000788                xEventGroupGetBitsFromISR
                0x00000000040007c4                xEventGroupSetBits
                0x0000000004000944                vEventGroupDelete
                0x00000000040009b8                vEventGroupSetBitsCallback
                0x00000000040009f4                vEventGroupClearBitsCallback
 .text          0x0000000004000aa0      0x290 obj/default/FreeRTOS/list.o
                0x0000000004000aa0                vListInitialise
                0x0000000004000b08                vListInitialiseItem
                0x0000000004000b34                vListInsertEnd
                0x0000000004000bc0                vListInsert
                0x0000000004000c98                uxListRemove
 .text          0x0000000004000d30      0x30c obj/default/FreeRTOS/portable/GCC/NiosII/port.o
                0x0000000004000d5c                pxPortInitialiseStack
                0x0000000004000e3c                xPortStartScheduler
                0x0000000004000e74                vPortEndScheduler
                0x0000000004000f24                vPortSysTickHandler
                0x0000000004000f68                _alt_ic_isr_register
 .text          0x000000000400103c      0x15c obj/default/FreeRTOS/portable/MemMang/heap_1.o
                0x000000000400103c                pvPortMalloc
                0x0000000004001124                vPortFree
                0x0000000004001148                vPortInitialiseBlocks
                0x000000000400116c                xPortGetFreeHeapSize
 .text          0x0000000004001198     0x16fc obj/default/FreeRTOS/queue.o
                0x0000000004001198                xQueueGenericReset
                0x00000000040013d8                xQueueGenericCreate
                0x0000000004001660                xQueueCreateMutex
                0x00000000040016bc                xQueueGiveMutexRecursive
                0x000000000400174c                xQueueTakeMutexRecursive
                0x00000000040017e8                xQueueCreateCountingSemaphore
                0x0000000004001858                xQueueGenericSend
                0x0000000004001a0c                xQueueGenericSendFromISR
                0x0000000004001b14                xQueueGiveFromISR
                0x0000000004001c04                xQueueReceive
                0x0000000004001dac                xQueueSemaphoreTake
                0x0000000004001fbc                xQueuePeek
                0x000000000400216c                xQueueReceiveFromISR
                0x0000000004002264                xQueuePeekFromISR
                0x00000000040022e0                uxQueueMessagesWaiting
                0x0000000004002320                uxQueueSpacesAvailable
                0x0000000004002374                uxQueueMessagesWaitingFromISR
                0x00000000040023ac                vQueueDelete
                0x00000000040027a4                xQueueIsQueueEmptyFromISR
                0x0000000004002844                xQueueIsQueueFullFromISR
 .text          0x0000000004002894      0xf20 obj/default/FreeRTOS/stream_buffer.o
                0x0000000004002894                xStreamBufferGenericCreate
                0x0000000004002968                vStreamBufferDelete
                0x00000000040029cc                xStreamBufferReset
                0x0000000004002a80                xStreamBufferSetTriggerLevel
                0x0000000004002aec                xStreamBufferSpacesAvailable
                0x0000000004002b90                xStreamBufferBytesAvailable
                0x0000000004002bd0                xStreamBufferSend
                0x0000000004002da0                xStreamBufferSendFromISR
                0x0000000004002f64                xStreamBufferReceive
                0x00000000040030c4                xStreamBufferNextMessageLengthBytes
                0x000000000400315c                xStreamBufferReceiveFromISR
                0x000000000400331c                xStreamBufferIsEmpty
                0x0000000004003374                xStreamBufferIsFull
                0x00000000040033f0                xStreamBufferSendCompletedFromISR
                0x0000000004003478                xStreamBufferReceiveCompletedFromISR
 .text          0x00000000040037b4     0x37cc obj/default/FreeRTOS/tasks.o
                0x00000000040037b4                xTaskCreate
                0x0000000004003c0c                vTaskDelete
                0x0000000004003d00                xTaskDelayUntil
                0x0000000004003df0                vTaskDelay
                0x0000000004003e4c                uxTaskPriorityGet
                0x0000000004003ea4                uxTaskPriorityGetFromISR
                0x0000000004003ef0                vTaskPrioritySet
                0x0000000004004158                vTaskSuspend
                0x00000000040042e8                vTaskResume
                0x0000000004004470                xTaskResumeFromISR
                0x0000000004004614                vTaskStartScheduler
                0x00000000040046a8                vTaskEndScheduler
                0x00000000040046f0                vTaskSuspendAll
                0x000000000400471c                xTaskResumeAll
                0x00000000040049f0                xTaskGetTickCount
                0x0000000004004a18                xTaskGetTickCountFromISR
                0x0000000004004a44                uxTaskGetNumberOfTasks
                0x0000000004004a64                pcTaskGetName
                0x0000000004004aa4                xTaskCatchUpTicks
                0x0000000004004af4                xTaskIncrementTick
                0x0000000004004e30                vTaskSwitchContext
                0x0000000004004f20                vTaskPlaceOnEventList
                0x0000000004004f70                vTaskPlaceOnUnorderedEventList
                0x000000000400502c                xTaskRemoveFromEventList
                0x00000000040052fc                vTaskRemoveFromUnorderedEventList
                0x000000000400554c                vTaskSetTimeOutState
                0x0000000004005598                vTaskInternalSetTimeOutState
                0x00000000040055d4                xTaskCheckForTimeOut
                0x00000000040056bc                vTaskMissedYield
                0x00000000040058a4                uxTaskGetStackHighWaterMark
                0x0000000004005990                xTaskGetCurrentTaskHandle
                0x00000000040059b8                xTaskPriorityInherit
                0x0000000004005bc0                xTaskPriorityDisinherit
                0x0000000004005d78                vTaskPriorityDisinheritAfterTimeout
                0x0000000004005f7c                vTaskEnterCritical
                0x0000000004005fd0                vTaskExitCritical
                0x0000000004006034                uxTaskResetEventItemValue
                0x0000000004006078                pvTaskIncrementMutexHeldCount
                0x00000000040060b0                ulTaskGenericNotifyTake
                0x00000000040061b4                xTaskGenericNotifyWait
                0x0000000004006318                xTaskGenericNotify
                0x0000000004006660                xTaskGenericNotifyFromISR
                0x0000000004006a38                vTaskGenericNotifyGiveFromISR
                0x0000000004006d04                xTaskGenericNotifyStateClear
                0x0000000004006d90                ulTaskGenericNotifyValueClear
 .text          0x0000000004006f80        0x0 obj/default/FreeRTOS/timers.o
 .text          0x0000000004006f80      0x470 obj/default/float2_functionality.o
                0x0000000004006f80                convertData
                0x0000000004007068                reversBits
                0x00000000040070dc                writeScore
                0x00000000040071f4                sendReading
                0x0000000004007230                getScore
                0x0000000004007278                task1
                0x0000000004007340                task2
                0x0000000004007374                main
 .text          0x00000000040073f0        0x0 obj/default/FreeRTOS/portable/GCC/NiosII/port_asm.o
 .text          0x00000000040073f0      0x1b4 /home/omar/intelFPGA_lite/20.1/nios2eds/bin/gnu/H-x86_64-pc-linux-gnu/bin/../lib/gcc/nios2-elf/9.2.1/mno-hw-mul/libgcc.a(lib2-divmod.o)
                0x00000000040073f0                __divsi3
                0x0000000004007470                __modsi3
                0x00000000040074e4                __udivsi3
                0x0000000004007548                __umodsi3
 .text          0x00000000040075a4       0x28 /home/omar/intelFPGA_lite/20.1/nios2eds/bin/gnu/H-x86_64-pc-linux-gnu/bin/../lib/gcc/nios2-elf/9.2.1/mno-hw-mul/libgcc.a(lib2-mul.o)
                0x00000000040075a4                __mulsi3
 .text          0x00000000040075cc        0x0 ../masterEsp32_bsp//newlib/nios2-elf/lib/libc.a(lib_a-memcpy.o)
 .text.memcpy   0x00000000040075cc      0x188 ../masterEsp32_bsp//newlib/nios2-elf/lib/libc.a(lib_a-memcpy.o)
                0x00000000040075cc                memcpy
 .text          0x0000000004007754        0x0 ../masterEsp32_bsp//newlib/nios2-elf/lib/libc.a(lib_a-memset.o)
 .text.memset   0x0000000004007754      0x1c4 ../masterEsp32_bsp//newlib/nios2-elf/lib/libc.a(lib_a-memset.o)
                0x0000000004007754                memset
 .text          0x0000000004007918        0x0 ../masterEsp32_bsp//newlib/nios2-elf/lib/libc.a(lib_a-printf.o)
 .text._printf_r
                0x0000000004007918       0x64 ../masterEsp32_bsp//newlib/nios2-elf/lib/libc.a(lib_a-printf.o)
                0x0000000004007918                _printf_r
 .text.printf   0x000000000400797c       0x68 ../masterEsp32_bsp//newlib/nios2-elf/lib/libc.a(lib_a-printf.o)
                0x000000000400797c                printf
 .text          0x00000000040079e4        0x0 ../masterEsp32_bsp//newlib/nios2-elf/lib/libc.a(lib_a-puts.o)
 .text._puts_r  0x00000000040079e4      0x118 ../masterEsp32_bsp//newlib/nios2-elf/lib/libc.a(lib_a-puts.o)
                0x00000000040079e4                _puts_r
 .text.puts     0x0000000004007afc       0x38 ../masterEsp32_bsp//newlib/nios2-elf/lib/libc.a(lib_a-puts.o)
                0x0000000004007afc                puts
 .text          0x0000000004007b34        0x0 ../masterEsp32_bsp//newlib/nios2-elf/lib/libc.a(lib_a-strlen.o)
 .text.strlen   0x0000000004007b34       0xf4 ../masterEsp32_bsp//newlib/nios2-elf/lib/libc.a(lib_a-strlen.o)
                0x0000000004007b34                strlen
 .text          0x0000000004007c28        0x0 ../masterEsp32_bsp//newlib/nios2-elf/lib/libc.a(lib_a-vfprintf.o)
 .text.__sbprintf
                0x0000000004007c28       0xf0 ../masterEsp32_bsp//newlib/nios2-elf/lib/libc.a(lib_a-vfprintf.o)
 .text.__vfprintf_internal
                0x0000000004007d18       0x50 ../masterEsp32_bsp//newlib/nios2-elf/lib/libc.a(lib_a-vfprintf.o)
                0x0000000004007d18                __vfprintf_internal
 .text.___vfprintf_internal_r
                0x0000000004007d68     0x2160 ../masterEsp32_bsp//newlib/nios2-elf/lib/libc.a(lib_a-vfprintf.o)
                0x0000000004007d68                ___vfprintf_internal_r
 .text.cvt      0x0000000004009ec8      0x208 ../masterEsp32_bsp//newlib/nios2-elf/lib/libc.a(lib_a-vfprintf.o)
 .text.exponent
                0x000000000400a0d0      0x148 ../masterEsp32_bsp//newlib/nios2-elf/lib/libc.a(lib_a-vfprintf.o)
 .text          0x000000000400a218        0x0 ../masterEsp32_bsp//newlib/nios2-elf/lib/libc.a(lib_a-wsetup.o)
 .text.__swsetup_r
                0x000000000400a218      0x1a0 ../masterEsp32_bsp//newlib/nios2-elf/lib/libc.a(lib_a-wsetup.o)
                0x000000000400a218                __swsetup_r
 .text          0x000000000400a3b8        0x0 ../masterEsp32_bsp//newlib/nios2-elf/lib/libc.a(lib_a-dtoa.o)
 .text.quorem   0x000000000400a3b8      0x3b4 ../masterEsp32_bsp//newlib/nios2-elf/lib/libc.a(lib_a-dtoa.o)
 .text._dtoa_r  0x000000000400a76c     0x1c2c ../masterEsp32_bsp//newlib/nios2-elf/lib/libc.a(lib_a-dtoa.o)
                0x000000000400a76c                _dtoa_r
 .text          0x000000000400c398        0x0 ../masterEsp32_bsp//newlib/nios2-elf/lib/libc.a(lib_a-fflush.o)
 .text.__sflush_r
                0x000000000400c398      0x2fc ../masterEsp32_bsp//newlib/nios2-elf/lib/libc.a(lib_a-fflush.o)
                0x000000000400c398                __sflush_r
 .text._fflush_r
                0x000000000400c694       0x88 ../masterEsp32_bsp//newlib/nios2-elf/lib/libc.a(lib_a-fflush.o)
                0x000000000400c694                _fflush_r
 .text.fflush   0x000000000400c71c       0x54 ../masterEsp32_bsp//newlib/nios2-elf/lib/libc.a(lib_a-fflush.o)
                0x000000000400c71c                fflush
 .text          0x000000000400c770        0x0 ../masterEsp32_bsp//newlib/nios2-elf/lib/libc.a(lib_a-findfp.o)
 .text.std      0x000000000400c770       0xf0 ../masterEsp32_bsp//newlib/nios2-elf/lib/libc.a(lib_a-findfp.o)
 .text.stdin_init
                0x000000000400c860       0x3c ../masterEsp32_bsp//newlib/nios2-elf/lib/libc.a(lib_a-findfp.o)
 .text.stdout_init
                0x000000000400c89c       0x3c ../masterEsp32_bsp//newlib/nios2-elf/lib/libc.a(lib_a-findfp.o)
 .text.stderr_init
                0x000000000400c8d8       0x3c ../masterEsp32_bsp//newlib/nios2-elf/lib/libc.a(lib_a-findfp.o)
 .text.__sfmoreglue
                0x000000000400c914       0xbc ../masterEsp32_bsp//newlib/nios2-elf/lib/libc.a(lib_a-findfp.o)
                0x000000000400c914                __sfmoreglue
 .text.__sfp    0x000000000400c9d0      0x194 ../masterEsp32_bsp//newlib/nios2-elf/lib/libc.a(lib_a-findfp.o)
                0x000000000400c9d0                __sfp
 .text._cleanup_r
                0x000000000400cb64       0x44 ../masterEsp32_bsp//newlib/nios2-elf/lib/libc.a(lib_a-findfp.o)
                0x000000000400cb64                _cleanup_r
 .text._cleanup
                0x000000000400cba8       0x34 ../masterEsp32_bsp//newlib/nios2-elf/lib/libc.a(lib_a-findfp.o)
                0x000000000400cba8                _cleanup
 .text.__sinit  0x000000000400cbdc       0xb4 ../masterEsp32_bsp//newlib/nios2-elf/lib/libc.a(lib_a-findfp.o)
                0x000000000400cbdc                __sinit
 .text.__sfp_lock_acquire
                0x000000000400cc90       0x20 ../masterEsp32_bsp//newlib/nios2-elf/lib/libc.a(lib_a-findfp.o)
                0x000000000400cc90                __sfp_lock_acquire
 .text.__sfp_lock_release
                0x000000000400ccb0       0x20 ../masterEsp32_bsp//newlib/nios2-elf/lib/libc.a(lib_a-findfp.o)
                0x000000000400ccb0                __sfp_lock_release
 .text.__sinit_lock_acquire
                0x000000000400ccd0       0x20 ../masterEsp32_bsp//newlib/nios2-elf/lib/libc.a(lib_a-findfp.o)
                0x000000000400ccd0                __sinit_lock_acquire
 .text.__sinit_lock_release
                0x000000000400ccf0       0x20 ../masterEsp32_bsp//newlib/nios2-elf/lib/libc.a(lib_a-findfp.o)
                0x000000000400ccf0                __sinit_lock_release
 .text.__fp_lock
                0x000000000400cd10       0x24 ../masterEsp32_bsp//newlib/nios2-elf/lib/libc.a(lib_a-findfp.o)
 .text.__fp_unlock
                0x000000000400cd34       0x24 ../masterEsp32_bsp//newlib/nios2-elf/lib/libc.a(lib_a-findfp.o)
 .text.__fp_lock_all
                0x000000000400cd58       0x40 ../masterEsp32_bsp//newlib/nios2-elf/lib/libc.a(lib_a-findfp.o)
                0x000000000400cd58                __fp_lock_all
 .text.__fp_unlock_all
                0x000000000400cd98       0x40 ../masterEsp32_bsp//newlib/nios2-elf/lib/libc.a(lib_a-findfp.o)
                0x000000000400cd98                __fp_unlock_all
 .text          0x000000000400cdd8        0x0 ../masterEsp32_bsp//newlib/nios2-elf/lib/libc.a(lib_a-freer.o)
 .text._free_r  0x000000000400cdd8      0x558 ../masterEsp32_bsp//newlib/nios2-elf/lib/libc.a(lib_a-freer.o)
                0x000000000400cdd8                _free_r
 .text._malloc_trim_r
                0x000000000400d330      0x1c4 ../masterEsp32_bsp//newlib/nios2-elf/lib/libc.a(lib_a-freer.o)
                0x000000000400d330                _malloc_trim_r
 .text          0x000000000400d4f4        0x0 ../masterEsp32_bsp//newlib/nios2-elf/lib/libc.a(lib_a-fvwrite.o)
 .text.__sfvwrite_r
                0x000000000400d4f4      0x5e8 ../masterEsp32_bsp//newlib/nios2-elf/lib/libc.a(lib_a-fvwrite.o)
                0x000000000400d4f4                __sfvwrite_r
 .text          0x000000000400dadc        0x0 ../masterEsp32_bsp//newlib/nios2-elf/lib/libc.a(lib_a-fwalk.o)
 .text._fwalk   0x000000000400dadc       0xd8 ../masterEsp32_bsp//newlib/nios2-elf/lib/libc.a(lib_a-fwalk.o)
                0x000000000400dadc                _fwalk
 .text._fwalk_reent
                0x000000000400dbb4       0xdc ../masterEsp32_bsp//newlib/nios2-elf/lib/libc.a(lib_a-fwalk.o)
                0x000000000400dbb4                _fwalk_reent
 .text          0x000000000400dc90        0x0 ../masterEsp32_bsp//newlib/nios2-elf/lib/libc.a(lib_a-impure.o)
 .text          0x000000000400dc90        0x0 ../masterEsp32_bsp//newlib/nios2-elf/lib/libc.a(lib_a-localeconv.o)
 .text.__get_global_locale
                0x000000000400dc90       0x24 ../masterEsp32_bsp//newlib/nios2-elf/lib/libc.a(lib_a-localeconv.o)
 .text.__get_current_locale
                0x000000000400dcb4       0x28 ../masterEsp32_bsp//newlib/nios2-elf/lib/libc.a(lib_a-localeconv.o)
 .text.__get_C_locale
                0x000000000400dcdc       0x28 ../masterEsp32_bsp//newlib/nios2-elf/lib/libc.a(lib_a-localeconv.o)
 .text.__localeconv_l
                0x000000000400dd04       0x50 ../masterEsp32_bsp//newlib/nios2-elf/lib/libc.a(lib_a-localeconv.o)
                0x000000000400dd04                __localeconv_l
 .text._localeconv_r
                0x000000000400dd54       0x34 ../masterEsp32_bsp//newlib/nios2-elf/lib/libc.a(lib_a-localeconv.o)
                0x000000000400dd54                _localeconv_r
 .text.localeconv
                0x000000000400dd88       0x30 ../masterEsp32_bsp//newlib/nios2-elf/lib/libc.a(lib_a-localeconv.o)
                0x000000000400dd88                localeconv
 .text          0x000000000400ddb8        0x0 ../masterEsp32_bsp//newlib/nios2-elf/lib/libc.a(lib_a-locale.o)
 .text.__get_global_locale
                0x000000000400ddb8       0x24 ../masterEsp32_bsp//newlib/nios2-elf/lib/libc.a(lib_a-locale.o)
 .text.__get_current_locale
                0x000000000400dddc       0x28 ../masterEsp32_bsp//newlib/nios2-elf/lib/libc.a(lib_a-locale.o)
 .text._setlocale_r
                0x000000000400de04       0x80 ../masterEsp32_bsp//newlib/nios2-elf/lib/libc.a(lib_a-locale.o)
                0x000000000400de04                _setlocale_r
 .text.__locale_mb_cur_max
                0x000000000400de84       0x38 ../masterEsp32_bsp//newlib/nios2-elf/lib/libc.a(lib_a-locale.o)
                0x000000000400de84                __locale_mb_cur_max
 .text.setlocale
                0x000000000400debc       0x40 ../masterEsp32_bsp//newlib/nios2-elf/lib/libc.a(lib_a-locale.o)
                0x000000000400debc                setlocale
 .text          0x000000000400defc        0x0 ../masterEsp32_bsp//newlib/nios2-elf/lib/libc.a(lib_a-makebuf.o)
 .text.__smakebuf_r
                0x000000000400defc      0x1a8 ../masterEsp32_bsp//newlib/nios2-elf/lib/libc.a(lib_a-makebuf.o)
                0x000000000400defc                __smakebuf_r
 .text.__swhatbuf_r
                0x000000000400e0a4       0xe8 ../masterEsp32_bsp//newlib/nios2-elf/lib/libc.a(lib_a-makebuf.o)
                0x000000000400e0a4                __swhatbuf_r
 .text          0x000000000400e18c        0x0 ../masterEsp32_bsp//newlib/nios2-elf/lib/libc.a(lib_a-mallocr.o)
 .text.malloc_extend_top
                0x000000000400e18c      0x3c4 ../masterEsp32_bsp//newlib/nios2-elf/lib/libc.a(lib_a-mallocr.o)
 .text._malloc_r
                0x000000000400e550      0xb68 ../masterEsp32_bsp//newlib/nios2-elf/lib/libc.a(lib_a-mallocr.o)
                0x000000000400e550                _malloc_r
 .text          0x000000000400f0b8        0x0 ../masterEsp32_bsp//newlib/nios2-elf/lib/libc.a(lib_a-mbtowc_r.o)
 .text.__get_global_locale
                0x000000000400f0b8       0x24 ../masterEsp32_bsp//newlib/nios2-elf/lib/libc.a(lib_a-mbtowc_r.o)
 .text.__get_current_locale
                0x000000000400f0dc       0x28 ../masterEsp32_bsp//newlib/nios2-elf/lib/libc.a(lib_a-mbtowc_r.o)
 .text._mbtowc_r
                0x000000000400f104       0x58 ../masterEsp32_bsp//newlib/nios2-elf/lib/libc.a(lib_a-mbtowc_r.o)
                0x000000000400f104                _mbtowc_r
 .text.__ascii_mbtowc
                0x000000000400f15c       0x94 ../masterEsp32_bsp//newlib/nios2-elf/lib/libc.a(lib_a-mbtowc_r.o)
                0x000000000400f15c                __ascii_mbtowc
 .text          0x000000000400f1f0        0x0 ../masterEsp32_bsp//newlib/nios2-elf/lib/libc.a(lib_a-memchr.o)
 .text.memchr   0x000000000400f1f0      0x1bc ../masterEsp32_bsp//newlib/nios2-elf/lib/libc.a(lib_a-memchr.o)
                0x000000000400f1f0                memchr
 .text          0x000000000400f3ac        0x0 ../masterEsp32_bsp//newlib/nios2-elf/lib/libc.a(lib_a-memmove.o)
 .text.memmove  0x000000000400f3ac      0x208 ../masterEsp32_bsp//newlib/nios2-elf/lib/libc.a(lib_a-memmove.o)
                0x000000000400f3ac                memmove
 .text          0x000000000400f5b4        0x0 ../masterEsp32_bsp//newlib/nios2-elf/lib/libc.a(lib_a-mprec.o)
 .text._Balloc  0x000000000400f5b4      0x124 ../masterEsp32_bsp//newlib/nios2-elf/lib/libc.a(lib_a-mprec.o)
                0x000000000400f5b4                _Balloc
 .text._Bfree   0x000000000400f6d8       0x74 ../masterEsp32_bsp//newlib/nios2-elf/lib/libc.a(lib_a-mprec.o)
                0x000000000400f6d8                _Bfree
 .text.__multadd
                0x000000000400f74c      0x1d0 ../masterEsp32_bsp//newlib/nios2-elf/lib/libc.a(lib_a-mprec.o)
                0x000000000400f74c                __multadd
 .text.__s2b    0x000000000400f91c      0x1b8 ../masterEsp32_bsp//newlib/nios2-elf/lib/libc.a(lib_a-mprec.o)
                0x000000000400f91c                __s2b
 .text.__hi0bits
                0x000000000400fad4       0x8c ../masterEsp32_bsp//newlib/nios2-elf/lib/libc.a(lib_a-mprec.o)
                0x000000000400fad4                __hi0bits
 .text.__lo0bits
                0x000000000400fb60       0xec ../masterEsp32_bsp//newlib/nios2-elf/lib/libc.a(lib_a-mprec.o)
                0x000000000400fb60                __lo0bits
 .text.__i2b    0x000000000400fc4c       0x84 ../masterEsp32_bsp//newlib/nios2-elf/lib/libc.a(lib_a-mprec.o)
                0x000000000400fc4c                __i2b
 .text.__multiply
                0x000000000400fcd0      0x3fc ../masterEsp32_bsp//newlib/nios2-elf/lib/libc.a(lib_a-mprec.o)
                0x000000000400fcd0                __multiply
 .text.__pow5mult
                0x00000000040100cc      0x170 ../masterEsp32_bsp//newlib/nios2-elf/lib/libc.a(lib_a-mprec.o)
                0x00000000040100cc                __pow5mult
 .text.__lshift
                0x000000000401023c      0x21c ../masterEsp32_bsp//newlib/nios2-elf/lib/libc.a(lib_a-mprec.o)
                0x000000000401023c                __lshift
 .text.__mcmp   0x0000000004010458      0x104 ../masterEsp32_bsp//newlib/nios2-elf/lib/libc.a(lib_a-mprec.o)
                0x0000000004010458                __mcmp
 .text.__mdiff  0x000000000401055c      0x2f4 ../masterEsp32_bsp//newlib/nios2-elf/lib/libc.a(lib_a-mprec.o)
                0x000000000401055c                __mdiff
 .text.__ulp    0x0000000004010850       0xc4 ../masterEsp32_bsp//newlib/nios2-elf/lib/libc.a(lib_a-mprec.o)
                0x0000000004010850                __ulp
 .text.__b2d    0x0000000004010914      0x1fc ../masterEsp32_bsp//newlib/nios2-elf/lib/libc.a(lib_a-mprec.o)
                0x0000000004010914                __b2d
 .text.__d2b    0x0000000004010b10      0x264 ../masterEsp32_bsp//newlib/nios2-elf/lib/libc.a(lib_a-mprec.o)
                0x0000000004010b10                __d2b
 .text.__ratio  0x0000000004010d74      0x11c ../masterEsp32_bsp//newlib/nios2-elf/lib/libc.a(lib_a-mprec.o)
                0x0000000004010d74                __ratio
 .text._mprec_log10
                0x0000000004010e90       0xb4 ../masterEsp32_bsp//newlib/nios2-elf/lib/libc.a(lib_a-mprec.o)
                0x0000000004010e90                _mprec_log10
 .text.__copybits
                0x0000000004010f44       0xc4 ../masterEsp32_bsp//newlib/nios2-elf/lib/libc.a(lib_a-mprec.o)
                0x0000000004010f44                __copybits
 .text.__any_on
                0x0000000004011008      0x124 ../masterEsp32_bsp//newlib/nios2-elf/lib/libc.a(lib_a-mprec.o)
                0x0000000004011008                __any_on
 .text          0x000000000401112c        0x0 ../masterEsp32_bsp//newlib/nios2-elf/lib/libc.a(lib_a-reallocr.o)
 .text._realloc_r
                0x000000000401112c      0xbf4 ../masterEsp32_bsp//newlib/nios2-elf/lib/libc.a(lib_a-reallocr.o)
                0x000000000401112c                _realloc_r
 .text          0x0000000004011d20        0x0 ../masterEsp32_bsp//newlib/nios2-elf/lib/libc.a(lib_a-sbrkr.o)
 .text._sbrk_r  0x0000000004011d20       0x60 ../masterEsp32_bsp//newlib/nios2-elf/lib/libc.a(lib_a-sbrkr.o)
                0x0000000004011d20                _sbrk_r
 .text          0x0000000004011d80        0x0 ../masterEsp32_bsp//newlib/nios2-elf/lib/libc.a(lib_a-stdio.o)
 .text.__sread  0x0000000004011d80       0x9c ../masterEsp32_bsp//newlib/nios2-elf/lib/libc.a(lib_a-stdio.o)
                0x0000000004011d80                __sread
 .text.__seofread
                0x0000000004011e1c       0x30 ../masterEsp32_bsp//newlib/nios2-elf/lib/libc.a(lib_a-stdio.o)
                0x0000000004011e1c                __seofread
 .text.__swrite
                0x0000000004011e4c       0xb4 ../masterEsp32_bsp//newlib/nios2-elf/lib/libc.a(lib_a-stdio.o)
                0x0000000004011e4c                __swrite
 .text.__sseek  0x0000000004011f00       0xa0 ../masterEsp32_bsp//newlib/nios2-elf/lib/libc.a(lib_a-stdio.o)
                0x0000000004011f00                __sseek
 .text.__sclose
                0x0000000004011fa0       0x54 ../masterEsp32_bsp//newlib/nios2-elf/lib/libc.a(lib_a-stdio.o)
                0x0000000004011fa0                __sclose
 .text          0x0000000004011ff4        0x0 ../masterEsp32_bsp//newlib/nios2-elf/lib/libc.a(lib_a-strcmp.o)
 .text.strcmp   0x0000000004011ff4      0x140 ../masterEsp32_bsp//newlib/nios2-elf/lib/libc.a(lib_a-strcmp.o)
                0x0000000004011ff4                strcmp
 .text          0x0000000004012134        0x0 ../masterEsp32_bsp//newlib/nios2-elf/lib/libc.a(lib_a-vfiprintf.o)
 .text.__sprint_r
                0x0000000004012134      0x130 ../masterEsp32_bsp//newlib/nios2-elf/lib/libc.a(lib_a-vfiprintf.o)
                0x0000000004012134                __sprint_r
 .text.__sbprintf
                0x0000000004012264       0xf0 ../masterEsp32_bsp//newlib/nios2-elf/lib/libc.a(lib_a-vfiprintf.o)
 .text.__vfiprintf_internal
                0x0000000004012354       0x50 ../masterEsp32_bsp//newlib/nios2-elf/lib/libc.a(lib_a-vfiprintf.o)
                0x0000000004012354                __vfiprintf_internal
 .text.___vfiprintf_internal_r
                0x00000000040123a4     0x12c0 ../masterEsp32_bsp//newlib/nios2-elf/lib/libc.a(lib_a-vfiprintf.o)
                0x00000000040123a4                ___vfiprintf_internal_r
 .text          0x0000000004013664        0x0 ../masterEsp32_bsp//newlib/nios2-elf/lib/libc.a(lib_a-wctomb_r.o)
 .text.__get_global_locale
                0x0000000004013664       0x24 ../masterEsp32_bsp//newlib/nios2-elf/lib/libc.a(lib_a-wctomb_r.o)
 .text.__get_current_locale
                0x0000000004013688       0x28 ../masterEsp32_bsp//newlib/nios2-elf/lib/libc.a(lib_a-wctomb_r.o)
 .text._wctomb_r
                0x00000000040136b0       0x50 ../masterEsp32_bsp//newlib/nios2-elf/lib/libc.a(lib_a-wctomb_r.o)
                0x00000000040136b0                _wctomb_r
 .text.__ascii_wctomb
                0x0000000004013700       0x78 ../masterEsp32_bsp//newlib/nios2-elf/lib/libc.a(lib_a-wctomb_r.o)
                0x0000000004013700                __ascii_wctomb
 .text          0x0000000004013778        0x0 ../masterEsp32_bsp//newlib/nios2-elf/lib/libc.a(lib_a-writer.o)
 .text._write_r
                0x0000000004013778       0x70 ../masterEsp32_bsp//newlib/nios2-elf/lib/libc.a(lib_a-writer.o)
                0x0000000004013778                _write_r
 .text          0x00000000040137e8        0x0 ../masterEsp32_bsp//newlib/nios2-elf/lib/libc.a(closer.o)
 .text._close_r
                0x00000000040137e8       0x60 ../masterEsp32_bsp//newlib/nios2-elf/lib/libc.a(closer.o)
                0x00000000040137e8                _close_r
 .text          0x0000000004013848        0x0 ../masterEsp32_bsp//newlib/nios2-elf/lib/libc.a(lib_a-assert.o)
 .text.__assert_func
                0x0000000004013848       0x84 ../masterEsp32_bsp//newlib/nios2-elf/lib/libc.a(lib_a-assert.o)
                0x0000000004013848                __assert_func
 .text.__assert
                0x00000000040138cc       0x30 ../masterEsp32_bsp//newlib/nios2-elf/lib/libc.a(lib_a-assert.o)
                0x00000000040138cc                __assert
 .text          0x00000000040138fc        0x0 ../masterEsp32_bsp//newlib/nios2-elf/lib/libc.a(lib_a-callocr.o)
 .text._calloc_r
                0x00000000040138fc      0x164 ../masterEsp32_bsp//newlib/nios2-elf/lib/libc.a(lib_a-callocr.o)
                0x00000000040138fc                _calloc_r
 .text          0x0000000004013a60        0x0 ../masterEsp32_bsp//newlib/nios2-elf/lib/libc.a(lib_a-ctype_.o)
 .text          0x0000000004013a60        0x0 ../masterEsp32_bsp//newlib/nios2-elf/lib/libc.a(lib_a-fclose.o)
 .text._fclose_r
                0x0000000004013a60      0x12c ../masterEsp32_bsp//newlib/nios2-elf/lib/libc.a(lib_a-fclose.o)
                0x0000000004013a60                _fclose_r
 .text.fclose   0x0000000004013b8c       0x38 ../masterEsp32_bsp//newlib/nios2-elf/lib/libc.a(lib_a-fclose.o)
                0x0000000004013b8c                fclose
 .text          0x0000000004013bc4        0x0 ../masterEsp32_bsp//newlib/nios2-elf/lib/libc.a(lib_a-fiprintf.o)
 .text._fiprintf_r
                0x0000000004013bc4       0x5c ../masterEsp32_bsp//newlib/nios2-elf/lib/libc.a(lib_a-fiprintf.o)
                0x0000000004013bc4                _fiprintf_r
 .text.fiprintf
                0x0000000004013c20       0x60 ../masterEsp32_bsp//newlib/nios2-elf/lib/libc.a(lib_a-fiprintf.o)
                0x0000000004013c20                fiprintf
 .text          0x0000000004013c80        0x0 ../masterEsp32_bsp//newlib/nios2-elf/lib/libc.a(lib_a-fputwc.o)
 .text.__fputwc
                0x0000000004013c80      0x1d8 ../masterEsp32_bsp//newlib/nios2-elf/lib/libc.a(lib_a-fputwc.o)
                0x0000000004013c80                __fputwc
 .text._fputwc_r
                0x0000000004013e58       0x88 ../masterEsp32_bsp//newlib/nios2-elf/lib/libc.a(lib_a-fputwc.o)
                0x0000000004013e58                _fputwc_r
 .text.fputwc   0x0000000004013ee0       0x68 ../masterEsp32_bsp//newlib/nios2-elf/lib/libc.a(lib_a-fputwc.o)
                0x0000000004013ee0                fputwc
 .text          0x0000000004013f48        0x0 ../masterEsp32_bsp//newlib/nios2-elf/lib/libc.a(lib_a-fstatr.o)
 .text._fstat_r
                0x0000000004013f48       0x68 ../masterEsp32_bsp//newlib/nios2-elf/lib/libc.a(lib_a-fstatr.o)
                0x0000000004013f48                _fstat_r
 .text          0x0000000004013fb0        0x0 ../masterEsp32_bsp//newlib/nios2-elf/lib/libc.a(lib_a-int_errno.o)
 .text          0x0000000004013fb0        0x0 ../masterEsp32_bsp//newlib/nios2-elf/lib/libc.a(lib_a-isattyr.o)
 .text._isatty_r
                0x0000000004013fb0       0x60 ../masterEsp32_bsp//newlib/nios2-elf/lib/libc.a(lib_a-isattyr.o)
                0x0000000004013fb0                _isatty_r
 .text          0x0000000004014010        0x0 ../masterEsp32_bsp//newlib/nios2-elf/lib/libc.a(lib_a-lseekr.o)
 .text._lseek_r
                0x0000000004014010       0x70 ../masterEsp32_bsp//newlib/nios2-elf/lib/libc.a(lib_a-lseekr.o)
                0x0000000004014010                _lseek_r
 .text          0x0000000004014080        0x0 ../masterEsp32_bsp//newlib/nios2-elf/lib/libc.a(lib_a-readr.o)
 .text._read_r  0x0000000004014080       0x70 ../masterEsp32_bsp//newlib/nios2-elf/lib/libc.a(lib_a-readr.o)
                0x0000000004014080                _read_r
 .text          0x00000000040140f0        0x0 ../masterEsp32_bsp//newlib/nios2-elf/lib/libc.a(lib_a-vfiprintfr_1.o)
 .text._vfiprintf_r
                0x00000000040140f0       0x54 ../masterEsp32_bsp//newlib/nios2-elf/lib/libc.a(lib_a-vfiprintfr_1.o)
                0x00000000040140f0                _vfiprintf_r
 .text          0x0000000004014144        0x0 ../masterEsp32_bsp//newlib/nios2-elf/lib/libc.a(lib_a-wbuf.o)
 .text.__swbuf_r
                0x0000000004014144      0x168 ../masterEsp32_bsp//newlib/nios2-elf/lib/libc.a(lib_a-wbuf.o)
                0x0000000004014144                __swbuf_r
 .text.__swbuf  0x00000000040142ac       0x40 ../masterEsp32_bsp//newlib/nios2-elf/lib/libc.a(lib_a-wbuf.o)
                0x00000000040142ac                __swbuf
 .text          0x00000000040142ec        0x0 ../masterEsp32_bsp//newlib/nios2-elf/lib/libc.a(lib_a-wcrtomb.o)
 .text.__get_global_locale
                0x00000000040142ec       0x24 ../masterEsp32_bsp//newlib/nios2-elf/lib/libc.a(lib_a-wcrtomb.o)
 .text.__get_current_locale
                0x0000000004014310       0x28 ../masterEsp32_bsp//newlib/nios2-elf/lib/libc.a(lib_a-wcrtomb.o)
 .text._wcrtomb_r
                0x0000000004014338       0xb4 ../masterEsp32_bsp//newlib/nios2-elf/lib/libc.a(lib_a-wcrtomb.o)
                0x0000000004014338                _wcrtomb_r
 .text.wcrtomb  0x00000000040143ec       0xb8 ../masterEsp32_bsp//newlib/nios2-elf/lib/libc.a(lib_a-wcrtomb.o)
                0x00000000040143ec                wcrtomb
 .text          0x00000000040144a4        0x0 ../masterEsp32_bsp//newlib/nios2-elf/lib/libc.a(lib_a-abort.o)
 .text.abort    0x00000000040144a4       0x20 ../masterEsp32_bsp//newlib/nios2-elf/lib/libc.a(lib_a-abort.o)
                0x00000000040144a4                abort
 .text          0x00000000040144c4        0x0 ../masterEsp32_bsp//newlib/nios2-elf/lib/libc.a(lib_a-signal.o)
 .text._init_signal_r
                0x00000000040144c4       0x9c ../masterEsp32_bsp//newlib/nios2-elf/lib/libc.a(lib_a-signal.o)
                0x00000000040144c4                _init_signal_r
 .text._signal_r
                0x0000000004014560       0xb4 ../masterEsp32_bsp//newlib/nios2-elf/lib/libc.a(lib_a-signal.o)
                0x0000000004014560                _signal_r
 .text._raise_r
                0x0000000004014614      0x104 ../masterEsp32_bsp//newlib/nios2-elf/lib/libc.a(lib_a-signal.o)
                0x0000000004014614                _raise_r
 .text.__sigtramp_r
                0x0000000004014718       0xe4 ../masterEsp32_bsp//newlib/nios2-elf/lib/libc.a(lib_a-signal.o)
                0x0000000004014718                __sigtramp_r
 .text.raise    0x00000000040147fc       0x38 ../masterEsp32_bsp//newlib/nios2-elf/lib/libc.a(lib_a-signal.o)
                0x00000000040147fc                raise
 .text.signal   0x0000000004014834       0x40 ../masterEsp32_bsp//newlib/nios2-elf/lib/libc.a(lib_a-signal.o)
                0x0000000004014834                signal
 .text._init_signal
                0x0000000004014874       0x30 ../masterEsp32_bsp//newlib/nios2-elf/lib/libc.a(lib_a-signal.o)
                0x0000000004014874                _init_signal
 .text.__sigtramp
                0x00000000040148a4       0x38 ../masterEsp32_bsp//newlib/nios2-elf/lib/libc.a(lib_a-signal.o)
                0x00000000040148a4                __sigtramp
 .text          0x00000000040148dc        0x0 ../masterEsp32_bsp//newlib/nios2-elf/lib/libc.a(lib_a-signalr.o)
 .text._kill_r  0x00000000040148dc       0x68 ../masterEsp32_bsp//newlib/nios2-elf/lib/libc.a(lib_a-signalr.o)
                0x00000000040148dc                _kill_r
 .text._getpid_r
                0x0000000004014944       0x34 ../masterEsp32_bsp//newlib/nios2-elf/lib/libc.a(lib_a-signalr.o)
                0x0000000004014944                _getpid_r
 .text          0x0000000004014978      0x61c /home/omar/intelFPGA_lite/20.1/nios2eds/bin/gnu/H-x86_64-pc-linux-gnu/bin/../lib/gcc/nios2-elf/9.2.1/mno-hw-mul/libgcc.a(_udivdi3.o)
                0x0000000004014978                __udivdi3
 .text          0x0000000004014f94      0x5c4 /home/omar/intelFPGA_lite/20.1/nios2eds/bin/gnu/H-x86_64-pc-linux-gnu/bin/../lib/gcc/nios2-elf/9.2.1/mno-hw-mul/libgcc.a(_umoddi3.o)
                0x0000000004014f94                __umoddi3
 .text          0x0000000004015558      0x978 /home/omar/intelFPGA_lite/20.1/nios2eds/bin/gnu/H-x86_64-pc-linux-gnu/bin/../lib/gcc/nios2-elf/9.2.1/mno-hw-mul/libgcc.a(adddf3.o)
                0x0000000004015558                __adddf3
 .text          0x0000000004015ed0      0x934 /home/omar/intelFPGA_lite/20.1/nios2eds/bin/gnu/H-x86_64-pc-linux-gnu/bin/../lib/gcc/nios2-elf/9.2.1/mno-hw-mul/libgcc.a(divdf3.o)
                0x0000000004015ed0                __divdf3
 .text          0x0000000004016804       0x80 /home/omar/intelFPGA_lite/20.1/nios2eds/bin/gnu/H-x86_64-pc-linux-gnu/bin/../lib/gcc/nios2-elf/9.2.1/mno-hw-mul/libgcc.a(eqdf2.o)
                0x0000000004016804                __eqdf2
                0x0000000004016804                __nedf2
 .text          0x0000000004016884       0xf0 /home/omar/intelFPGA_lite/20.1/nios2eds/bin/gnu/H-x86_64-pc-linux-gnu/bin/../lib/gcc/nios2-elf/9.2.1/mno-hw-mul/libgcc.a(gedf2.o)
                0x0000000004016884                __gtdf2
                0x0000000004016884                __gedf2
 .text          0x0000000004016974       0xf0 /home/omar/intelFPGA_lite/20.1/nios2eds/bin/gnu/H-x86_64-pc-linux-gnu/bin/../lib/gcc/nios2-elf/9.2.1/mno-hw-mul/libgcc.a(ledf2.o)
                0x0000000004016974                __ltdf2
                0x0000000004016974                __ledf2
 .text          0x0000000004016a64      0x7a8 /home/omar/intelFPGA_lite/20.1/nios2eds/bin/gnu/H-x86_64-pc-linux-gnu/bin/../lib/gcc/nios2-elf/9.2.1/mno-hw-mul/libgcc.a(muldf3.o)
                0x0000000004016a64                __muldf3
 .text          0x000000000401720c      0x934 /home/omar/intelFPGA_lite/20.1/nios2eds/bin/gnu/H-x86_64-pc-linux-gnu/bin/../lib/gcc/nios2-elf/9.2.1/mno-hw-mul/libgcc.a(subdf3.o)
                0x000000000401720c                __subdf3
 .text          0x0000000004017b40       0x54 /home/omar/intelFPGA_lite/20.1/nios2eds/bin/gnu/H-x86_64-pc-linux-gnu/bin/../lib/gcc/nios2-elf/9.2.1/mno-hw-mul/libgcc.a(unorddf2.o)
                0x0000000004017b40                __unorddf2
 .text          0x0000000004017b94       0x80 /home/omar/intelFPGA_lite/20.1/nios2eds/bin/gnu/H-x86_64-pc-linux-gnu/bin/../lib/gcc/nios2-elf/9.2.1/mno-hw-mul/libgcc.a(fixdfsi.o)
                0x0000000004017b94                __fixdfsi
 .text          0x0000000004017c14       0xbc /home/omar/intelFPGA_lite/20.1/nios2eds/bin/gnu/H-x86_64-pc-linux-gnu/bin/../lib/gcc/nios2-elf/9.2.1/mno-hw-mul/libgcc.a(floatsidf.o)
                0x0000000004017c14                __floatsidf
 .text          0x0000000004017cd0       0x90 /home/omar/intelFPGA_lite/20.1/nios2eds/bin/gnu/H-x86_64-pc-linux-gnu/bin/../lib/gcc/nios2-elf/9.2.1/mno-hw-mul/libgcc.a(floatunsidf.o)
                0x0000000004017cd0                __floatunsidf
 .text          0x0000000004017d60        0x0 /home/omar/intelFPGA_lite/20.1/nios2eds/bin/gnu/H-x86_64-pc-linux-gnu/bin/../lib/gcc/nios2-elf/9.2.1/mno-hw-mul/libgcc.a(_clz.o)
 .text          0x0000000004017d60       0x54 /home/omar/intelFPGA_lite/20.1/nios2eds/bin/gnu/H-x86_64-pc-linux-gnu/bin/../lib/gcc/nios2-elf/9.2.1/mno-hw-mul/libgcc.a(_clzsi2.o)
                0x0000000004017d60                __clzsi2
 .text          0x0000000004017db4      0x118 ../masterEsp32_bsp//libhal_bsp.a(alt_close.o)
                0x0000000004017df0                close
 .text          0x0000000004017ecc       0x2c ../masterEsp32_bsp//libhal_bsp.a(alt_dev.o)
 .text          0x0000000004017ef8        0x0 ../masterEsp32_bsp//libhal_bsp.a(alt_errno.o)
 .text          0x0000000004017ef8       0x38 ../masterEsp32_bsp//libhal_bsp.a(alt_exit.o)
                0x0000000004017ef8                _exit
 .text          0x0000000004017f30       0xf8 ../masterEsp32_bsp//libhal_bsp.a(alt_fstat.o)
                0x0000000004017f6c                fstat
 .text          0x0000000004018028       0x20 ../masterEsp32_bsp//libhal_bsp.a(alt_getpid.o)
                0x0000000004018028                getpid
 .text          0x0000000004018048      0x1b0 ../masterEsp32_bsp//libhal_bsp.a(alt_iic.o)
                0x0000000004018048                alt_ic_isr_register
                0x0000000004018098                alt_ic_irq_enable
                0x0000000004018120                alt_ic_irq_disable
                0x00000000040181ac                alt_ic_irq_enabled
 .text          0x00000000040181f8       0xe8 ../masterEsp32_bsp//libhal_bsp.a(alt_iic_isr_register.o)
                0x00000000040181f8                alt_iic_isr_register
 .text          0x00000000040182e0        0x0 ../masterEsp32_bsp//libhal_bsp.a(alt_irq_entry.o)
 .text          0x00000000040182e0        0x0 ../masterEsp32_bsp//libhal_bsp.a(alt_irq_handler.o)
 .text          0x00000000040182e0        0x0 ../masterEsp32_bsp//libhal_bsp.a(alt_irq_vars.o)
 .text          0x00000000040182e0       0xec ../masterEsp32_bsp//libhal_bsp.a(alt_isatty.o)
                0x000000000401831c                isatty
 .text          0x00000000040183cc      0x168 ../masterEsp32_bsp//libhal_bsp.a(alt_kill.o)
                0x0000000004018408                kill
 .text          0x0000000004018534       0xec ../masterEsp32_bsp//libhal_bsp.a(alt_load.o)
                0x000000000401859c                alt_load
 .text          0x0000000004018620      0x11c ../masterEsp32_bsp//libhal_bsp.a(alt_lseek.o)
                0x000000000401865c                lseek
 .text          0x000000000401873c       0x7c ../masterEsp32_bsp//libhal_bsp.a(alt_main.o)
                0x000000000401873c                alt_main
 .text          0x00000000040187b8       0x48 ../masterEsp32_bsp//libhal_bsp.a(alt_malloc_lock.o)
                0x00000000040187b8                __malloc_lock
                0x00000000040187dc                __malloc_unlock
 .text          0x0000000004018800      0x144 ../masterEsp32_bsp//libhal_bsp.a(alt_read.o)
                0x000000000401883c                read
 .text          0x0000000004018944       0x70 ../masterEsp32_bsp//libhal_bsp.a(alt_release_fd.o)
                0x0000000004018944                alt_release_fd
 .text          0x00000000040189b4       0xb8 ../masterEsp32_bsp//libhal_bsp.a(alt_sbrk.o)
                0x00000000040189b4                sbrk
 .text          0x0000000004018a6c      0x140 ../masterEsp32_bsp//libhal_bsp.a(alt_write.o)
                0x0000000004018aa8                write
 .text          0x0000000004018bac       0xe0 ../masterEsp32_bsp//libhal_bsp.a(alt_sys_init.o)
                0x0000000004018be0                alt_irq_init
                0x0000000004018c1c                alt_sys_init
 .text          0x0000000004018c8c      0x164 ../masterEsp32_bsp//libhal_bsp.a(altera_avalon_jtag_uart_fd.o)
                0x0000000004018c8c                altera_avalon_jtag_uart_read_fd
                0x0000000004018cec                altera_avalon_jtag_uart_write_fd
                0x0000000004018d4c                altera_avalon_jtag_uart_close_fd
                0x0000000004018d9c                altera_avalon_jtag_uart_ioctl_fd
 .text          0x0000000004018df0      0x3d4 ../masterEsp32_bsp//libhal_bsp.a(altera_avalon_jtag_uart_init.o)
                0x0000000004018df0                altera_avalon_jtag_uart_init
                0x000000000401915c                altera_avalon_jtag_uart_close
 .text          0x00000000040191c4       0xf4 ../masterEsp32_bsp//libhal_bsp.a(altera_avalon_jtag_uart_ioctl.o)
                0x00000000040191c4                altera_avalon_jtag_uart_ioctl
 .text          0x00000000040192b8      0x220 ../masterEsp32_bsp//libhal_bsp.a(altera_avalon_jtag_uart_read.o)
                0x00000000040192b8                altera_avalon_jtag_uart_read
 .text          0x00000000040194d8      0x228 ../masterEsp32_bsp//libhal_bsp.a(altera_avalon_jtag_uart_write.o)
                0x00000000040194d8                altera_avalon_jtag_uart_write
 .text          0x0000000004019700      0x100 ../masterEsp32_bsp//libhal_bsp.a(altera_avalon_timer_sc.o)
                0x000000000401977c                alt_avalon_timer_sc_init
 .text          0x0000000004019800      0x3cc ../masterEsp32_bsp//libhal_bsp.a(altera_up_avalon_accelerometer_spi.o)
                0x0000000004019800                alt_up_accelerometer_spi_open_dev
                0x000000000401983c                alt_up_accelerometer_spi_read_address_register
                0x0000000004019880                alt_up_accelerometer_spi_read
                0x00000000040198e8                alt_up_accelerometer_spi_write
                0x0000000004019950                alt_up_accelerometer_spi_read_x_axis
                0x0000000004019a24                alt_up_accelerometer_spi_read_y_axis
                0x0000000004019af8                alt_up_accelerometer_spi_read_z_axis
 .text          0x0000000004019bcc      0x134 ../masterEsp32_bsp//libhal_bsp.a(alt_alarm_start.o)
                0x0000000004019bcc                alt_alarm_start
 .text          0x0000000004019d00       0x20 ../masterEsp32_bsp//libhal_bsp.a(alt_dcache_flush_all.o)
                0x0000000004019d00                alt_dcache_flush_all
 .text          0x0000000004019d20       0xe4 ../masterEsp32_bsp//libhal_bsp.a(alt_dev_llist_insert.o)
                0x0000000004019d5c                alt_dev_llist_insert
 .text          0x0000000004019e04       0x64 ../masterEsp32_bsp//libhal_bsp.a(alt_do_ctors.o)
                0x0000000004019e04                _do_ctors
 .text          0x0000000004019e68       0x64 ../masterEsp32_bsp//libhal_bsp.a(alt_do_dtors.o)
                0x0000000004019e68                _do_dtors
 .text          0x0000000004019ecc        0x0 ../masterEsp32_bsp//libhal_bsp.a(alt_exception_entry.o)
 .text          0x0000000004019ecc       0x90 ../masterEsp32_bsp//libhal_bsp.a(alt_find_dev.o)
                0x0000000004019ecc                alt_find_dev
 .text          0x0000000004019f5c       0x20 ../masterEsp32_bsp//libhal_bsp.a(alt_icache_flush_all.o)
                0x0000000004019f5c                alt_icache_flush_all
 .text          0x0000000004019f7c       0x98 ../masterEsp32_bsp//libhal_bsp.a(alt_instruction_exception_entry.o)
                0x0000000004019f7c                alt_exception_cause_generated_bad_addr
 .text          0x000000000401a014      0x150 ../masterEsp32_bsp//libhal_bsp.a(alt_io_redirect.o)
                0x000000000401a0e8                alt_io_redirect
 .text          0x000000000401a164      0x278 ../masterEsp32_bsp//libhal_bsp.a(alt_open.o)
                0x000000000401a27c                open
 .text          0x000000000401a3dc      0x1ac ../masterEsp32_bsp//libhal_bsp.a(alt_tick.o)
                0x000000000401a3dc                alt_alarm_stop
                0x000000000401a480                alt_tick
 .text          0x000000000401a588       0x24 ../masterEsp32_bsp//libhal_bsp.a(altera_nios2_gen2_irq.o)
                0x000000000401a588                altera_nios2_gen2_irq_init
 .text          0x000000000401a5ac      0x108 ../masterEsp32_bsp//libhal_bsp.a(alt_find_file.o)
                0x000000000401a5ac                alt_find_file
 .text          0x000000000401a6b4       0xb8 ../masterEsp32_bsp//libhal_bsp.a(alt_get_fd.o)
                0x000000000401a6b4                alt_get_fd
 .text          0x000000000401a76c        0x0 ../masterEsp32_bsp//newlib/nios2-elf/lib/libc.a(lib_a-atexit.o)
 .text.atexit   0x000000000401a76c       0x3c ../masterEsp32_bsp//newlib/nios2-elf/lib/libc.a(lib_a-atexit.o)
                0x000000000401a76c                atexit
 .text          0x000000000401a7a8        0x0 ../masterEsp32_bsp//newlib/nios2-elf/lib/libc.a(lib_a-exit.o)
 .text.exit     0x000000000401a7a8       0x48 ../masterEsp32_bsp//newlib/nios2-elf/lib/libc.a(lib_a-exit.o)
                0x000000000401a7a8                exit
 .text          0x000000000401a7f0        0x0 ../masterEsp32_bsp//newlib/nios2-elf/lib/libc.a(lib_a-memcmp.o)
 .text.memcmp   0x000000000401a7f0      0x134 ../masterEsp32_bsp//newlib/nios2-elf/lib/libc.a(lib_a-memcmp.o)
                0x000000000401a7f0                memcmp
 .text          0x000000000401a924        0x0 ../masterEsp32_bsp//newlib/nios2-elf/lib/libc.a(lib_a-__atexit.o)
 .text.__register_exitproc
                0x000000000401a924      0x118 ../masterEsp32_bsp//newlib/nios2-elf/lib/libc.a(lib_a-__atexit.o)
                0x000000000401a924                __register_exitproc
 .text          0x000000000401aa3c        0x0 ../masterEsp32_bsp//newlib/nios2-elf/lib/libc.a(lib_a-__call_atexit.o)
 .text.__call_exitprocs
                0x000000000401aa3c      0x18c ../masterEsp32_bsp//newlib/nios2-elf/lib/libc.a(lib_a-__call_atexit.o)
                0x000000000401aa3c                __call_exitprocs
 *(.gnu.warning.*)
 *(.fini)
                [!provide]                        PROVIDE (__etext = ABSOLUTE (.))
                [!provide]                        PROVIDE (_etext = ABSOLUTE (.))
                [!provide]                        PROVIDE (etext = ABSOLUTE (.))
 *(.eh_frame_hdr)
                0x000000000401abc8                . = ALIGN (0x4)
                [!provide]                        PROVIDE (__preinit_array_start = ABSOLUTE (.))
 *(.preinit_array)
                [!provide]                        PROVIDE (__preinit_array_end = ABSOLUTE (.))
                [!provide]                        PROVIDE (__init_array_start = ABSOLUTE (.))
 *(.init_array)
                [!provide]                        PROVIDE (__init_array_end = ABSOLUTE (.))
                [!provide]                        PROVIDE (__fini_array_start = ABSOLUTE (.))
 *(.fini_array)
                [!provide]                        PROVIDE (__fini_array_end = ABSOLUTE (.))
 *(.eh_frame)
 *(.gcc_except_table .gcc_except_table.*)
 *(.dynamic)
                0x000000000401abc8                PROVIDE (__CTOR_LIST__ = ABSOLUTE (.))
 *(.ctors)
 *(SORT_BY_NAME(.ctors.*))
                0x000000000401abc8                PROVIDE (__CTOR_END__ = ABSOLUTE (.))
                0x000000000401abc8                PROVIDE (__DTOR_LIST__ = ABSOLUTE (.))
 *(.dtors)
 *(SORT_BY_NAME(.dtors.*))
                0x000000000401abc8                PROVIDE (__DTOR_END__ = ABSOLUTE (.))
 *(.jcr)
                0x000000000401abc8                . = ALIGN (0x4)

.rodata         0x000000000401abc8      0x774
                0x000000000401abc8                PROVIDE (__ram_rodata_start = ABSOLUTE (.))
                0x000000000401abc8                . = ALIGN (0x4)
 *(.rodata .rodata.* .gnu.linkonce.r.*)
 .rodata        0x000000000401abc8        0x5 obj/default/FreeRTOS/tasks.o
 *fill*         0x000000000401abcd        0x3 
 .rodata        0x000000000401abd0       0x3b obj/default/float2_functionality.o
 *fill*         0x000000000401ac0b        0x1 
 .rodata        0x000000000401ac0c        0x2 ../masterEsp32_bsp//newlib/nios2-elf/lib/libc.a(lib_a-puts.o)
 *fill*         0x000000000401ac0e        0x2 
 .rodata        0x000000000401ac10       0x5e ../masterEsp32_bsp//newlib/nios2-elf/lib/libc.a(lib_a-vfprintf.o)
 *fill*         0x000000000401ac6e        0x2 
 .rodata.blanks.5176
                0x000000000401ac70       0x10 ../masterEsp32_bsp//newlib/nios2-elf/lib/libc.a(lib_a-vfprintf.o)
 .rodata.zeroes.5177
                0x000000000401ac80       0x10 ../masterEsp32_bsp//newlib/nios2-elf/lib/libc.a(lib_a-vfprintf.o)
 .rodata        0x000000000401ac90       0x83 ../masterEsp32_bsp//newlib/nios2-elf/lib/libc.a(lib_a-dtoa.o)
 *fill*         0x000000000401ad13        0x1 
 .rodata        0x000000000401ad14       0x12 ../masterEsp32_bsp//newlib/nios2-elf/lib/libc.a(lib_a-locale.o)
 *fill*         0x000000000401ad26        0x2 
 .rodata        0x000000000401ad28       0x70 ../masterEsp32_bsp//newlib/nios2-elf/lib/libc.a(lib_a-mprec.o)
 .rodata.__mprec_tens
                0x000000000401ad98       0xc8 ../masterEsp32_bsp//newlib/nios2-elf/lib/libc.a(lib_a-mprec.o)
                0x000000000401ad98                __mprec_tens
 .rodata.__mprec_bigtens
                0x000000000401ae60       0x28 ../masterEsp32_bsp//newlib/nios2-elf/lib/libc.a(lib_a-mprec.o)
                0x000000000401ae60                __mprec_bigtens
 .rodata.__mprec_tinytens
                0x000000000401ae88       0x28 ../masterEsp32_bsp//newlib/nios2-elf/lib/libc.a(lib_a-mprec.o)
                0x000000000401ae88                __mprec_tinytens
 .rodata.p05.3991
                0x000000000401aeb0        0xc ../masterEsp32_bsp//newlib/nios2-elf/lib/libc.a(lib_a-mprec.o)
 .rodata        0x000000000401aebc       0x4a ../masterEsp32_bsp//newlib/nios2-elf/lib/libc.a(lib_a-vfiprintf.o)
 *fill*         0x000000000401af06        0x2 
 .rodata.blanks.5153
                0x000000000401af08       0x10 ../masterEsp32_bsp//newlib/nios2-elf/lib/libc.a(lib_a-vfiprintf.o)
 .rodata.zeroes.5154
                0x000000000401af18       0x10 ../masterEsp32_bsp//newlib/nios2-elf/lib/libc.a(lib_a-vfiprintf.o)
 .rodata        0x000000000401af28       0x43 ../masterEsp32_bsp//newlib/nios2-elf/lib/libc.a(lib_a-assert.o)
 *fill*         0x000000000401af6b        0x1 
 .rodata._ctype_b
                0x000000000401af6c      0x180 ../masterEsp32_bsp//newlib/nios2-elf/lib/libc.a(lib_a-ctype_.o)
                0x000000000401af6c                _ctype_b
 .rodata._ctype_
                0x000000000401b0ec      0x101 ../masterEsp32_bsp//newlib/nios2-elf/lib/libc.a(lib_a-ctype_.o)
                0x000000000401b0ec                _ctype_
 *fill*         0x000000000401b1ed        0x3 
 .rodata        0x000000000401b1f0      0x100 /home/omar/intelFPGA_lite/20.1/nios2eds/bin/gnu/H-x86_64-pc-linux-gnu/bin/../lib/gcc/nios2-elf/9.2.1/mno-hw-mul/libgcc.a(_clz.o)
                0x000000000401b1f0                __clz_tab
 .rodata        0x000000000401b2f0        0xa ../masterEsp32_bsp//libhal_bsp.a(alt_dev.o)
 *fill*         0x000000000401b2fa        0x2 
 .rodata        0x000000000401b2fc       0x11 ../masterEsp32_bsp//libhal_bsp.a(alt_main.o)
 *fill*         0x000000000401b30d        0x3 
 .rodata        0x000000000401b310       0x2b ../masterEsp32_bsp//libhal_bsp.a(alt_sys_init.o)
 *(.rodata1)
                0x000000000401b33c                . = ALIGN (0x4)
 *fill*         0x000000000401b33b        0x1 
                0x000000000401b33c                PROVIDE (__ram_rodata_end = ABSOLUTE (.))
                0x000000000401abc8                PROVIDE (__flash_rodata_start = LOADADDR (.rodata))

.rwdata         0x000000000401b33c     0x1c08 load address 0x000000000401cf44
                0x000000000401b33c                PROVIDE (__ram_rwdata_start = ABSOLUTE (.))
                0x000000000401b33c                . = ALIGN (0x4)
 *(.got.plt)
 *(.got)
 *(.data1)
 *(.data .data.* .gnu.linkonce.d.*)
 .data          0x000000000401b33c        0x0 ../masterEsp32_bsp//obj/HAL/src/crt0.o
 .data          0x000000000401b33c        0x0 obj/default/FreeRTOS/croutine.o
 .data          0x000000000401b33c        0x0 obj/default/FreeRTOS/event_groups.o
 .data          0x000000000401b33c        0x0 obj/default/FreeRTOS/list.o
 .data          0x000000000401b33c        0x0 obj/default/FreeRTOS/portable/GCC/NiosII/port.o
 .data          0x000000000401b33c        0x0 obj/default/FreeRTOS/portable/MemMang/heap_1.o
 .data          0x000000000401b33c        0x0 obj/default/FreeRTOS/queue.o
 .data          0x000000000401b33c        0x0 obj/default/FreeRTOS/stream_buffer.o
 .data          0x000000000401b33c        0x0 obj/default/FreeRTOS/tasks.o
 .data          0x000000000401b33c        0x0 obj/default/FreeRTOS/timers.o
 .data          0x000000000401b33c        0x0 obj/default/float2_functionality.o
 .data          0x000000000401b33c        0x0 obj/default/FreeRTOS/portable/GCC/NiosII/port_asm.o
 .data          0x000000000401b33c        0x0 /home/omar/intelFPGA_lite/20.1/nios2eds/bin/gnu/H-x86_64-pc-linux-gnu/bin/../lib/gcc/nios2-elf/9.2.1/mno-hw-mul/libgcc.a(lib2-divmod.o)
 .data          0x000000000401b33c        0x0 /home/omar/intelFPGA_lite/20.1/nios2eds/bin/gnu/H-x86_64-pc-linux-gnu/bin/../lib/gcc/nios2-elf/9.2.1/mno-hw-mul/libgcc.a(lib2-mul.o)
 .data          0x000000000401b33c        0x0 ../masterEsp32_bsp//newlib/nios2-elf/lib/libc.a(lib_a-memcpy.o)
 .data          0x000000000401b33c        0x0 ../masterEsp32_bsp//newlib/nios2-elf/lib/libc.a(lib_a-memset.o)
 .data          0x000000000401b33c        0x0 ../masterEsp32_bsp//newlib/nios2-elf/lib/libc.a(lib_a-printf.o)
 .data          0x000000000401b33c        0x0 ../masterEsp32_bsp//newlib/nios2-elf/lib/libc.a(lib_a-puts.o)
 .data          0x000000000401b33c        0x0 ../masterEsp32_bsp//newlib/nios2-elf/lib/libc.a(lib_a-strlen.o)
 .data          0x000000000401b33c        0x0 ../masterEsp32_bsp//newlib/nios2-elf/lib/libc.a(lib_a-vfprintf.o)
 .data          0x000000000401b33c        0x0 ../masterEsp32_bsp//newlib/nios2-elf/lib/libc.a(lib_a-wsetup.o)
 .data          0x000000000401b33c        0x0 ../masterEsp32_bsp//newlib/nios2-elf/lib/libc.a(lib_a-dtoa.o)
 .data          0x000000000401b33c        0x0 ../masterEsp32_bsp//newlib/nios2-elf/lib/libc.a(lib_a-fflush.o)
 .data          0x000000000401b33c        0x0 ../masterEsp32_bsp//newlib/nios2-elf/lib/libc.a(lib_a-findfp.o)
 .data          0x000000000401b33c        0x0 ../masterEsp32_bsp//newlib/nios2-elf/lib/libc.a(lib_a-freer.o)
 .data          0x000000000401b33c        0x0 ../masterEsp32_bsp//newlib/nios2-elf/lib/libc.a(lib_a-fvwrite.o)
 .data          0x000000000401b33c        0x0 ../masterEsp32_bsp//newlib/nios2-elf/lib/libc.a(lib_a-fwalk.o)
 .data          0x000000000401b33c        0x0 ../masterEsp32_bsp//newlib/nios2-elf/lib/libc.a(lib_a-impure.o)
 .data.impure_data
                0x000000000401b33c      0x424 ../masterEsp32_bsp//newlib/nios2-elf/lib/libc.a(lib_a-impure.o)
 .data          0x000000000401b760        0x0 ../masterEsp32_bsp//newlib/nios2-elf/lib/libc.a(lib_a-localeconv.o)
 .data          0x000000000401b760        0x0 ../masterEsp32_bsp//newlib/nios2-elf/lib/libc.a(lib_a-locale.o)
 .data.__global_locale
                0x000000000401b760      0x16c ../masterEsp32_bsp//newlib/nios2-elf/lib/libc.a(lib_a-locale.o)
                0x000000000401b760                __global_locale
 .data          0x000000000401b8cc        0x0 ../masterEsp32_bsp//newlib/nios2-elf/lib/libc.a(lib_a-makebuf.o)
 .data          0x000000000401b8cc        0x0 ../masterEsp32_bsp//newlib/nios2-elf/lib/libc.a(lib_a-mallocr.o)
 .data.__malloc_av_
                0x000000000401b8cc      0x408 ../masterEsp32_bsp//newlib/nios2-elf/lib/libc.a(lib_a-mallocr.o)
                0x000000000401b8cc                __malloc_av_
 .data          0x000000000401bcd4        0x0 ../masterEsp32_bsp//newlib/nios2-elf/lib/libc.a(lib_a-mbtowc_r.o)
 .data          0x000000000401bcd4        0x0 ../masterEsp32_bsp//newlib/nios2-elf/lib/libc.a(lib_a-memchr.o)
 .data          0x000000000401bcd4        0x0 ../masterEsp32_bsp//newlib/nios2-elf/lib/libc.a(lib_a-memmove.o)
 .data          0x000000000401bcd4        0x0 ../masterEsp32_bsp//newlib/nios2-elf/lib/libc.a(lib_a-mprec.o)
 .data          0x000000000401bcd4        0x0 ../masterEsp32_bsp//newlib/nios2-elf/lib/libc.a(lib_a-reallocr.o)
 .data          0x000000000401bcd4        0x0 ../masterEsp32_bsp//newlib/nios2-elf/lib/libc.a(lib_a-sbrkr.o)
 .data          0x000000000401bcd4        0x0 ../masterEsp32_bsp//newlib/nios2-elf/lib/libc.a(lib_a-stdio.o)
 .data          0x000000000401bcd4        0x0 ../masterEsp32_bsp//newlib/nios2-elf/lib/libc.a(lib_a-strcmp.o)
 .data          0x000000000401bcd4        0x0 ../masterEsp32_bsp//newlib/nios2-elf/lib/libc.a(lib_a-vfiprintf.o)
 .data          0x000000000401bcd4        0x0 ../masterEsp32_bsp//newlib/nios2-elf/lib/libc.a(lib_a-wctomb_r.o)
 .data          0x000000000401bcd4        0x0 ../masterEsp32_bsp//newlib/nios2-elf/lib/libc.a(lib_a-writer.o)
 .data          0x000000000401bcd4        0x0 ../masterEsp32_bsp//newlib/nios2-elf/lib/libc.a(closer.o)
 .data          0x000000000401bcd4        0x0 ../masterEsp32_bsp//newlib/nios2-elf/lib/libc.a(lib_a-assert.o)
 .data          0x000000000401bcd4        0x0 ../masterEsp32_bsp//newlib/nios2-elf/lib/libc.a(lib_a-callocr.o)
 .data          0x000000000401bcd4        0x0 ../masterEsp32_bsp//newlib/nios2-elf/lib/libc.a(lib_a-ctype_.o)
 .data          0x000000000401bcd4        0x0 ../masterEsp32_bsp//newlib/nios2-elf/lib/libc.a(lib_a-fclose.o)
 .data          0x000000000401bcd4        0x0 ../masterEsp32_bsp//newlib/nios2-elf/lib/libc.a(lib_a-fiprintf.o)
 .data          0x000000000401bcd4        0x0 ../masterEsp32_bsp//newlib/nios2-elf/lib/libc.a(lib_a-fputwc.o)
 .data          0x000000000401bcd4        0x0 ../masterEsp32_bsp//newlib/nios2-elf/lib/libc.a(lib_a-fstatr.o)
 .data          0x000000000401bcd4        0x0 ../masterEsp32_bsp//newlib/nios2-elf/lib/libc.a(lib_a-int_errno.o)
 .data          0x000000000401bcd4        0x0 ../masterEsp32_bsp//newlib/nios2-elf/lib/libc.a(lib_a-isattyr.o)
 .data          0x000000000401bcd4        0x0 ../masterEsp32_bsp//newlib/nios2-elf/lib/libc.a(lib_a-lseekr.o)
 .data          0x000000000401bcd4        0x0 ../masterEsp32_bsp//newlib/nios2-elf/lib/libc.a(lib_a-readr.o)
 .data          0x000000000401bcd4        0x0 ../masterEsp32_bsp//newlib/nios2-elf/lib/libc.a(lib_a-vfiprintfr_1.o)
 .data          0x000000000401bcd4        0x0 ../masterEsp32_bsp//newlib/nios2-elf/lib/libc.a(lib_a-wbuf.o)
 .data          0x000000000401bcd4        0x0 ../masterEsp32_bsp//newlib/nios2-elf/lib/libc.a(lib_a-wcrtomb.o)
 .data          0x000000000401bcd4        0x0 ../masterEsp32_bsp//newlib/nios2-elf/lib/libc.a(lib_a-abort.o)
 .data          0x000000000401bcd4        0x0 ../masterEsp32_bsp//newlib/nios2-elf/lib/libc.a(lib_a-signal.o)
 .data          0x000000000401bcd4        0x0 ../masterEsp32_bsp//newlib/nios2-elf/lib/libc.a(lib_a-signalr.o)
 .data          0x000000000401bcd4        0x0 /home/omar/intelFPGA_lite/20.1/nios2eds/bin/gnu/H-x86_64-pc-linux-gnu/bin/../lib/gcc/nios2-elf/9.2.1/mno-hw-mul/libgcc.a(_udivdi3.o)
 .data          0x000000000401bcd4        0x0 /home/omar/intelFPGA_lite/20.1/nios2eds/bin/gnu/H-x86_64-pc-linux-gnu/bin/../lib/gcc/nios2-elf/9.2.1/mno-hw-mul/libgcc.a(_umoddi3.o)
 .data          0x000000000401bcd4        0x0 /home/omar/intelFPGA_lite/20.1/nios2eds/bin/gnu/H-x86_64-pc-linux-gnu/bin/../lib/gcc/nios2-elf/9.2.1/mno-hw-mul/libgcc.a(adddf3.o)
 .data          0x000000000401bcd4        0x0 /home/omar/intelFPGA_lite/20.1/nios2eds/bin/gnu/H-x86_64-pc-linux-gnu/bin/../lib/gcc/nios2-elf/9.2.1/mno-hw-mul/libgcc.a(divdf3.o)
 .data          0x000000000401bcd4        0x0 /home/omar/intelFPGA_lite/20.1/nios2eds/bin/gnu/H-x86_64-pc-linux-gnu/bin/../lib/gcc/nios2-elf/9.2.1/mno-hw-mul/libgcc.a(eqdf2.o)
 .data          0x000000000401bcd4        0x0 /home/omar/intelFPGA_lite/20.1/nios2eds/bin/gnu/H-x86_64-pc-linux-gnu/bin/../lib/gcc/nios2-elf/9.2.1/mno-hw-mul/libgcc.a(gedf2.o)
 .data          0x000000000401bcd4        0x0 /home/omar/intelFPGA_lite/20.1/nios2eds/bin/gnu/H-x86_64-pc-linux-gnu/bin/../lib/gcc/nios2-elf/9.2.1/mno-hw-mul/libgcc.a(ledf2.o)
 .data          0x000000000401bcd4        0x0 /home/omar/intelFPGA_lite/20.1/nios2eds/bin/gnu/H-x86_64-pc-linux-gnu/bin/../lib/gcc/nios2-elf/9.2.1/mno-hw-mul/libgcc.a(muldf3.o)
 .data          0x000000000401bcd4        0x0 /home/omar/intelFPGA_lite/20.1/nios2eds/bin/gnu/H-x86_64-pc-linux-gnu/bin/../lib/gcc/nios2-elf/9.2.1/mno-hw-mul/libgcc.a(subdf3.o)
 .data          0x000000000401bcd4        0x0 /home/omar/intelFPGA_lite/20.1/nios2eds/bin/gnu/H-x86_64-pc-linux-gnu/bin/../lib/gcc/nios2-elf/9.2.1/mno-hw-mul/libgcc.a(unorddf2.o)
 .data          0x000000000401bcd4        0x0 /home/omar/intelFPGA_lite/20.1/nios2eds/bin/gnu/H-x86_64-pc-linux-gnu/bin/../lib/gcc/nios2-elf/9.2.1/mno-hw-mul/libgcc.a(fixdfsi.o)
 .data          0x000000000401bcd4        0x0 /home/omar/intelFPGA_lite/20.1/nios2eds/bin/gnu/H-x86_64-pc-linux-gnu/bin/../lib/gcc/nios2-elf/9.2.1/mno-hw-mul/libgcc.a(floatsidf.o)
 .data          0x000000000401bcd4        0x0 /home/omar/intelFPGA_lite/20.1/nios2eds/bin/gnu/H-x86_64-pc-linux-gnu/bin/../lib/gcc/nios2-elf/9.2.1/mno-hw-mul/libgcc.a(floatunsidf.o)
 .data          0x000000000401bcd4        0x0 /home/omar/intelFPGA_lite/20.1/nios2eds/bin/gnu/H-x86_64-pc-linux-gnu/bin/../lib/gcc/nios2-elf/9.2.1/mno-hw-mul/libgcc.a(_clz.o)
 .data          0x000000000401bcd4        0x0 /home/omar/intelFPGA_lite/20.1/nios2eds/bin/gnu/H-x86_64-pc-linux-gnu/bin/../lib/gcc/nios2-elf/9.2.1/mno-hw-mul/libgcc.a(_clzsi2.o)
 .data          0x000000000401bcd4        0x0 ../masterEsp32_bsp//libhal_bsp.a(alt_close.o)
 .data          0x000000000401bcd4      0x1a8 ../masterEsp32_bsp//libhal_bsp.a(alt_dev.o)
                0x000000000401bcd4                alt_dev_null
                0x000000000401bcfc                alt_fd_list
 .data          0x000000000401be7c        0x0 ../masterEsp32_bsp//libhal_bsp.a(alt_errno.o)
 .data          0x000000000401be7c        0x0 ../masterEsp32_bsp//libhal_bsp.a(alt_exit.o)
 .data          0x000000000401be7c        0x0 ../masterEsp32_bsp//libhal_bsp.a(alt_fstat.o)
 .data          0x000000000401be7c        0x0 ../masterEsp32_bsp//libhal_bsp.a(alt_getpid.o)
 .data          0x000000000401be7c        0x0 ../masterEsp32_bsp//libhal_bsp.a(alt_iic.o)
 .data          0x000000000401be7c        0x0 ../masterEsp32_bsp//libhal_bsp.a(alt_iic_isr_register.o)
 .data          0x000000000401be7c        0x0 ../masterEsp32_bsp//libhal_bsp.a(alt_irq_entry.o)
 .data          0x000000000401be7c        0x0 ../masterEsp32_bsp//libhal_bsp.a(alt_irq_handler.o)
 .data          0x000000000401be7c        0x0 ../masterEsp32_bsp//libhal_bsp.a(alt_irq_vars.o)
 .data          0x000000000401be7c        0x0 ../masterEsp32_bsp//libhal_bsp.a(alt_isatty.o)
 .data          0x000000000401be7c        0x0 ../masterEsp32_bsp//libhal_bsp.a(alt_kill.o)
 .data          0x000000000401be7c        0x0 ../masterEsp32_bsp//libhal_bsp.a(alt_load.o)
 .data          0x000000000401be7c        0x0 ../masterEsp32_bsp//libhal_bsp.a(alt_lseek.o)
 .data          0x000000000401be7c        0x0 ../masterEsp32_bsp//libhal_bsp.a(alt_main.o)
 .data          0x000000000401be7c        0x0 ../masterEsp32_bsp//libhal_bsp.a(alt_malloc_lock.o)
 .data          0x000000000401be7c        0x0 ../masterEsp32_bsp//libhal_bsp.a(alt_read.o)
 .data          0x000000000401be7c        0x0 ../masterEsp32_bsp//libhal_bsp.a(alt_release_fd.o)
 .data          0x000000000401be7c        0x0 ../masterEsp32_bsp//libhal_bsp.a(alt_sbrk.o)
 .data          0x000000000401be7c        0x0 ../masterEsp32_bsp//libhal_bsp.a(alt_write.o)
 .data          0x000000000401be7c     0x108c ../masterEsp32_bsp//libhal_bsp.a(alt_sys_init.o)
 .data          0x000000000401cf08        0x0 ../masterEsp32_bsp//libhal_bsp.a(altera_avalon_jtag_uart_fd.o)
 .data          0x000000000401cf08        0x0 ../masterEsp32_bsp//libhal_bsp.a(altera_avalon_jtag_uart_init.o)
 .data          0x000000000401cf08        0x0 ../masterEsp32_bsp//libhal_bsp.a(altera_avalon_jtag_uart_ioctl.o)
 .data          0x000000000401cf08        0x0 ../masterEsp32_bsp//libhal_bsp.a(altera_avalon_jtag_uart_read.o)
 .data          0x000000000401cf08        0x0 ../masterEsp32_bsp//libhal_bsp.a(altera_avalon_jtag_uart_write.o)
 .data          0x000000000401cf08        0x0 ../masterEsp32_bsp//libhal_bsp.a(altera_avalon_timer_sc.o)
 .data          0x000000000401cf08        0x0 ../masterEsp32_bsp//libhal_bsp.a(altera_up_avalon_accelerometer_spi.o)
 .data          0x000000000401cf08        0x0 ../masterEsp32_bsp//libhal_bsp.a(alt_alarm_start.o)
 .data          0x000000000401cf08        0x0 ../masterEsp32_bsp//libhal_bsp.a(alt_dcache_flush_all.o)
 .data          0x000000000401cf08        0x0 ../masterEsp32_bsp//libhal_bsp.a(alt_dev_llist_insert.o)
 .data          0x000000000401cf08        0x0 ../masterEsp32_bsp//libhal_bsp.a(alt_do_ctors.o)
 .data          0x000000000401cf08        0x0 ../masterEsp32_bsp//libhal_bsp.a(alt_do_dtors.o)
 .data          0x000000000401cf08        0x0 ../masterEsp32_bsp//libhal_bsp.a(alt_exception_entry.o)
 .data          0x000000000401cf08        0x0 ../masterEsp32_bsp//libhal_bsp.a(alt_find_dev.o)
 .data          0x000000000401cf08        0x0 ../masterEsp32_bsp//libhal_bsp.a(alt_icache_flush_all.o)
 .data          0x000000000401cf08        0x0 ../masterEsp32_bsp//libhal_bsp.a(alt_instruction_exception_entry.o)
 .data          0x000000000401cf08        0x0 ../masterEsp32_bsp//libhal_bsp.a(alt_io_redirect.o)
 .data          0x000000000401cf08        0x0 ../masterEsp32_bsp//libhal_bsp.a(alt_open.o)
 .data          0x000000000401cf08        0x0 ../masterEsp32_bsp//libhal_bsp.a(alt_tick.o)
 .data          0x000000000401cf08        0x0 ../masterEsp32_bsp//libhal_bsp.a(altera_nios2_gen2_irq.o)
 .data          0x000000000401cf08        0x0 ../masterEsp32_bsp//libhal_bsp.a(alt_find_file.o)
 .data          0x000000000401cf08        0x0 ../masterEsp32_bsp//libhal_bsp.a(alt_get_fd.o)
 .data          0x000000000401cf08        0x0 ../masterEsp32_bsp//newlib/nios2-elf/lib/libc.a(lib_a-atexit.o)
 .data          0x000000000401cf08        0x0 ../masterEsp32_bsp//newlib/nios2-elf/lib/libc.a(lib_a-exit.o)
 .data          0x000000000401cf08        0x0 ../masterEsp32_bsp//newlib/nios2-elf/lib/libc.a(lib_a-memcmp.o)
 .data          0x000000000401cf08        0x0 ../masterEsp32_bsp//newlib/nios2-elf/lib/libc.a(lib_a-__atexit.o)
 .data          0x000000000401cf08        0x0 ../masterEsp32_bsp//newlib/nios2-elf/lib/libc.a(lib_a-__call_atexit.o)
                0x0000000004024f08                _gp = ABSOLUTE ((. + 0x8000))
                [!provide]                        PROVIDE (gp = _gp)
 *(.rwdata .rwdata.*)
 *(.sdata .sdata.* .gnu.linkonce.s.*)
 .sdata         0x000000000401cf08        0x4 obj/default/FreeRTOS/tasks.o
                0x000000000401cf08                uxTopUsedPriority
 .sdata._impure_ptr
                0x000000000401cf0c        0x4 ../masterEsp32_bsp//newlib/nios2-elf/lib/libc.a(lib_a-impure.o)
                0x000000000401cf0c                _impure_ptr
 .sdata._global_impure_ptr
                0x000000000401cf10        0x4 ../masterEsp32_bsp//newlib/nios2-elf/lib/libc.a(lib_a-impure.o)
                0x000000000401cf10                _global_impure_ptr
 .sdata.__malloc_trim_threshold
                0x000000000401cf14        0x4 ../masterEsp32_bsp//newlib/nios2-elf/lib/libc.a(lib_a-mallocr.o)
                0x000000000401cf14                __malloc_trim_threshold
 .sdata.__malloc_sbrk_base
                0x000000000401cf18        0x4 ../masterEsp32_bsp//newlib/nios2-elf/lib/libc.a(lib_a-mallocr.o)
                0x000000000401cf18                __malloc_sbrk_base
 .sdata         0x000000000401cf1c       0x14 ../masterEsp32_bsp//libhal_bsp.a(alt_dev.o)
                0x000000000401cf1c                alt_fs_list
                0x000000000401cf24                alt_dev_list
                0x000000000401cf2c                alt_max_fd
 .sdata         0x000000000401cf30        0x4 ../masterEsp32_bsp//libhal_bsp.a(alt_errno.o)
                0x000000000401cf30                alt_errno
 .sdata         0x000000000401cf34        0x4 ../masterEsp32_bsp//libhal_bsp.a(alt_irq_vars.o)
                0x000000000401cf34                alt_priority_mask
 .sdata         0x000000000401cf38        0x4 ../masterEsp32_bsp//libhal_bsp.a(alt_sbrk.o)
 .sdata         0x000000000401cf3c        0x8 ../masterEsp32_bsp//libhal_bsp.a(alt_tick.o)
                0x000000000401cf3c                alt_alarm_list
 *(.sdata2 .sdata2.* .gnu.linkonce.s2.*)
                0x000000000401cf44                . = ALIGN (0x4)
                0x000000000401cf44                _edata = ABSOLUTE (.)
                [!provide]                        PROVIDE (edata = ABSOLUTE (.))
                0x000000000401cf44                PROVIDE (__ram_rwdata_end = ABSOLUTE (.))
                0x000000000401cf44                PROVIDE (__flash_rwdata_start = LOADADDR (.rwdata))

.bss            0x000000000401eb4c   0x800274
                0x000000000401eb4c                __bss_start = ABSOLUTE (.)
                [!provide]                        PROVIDE (__sbss_start = ABSOLUTE (.))
                [!provide]                        PROVIDE (___sbss_start = ABSOLUTE (.))
 *(.dynsbss)
 *(.sbss .sbss.* .gnu.linkonce.sb.*)
 .sbss          0x000000000401eb4c        0x8 obj/default/FreeRTOS/portable/MemMang/heap_1.o
 .sbss          0x000000000401eb54       0x3c obj/default/FreeRTOS/tasks.o
                0x000000000401eb54                pxCurrentTCB
 .sbss          0x000000000401eb90        0x4 obj/default/float2_functionality.o
                0x000000000401eb90                score
 .sbss.__sfp_recursive_mutex
                0x000000000401eb94        0x4 ../masterEsp32_bsp//newlib/nios2-elf/lib/libc.a(lib_a-findfp.o)
 .sbss.__sinit_recursive_mutex
                0x000000000401eb98        0x4 ../masterEsp32_bsp//newlib/nios2-elf/lib/libc.a(lib_a-findfp.o)
 .sbss._PathLocale
                0x000000000401eb9c        0x4 ../masterEsp32_bsp//newlib/nios2-elf/lib/libc.a(lib_a-locale.o)
                0x000000000401eb9c                _PathLocale
 .sbss.__malloc_top_pad
                0x000000000401eba0        0x4 ../masterEsp32_bsp//newlib/nios2-elf/lib/libc.a(lib_a-mallocr.o)
                0x000000000401eba0                __malloc_top_pad
 .sbss.__malloc_max_sbrked_mem
                0x000000000401eba4        0x4 ../masterEsp32_bsp//newlib/nios2-elf/lib/libc.a(lib_a-mallocr.o)
                0x000000000401eba4                __malloc_max_sbrked_mem
 .sbss.__malloc_max_total_mem
                0x000000000401eba8        0x4 ../masterEsp32_bsp//newlib/nios2-elf/lib/libc.a(lib_a-mallocr.o)
                0x000000000401eba8                __malloc_max_total_mem
 .sbss          0x000000000401ebac        0x4 ../masterEsp32_bsp//newlib/nios2-elf/lib/libc.a(lib_a-int_errno.o)
                0x000000000401ebac                errno
 .sbss          0x000000000401ebb0        0x4 ../masterEsp32_bsp//libhal_bsp.a(alt_irq_vars.o)
                0x000000000401ebb0                alt_irq_active
 .sbss          0x000000000401ebb4        0xc ../masterEsp32_bsp//libhal_bsp.a(alt_main.o)
                0x000000000401ebb4                alt_argc
                0x000000000401ebb8                alt_argv
                0x000000000401ebbc                alt_envp
 .sbss          0x000000000401ebc0        0x4 ../masterEsp32_bsp//libhal_bsp.a(alt_instruction_exception_entry.o)
                0x000000000401ebc0                alt_instruction_exception_handler
 .sbss          0x000000000401ebc4        0x8 ../masterEsp32_bsp//libhal_bsp.a(alt_tick.o)
                0x000000000401ebc4                _alt_tick_rate
                0x000000000401ebc8                _alt_nticks
 .sbss.__atexit_recursive_mutex
                0x000000000401ebcc        0x4 ../masterEsp32_bsp//newlib/nios2-elf/lib/libc.a(lib_a-__call_atexit.o)
 *(.sbss2 .sbss2.* .gnu.linkonce.sb2.*)
 *(.scommon)
                [!provide]                        PROVIDE (__sbss_end = ABSOLUTE (.))
                [!provide]                        PROVIDE (___sbss_end = ABSOLUTE (.))
 *(.dynbss)
 *(.bss .bss.* .gnu.linkonce.b.*)
 .bss           0x000000000401ebd0        0x0 ../masterEsp32_bsp//obj/HAL/src/crt0.o
 .bss           0x000000000401ebd0        0x0 obj/default/FreeRTOS/croutine.o
 .bss           0x000000000401ebd0        0x0 obj/default/FreeRTOS/event_groups.o
 .bss           0x000000000401ebd0        0x0 obj/default/FreeRTOS/list.o
 .bss           0x000000000401ebd0        0x0 obj/default/FreeRTOS/portable/GCC/NiosII/port.o
 .bss           0x000000000401ebd0   0x800000 obj/default/FreeRTOS/portable/MemMang/heap_1.o
 .bss           0x000000000481ebd0        0x0 obj/default/FreeRTOS/queue.o
 .bss           0x000000000481ebd0        0x0 obj/default/FreeRTOS/stream_buffer.o
 .bss           0x000000000481ebd0       0xc8 obj/default/FreeRTOS/tasks.o
 .bss           0x000000000481ec98        0x0 obj/default/FreeRTOS/timers.o
 .bss           0x000000000481ec98        0x0 obj/default/float2_functionality.o
 .bss           0x000000000481ec98        0x0 obj/default/FreeRTOS/portable/GCC/NiosII/port_asm.o
 .bss           0x000000000481ec98        0x0 /home/omar/intelFPGA_lite/20.1/nios2eds/bin/gnu/H-x86_64-pc-linux-gnu/bin/../lib/gcc/nios2-elf/9.2.1/mno-hw-mul/libgcc.a(lib2-divmod.o)
 .bss           0x000000000481ec98        0x0 /home/omar/intelFPGA_lite/20.1/nios2eds/bin/gnu/H-x86_64-pc-linux-gnu/bin/../lib/gcc/nios2-elf/9.2.1/mno-hw-mul/libgcc.a(lib2-mul.o)
 .bss           0x000000000481ec98        0x0 ../masterEsp32_bsp//newlib/nios2-elf/lib/libc.a(lib_a-memcpy.o)
 .bss           0x000000000481ec98        0x0 ../masterEsp32_bsp//newlib/nios2-elf/lib/libc.a(lib_a-memset.o)
 .bss           0x000000000481ec98        0x0 ../masterEsp32_bsp//newlib/nios2-elf/lib/libc.a(lib_a-printf.o)
 .bss           0x000000000481ec98        0x0 ../masterEsp32_bsp//newlib/nios2-elf/lib/libc.a(lib_a-puts.o)
 .bss           0x000000000481ec98        0x0 ../masterEsp32_bsp//newlib/nios2-elf/lib/libc.a(lib_a-strlen.o)
 .bss           0x000000000481ec98        0x0 ../masterEsp32_bsp//newlib/nios2-elf/lib/libc.a(lib_a-vfprintf.o)
 .bss           0x000000000481ec98        0x0 ../masterEsp32_bsp//newlib/nios2-elf/lib/libc.a(lib_a-wsetup.o)
 .bss           0x000000000481ec98        0x0 ../masterEsp32_bsp//newlib/nios2-elf/lib/libc.a(lib_a-dtoa.o)
 .bss           0x000000000481ec98        0x0 ../masterEsp32_bsp//newlib/nios2-elf/lib/libc.a(lib_a-fflush.o)
 .bss           0x000000000481ec98        0x0 ../masterEsp32_bsp//newlib/nios2-elf/lib/libc.a(lib_a-findfp.o)
 .bss           0x000000000481ec98        0x0 ../masterEsp32_bsp//newlib/nios2-elf/lib/libc.a(lib_a-freer.o)
 .bss           0x000000000481ec98        0x0 ../masterEsp32_bsp//newlib/nios2-elf/lib/libc.a(lib_a-fvwrite.o)
 .bss           0x000000000481ec98        0x0 ../masterEsp32_bsp//newlib/nios2-elf/lib/libc.a(lib_a-fwalk.o)
 .bss           0x000000000481ec98        0x0 ../masterEsp32_bsp//newlib/nios2-elf/lib/libc.a(lib_a-impure.o)
 .bss           0x000000000481ec98        0x0 ../masterEsp32_bsp//newlib/nios2-elf/lib/libc.a(lib_a-localeconv.o)
 .bss           0x000000000481ec98        0x0 ../masterEsp32_bsp//newlib/nios2-elf/lib/libc.a(lib_a-locale.o)
 .bss           0x000000000481ec98        0x0 ../masterEsp32_bsp//newlib/nios2-elf/lib/libc.a(lib_a-makebuf.o)
 .bss           0x000000000481ec98        0x0 ../masterEsp32_bsp//newlib/nios2-elf/lib/libc.a(lib_a-mallocr.o)
 .bss.__malloc_current_mallinfo
                0x000000000481ec98       0x28 ../masterEsp32_bsp//newlib/nios2-elf/lib/libc.a(lib_a-mallocr.o)
                0x000000000481ec98                __malloc_current_mallinfo
 .bss           0x000000000481ecc0        0x0 ../masterEsp32_bsp//newlib/nios2-elf/lib/libc.a(lib_a-mbtowc_r.o)
 .bss           0x000000000481ecc0        0x0 ../masterEsp32_bsp//newlib/nios2-elf/lib/libc.a(lib_a-memchr.o)
 .bss           0x000000000481ecc0        0x0 ../masterEsp32_bsp//newlib/nios2-elf/lib/libc.a(lib_a-memmove.o)
 .bss           0x000000000481ecc0        0x0 ../masterEsp32_bsp//newlib/nios2-elf/lib/libc.a(lib_a-mprec.o)
 .bss           0x000000000481ecc0        0x0 ../masterEsp32_bsp//newlib/nios2-elf/lib/libc.a(lib_a-reallocr.o)
 .bss           0x000000000481ecc0        0x0 ../masterEsp32_bsp//newlib/nios2-elf/lib/libc.a(lib_a-sbrkr.o)
 .bss           0x000000000481ecc0        0x0 ../masterEsp32_bsp//newlib/nios2-elf/lib/libc.a(lib_a-stdio.o)
 .bss           0x000000000481ecc0        0x0 ../masterEsp32_bsp//newlib/nios2-elf/lib/libc.a(lib_a-strcmp.o)
 .bss           0x000000000481ecc0        0x0 ../masterEsp32_bsp//newlib/nios2-elf/lib/libc.a(lib_a-vfiprintf.o)
 .bss           0x000000000481ecc0        0x0 ../masterEsp32_bsp//newlib/nios2-elf/lib/libc.a(lib_a-wctomb_r.o)
 .bss           0x000000000481ecc0        0x0 ../masterEsp32_bsp//newlib/nios2-elf/lib/libc.a(lib_a-writer.o)
 .bss           0x000000000481ecc0        0x0 ../masterEsp32_bsp//newlib/nios2-elf/lib/libc.a(closer.o)
 .bss           0x000000000481ecc0        0x0 ../masterEsp32_bsp//newlib/nios2-elf/lib/libc.a(lib_a-assert.o)
 .bss           0x000000000481ecc0        0x0 ../masterEsp32_bsp//newlib/nios2-elf/lib/libc.a(lib_a-callocr.o)
 .bss           0x000000000481ecc0        0x0 ../masterEsp32_bsp//newlib/nios2-elf/lib/libc.a(lib_a-ctype_.o)
 .bss           0x000000000481ecc0        0x0 ../masterEsp32_bsp//newlib/nios2-elf/lib/libc.a(lib_a-fclose.o)
 .bss           0x000000000481ecc0        0x0 ../masterEsp32_bsp//newlib/nios2-elf/lib/libc.a(lib_a-fiprintf.o)
 .bss           0x000000000481ecc0        0x0 ../masterEsp32_bsp//newlib/nios2-elf/lib/libc.a(lib_a-fputwc.o)
 .bss           0x000000000481ecc0        0x0 ../masterEsp32_bsp//newlib/nios2-elf/lib/libc.a(lib_a-fstatr.o)
 .bss           0x000000000481ecc0        0x0 ../masterEsp32_bsp//newlib/nios2-elf/lib/libc.a(lib_a-int_errno.o)
 .bss           0x000000000481ecc0        0x0 ../masterEsp32_bsp//newlib/nios2-elf/lib/libc.a(lib_a-isattyr.o)
 .bss           0x000000000481ecc0        0x0 ../masterEsp32_bsp//newlib/nios2-elf/lib/libc.a(lib_a-lseekr.o)
 .bss           0x000000000481ecc0        0x0 ../masterEsp32_bsp//newlib/nios2-elf/lib/libc.a(lib_a-readr.o)
 .bss           0x000000000481ecc0        0x0 ../masterEsp32_bsp//newlib/nios2-elf/lib/libc.a(lib_a-vfiprintfr_1.o)
 .bss           0x000000000481ecc0        0x0 ../masterEsp32_bsp//newlib/nios2-elf/lib/libc.a(lib_a-wbuf.o)
 .bss           0x000000000481ecc0        0x0 ../masterEsp32_bsp//newlib/nios2-elf/lib/libc.a(lib_a-wcrtomb.o)
 .bss           0x000000000481ecc0        0x0 ../masterEsp32_bsp//newlib/nios2-elf/lib/libc.a(lib_a-abort.o)
 .bss           0x000000000481ecc0        0x0 ../masterEsp32_bsp//newlib/nios2-elf/lib/libc.a(lib_a-signal.o)
 .bss           0x000000000481ecc0        0x0 ../masterEsp32_bsp//newlib/nios2-elf/lib/libc.a(lib_a-signalr.o)
 .bss           0x000000000481ecc0        0x0 /home/omar/intelFPGA_lite/20.1/nios2eds/bin/gnu/H-x86_64-pc-linux-gnu/bin/../lib/gcc/nios2-elf/9.2.1/mno-hw-mul/libgcc.a(_udivdi3.o)
 .bss           0x000000000481ecc0        0x0 /home/omar/intelFPGA_lite/20.1/nios2eds/bin/gnu/H-x86_64-pc-linux-gnu/bin/../lib/gcc/nios2-elf/9.2.1/mno-hw-mul/libgcc.a(_umoddi3.o)
 .bss           0x000000000481ecc0        0x0 /home/omar/intelFPGA_lite/20.1/nios2eds/bin/gnu/H-x86_64-pc-linux-gnu/bin/../lib/gcc/nios2-elf/9.2.1/mno-hw-mul/libgcc.a(adddf3.o)
 .bss           0x000000000481ecc0        0x0 /home/omar/intelFPGA_lite/20.1/nios2eds/bin/gnu/H-x86_64-pc-linux-gnu/bin/../lib/gcc/nios2-elf/9.2.1/mno-hw-mul/libgcc.a(divdf3.o)
 .bss           0x000000000481ecc0        0x0 /home/omar/intelFPGA_lite/20.1/nios2eds/bin/gnu/H-x86_64-pc-linux-gnu/bin/../lib/gcc/nios2-elf/9.2.1/mno-hw-mul/libgcc.a(eqdf2.o)
 .bss           0x000000000481ecc0        0x0 /home/omar/intelFPGA_lite/20.1/nios2eds/bin/gnu/H-x86_64-pc-linux-gnu/bin/../lib/gcc/nios2-elf/9.2.1/mno-hw-mul/libgcc.a(gedf2.o)
 .bss           0x000000000481ecc0        0x0 /home/omar/intelFPGA_lite/20.1/nios2eds/bin/gnu/H-x86_64-pc-linux-gnu/bin/../lib/gcc/nios2-elf/9.2.1/mno-hw-mul/libgcc.a(ledf2.o)
 .bss           0x000000000481ecc0        0x0 /home/omar/intelFPGA_lite/20.1/nios2eds/bin/gnu/H-x86_64-pc-linux-gnu/bin/../lib/gcc/nios2-elf/9.2.1/mno-hw-mul/libgcc.a(muldf3.o)
 .bss           0x000000000481ecc0        0x0 /home/omar/intelFPGA_lite/20.1/nios2eds/bin/gnu/H-x86_64-pc-linux-gnu/bin/../lib/gcc/nios2-elf/9.2.1/mno-hw-mul/libgcc.a(subdf3.o)
 .bss           0x000000000481ecc0        0x0 /home/omar/intelFPGA_lite/20.1/nios2eds/bin/gnu/H-x86_64-pc-linux-gnu/bin/../lib/gcc/nios2-elf/9.2.1/mno-hw-mul/libgcc.a(unorddf2.o)
 .bss           0x000000000481ecc0        0x0 /home/omar/intelFPGA_lite/20.1/nios2eds/bin/gnu/H-x86_64-pc-linux-gnu/bin/../lib/gcc/nios2-elf/9.2.1/mno-hw-mul/libgcc.a(fixdfsi.o)
 .bss           0x000000000481ecc0        0x0 /home/omar/intelFPGA_lite/20.1/nios2eds/bin/gnu/H-x86_64-pc-linux-gnu/bin/../lib/gcc/nios2-elf/9.2.1/mno-hw-mul/libgcc.a(floatsidf.o)
 .bss           0x000000000481ecc0        0x0 /home/omar/intelFPGA_lite/20.1/nios2eds/bin/gnu/H-x86_64-pc-linux-gnu/bin/../lib/gcc/nios2-elf/9.2.1/mno-hw-mul/libgcc.a(floatunsidf.o)
 .bss           0x000000000481ecc0        0x0 /home/omar/intelFPGA_lite/20.1/nios2eds/bin/gnu/H-x86_64-pc-linux-gnu/bin/../lib/gcc/nios2-elf/9.2.1/mno-hw-mul/libgcc.a(_clz.o)
 .bss           0x000000000481ecc0        0x0 /home/omar/intelFPGA_lite/20.1/nios2eds/bin/gnu/H-x86_64-pc-linux-gnu/bin/../lib/gcc/nios2-elf/9.2.1/mno-hw-mul/libgcc.a(_clzsi2.o)
 .bss           0x000000000481ecc0        0x0 ../masterEsp32_bsp//libhal_bsp.a(alt_close.o)
 .bss           0x000000000481ecc0        0x0 ../masterEsp32_bsp//libhal_bsp.a(alt_dev.o)
 .bss           0x000000000481ecc0        0x0 ../masterEsp32_bsp//libhal_bsp.a(alt_errno.o)
 .bss           0x000000000481ecc0        0x0 ../masterEsp32_bsp//libhal_bsp.a(alt_exit.o)
 .bss           0x000000000481ecc0        0x0 ../masterEsp32_bsp//libhal_bsp.a(alt_fstat.o)
 .bss           0x000000000481ecc0        0x0 ../masterEsp32_bsp//libhal_bsp.a(alt_getpid.o)
 .bss           0x000000000481ecc0        0x0 ../masterEsp32_bsp//libhal_bsp.a(alt_iic.o)
 .bss           0x000000000481ecc0        0x0 ../masterEsp32_bsp//libhal_bsp.a(alt_iic_isr_register.o)
 .bss           0x000000000481ecc0        0x0 ../masterEsp32_bsp//libhal_bsp.a(alt_irq_entry.o)
 .bss           0x000000000481ecc0        0x0 ../masterEsp32_bsp//libhal_bsp.a(alt_irq_handler.o)
 .bss           0x000000000481ecc0        0x0 ../masterEsp32_bsp//libhal_bsp.a(alt_irq_vars.o)
 .bss           0x000000000481ecc0        0x0 ../masterEsp32_bsp//libhal_bsp.a(alt_isatty.o)
 .bss           0x000000000481ecc0        0x0 ../masterEsp32_bsp//libhal_bsp.a(alt_kill.o)
 .bss           0x000000000481ecc0        0x0 ../masterEsp32_bsp//libhal_bsp.a(alt_load.o)
 .bss           0x000000000481ecc0        0x0 ../masterEsp32_bsp//libhal_bsp.a(alt_lseek.o)
 .bss           0x000000000481ecc0        0x0 ../masterEsp32_bsp//libhal_bsp.a(alt_main.o)