Archive member included to satisfy reference by file (symbol)

/home/omar/intelFPGA_lite/20.1/nios2eds/bin/gnu/H-x86_64-pc-linux-gnu/bin/../lib/gcc/nios2-elf/9.2.1/mno-hw-mul/libgcc.a(lib2-divmod.o)
                              obj/default/float2_functionality.o (__divsi3)
../finalMasterCode_bsp//newlib/nios2-elf/lib/libc.a(lib_a-printf.o)
                              obj/default/float2_functionality.o (printf)
../finalMasterCode_bsp//newlib/nios2-elf/lib/libc.a(lib_a-vfprintf.o)
                              ../finalMasterCode_bsp//newlib/nios2-elf/lib/libc.a(lib_a-printf.o) (___vfprintf_internal_r)
../finalMasterCode_bsp//newlib/nios2-elf/lib/libc.a(lib_a-wsetup.o)
                              ../finalMasterCode_bsp//newlib/nios2-elf/lib/libc.a(lib_a-vfprintf.o) (__swsetup_r)
../finalMasterCode_bsp//newlib/nios2-elf/lib/libc.a(lib_a-dtoa.o)
                              ../finalMasterCode_bsp//newlib/nios2-elf/lib/libc.a(lib_a-vfprintf.o) (_dtoa_r)
../finalMasterCode_bsp//newlib/nios2-elf/lib/libc.a(lib_a-fflush.o)
                              ../finalMasterCode_bsp//newlib/nios2-elf/lib/libc.a(lib_a-vfprintf.o) (_fflush_r)
../finalMasterCode_bsp//newlib/nios2-elf/lib/libc.a(lib_a-findfp.o)
                              ../finalMasterCode_bsp//newlib/nios2-elf/lib/libc.a(lib_a-vfprintf.o) (__sinit)
../finalMasterCode_bsp//newlib/nios2-elf/lib/libc.a(lib_a-freer.o)
                              ../finalMasterCode_bsp//newlib/nios2-elf/lib/libc.a(lib_a-vfprintf.o) (_free_r)
../finalMasterCode_bsp//newlib/nios2-elf/lib/libc.a(lib_a-fwalk.o)
                              ../finalMasterCode_bsp//newlib/nios2-elf/lib/libc.a(lib_a-findfp.o) (_fwalk)
../finalMasterCode_bsp//newlib/nios2-elf/lib/libc.a(lib_a-impure.o)
                              ../finalMasterCode_bsp//newlib/nios2-elf/lib/libc.a(lib_a-printf.o) (_impure_ptr)
../finalMasterCode_bsp//newlib/nios2-elf/lib/libc.a(lib_a-localeconv.o)
                              ../finalMasterCode_bsp//newlib/nios2-elf/lib/libc.a(lib_a-vfprintf.o) (_localeconv_r)
../finalMasterCode_bsp//newlib/nios2-elf/lib/libc.a(lib_a-locale.o)
                              ../finalMasterCode_bsp//newlib/nios2-elf/lib/libc.a(lib_a-localeconv.o) (__global_locale)
../finalMasterCode_bsp//newlib/nios2-elf/lib/libc.a(lib_a-makebuf.o)
                              ../finalMasterCode_bsp//newlib/nios2-elf/lib/libc.a(lib_a-wsetup.o) (__smakebuf_r)
../finalMasterCode_bsp//newlib/nios2-elf/lib/libc.a(lib_a-mallocr.o)
                              ../finalMasterCode_bsp//newlib/nios2-elf/lib/libc.a(lib_a-freer.o) (__malloc_av_)
../finalMasterCode_bsp//newlib/nios2-elf/lib/libc.a(lib_a-mbtowc_r.o)
                              ../finalMasterCode_bsp//newlib/nios2-elf/lib/libc.a(lib_a-locale.o) (__ascii_mbtowc)
../finalMasterCode_bsp//newlib/nios2-elf/lib/libc.a(lib_a-memchr.o)
                              ../finalMasterCode_bsp//newlib/nios2-elf/lib/libc.a(lib_a-vfprintf.o) (memchr)
../finalMasterCode_bsp//newlib/nios2-elf/lib/libc.a(lib_a-memcpy.o)
                              ../finalMasterCode_bsp//newlib/nios2-elf/lib/libc.a(lib_a-dtoa.o) (memcpy)
../finalMasterCode_bsp//newlib/nios2-elf/lib/libc.a(lib_a-memset.o)
                              ../finalMasterCode_bsp//newlib/nios2-elf/lib/libc.a(lib_a-findfp.o) (memset)
../finalMasterCode_bsp//newlib/nios2-elf/lib/libc.a(lib_a-mprec.o)
                              ../finalMasterCode_bsp//newlib/nios2-elf/lib/libc.a(lib_a-dtoa.o) (_Balloc)
../finalMasterCode_bsp//newlib/nios2-elf/lib/libc.a(lib_a-sbrkr.o)
                              ../finalMasterCode_bsp//newlib/nios2-elf/lib/libc.a(lib_a-freer.o) (_sbrk_r)
../finalMasterCode_bsp//newlib/nios2-elf/lib/libc.a(lib_a-stdio.o)
                              ../finalMasterCode_bsp//newlib/nios2-elf/lib/libc.a(lib_a-findfp.o) (__sread)
../finalMasterCode_bsp//newlib/nios2-elf/lib/libc.a(lib_a-strcmp.o)
                              ../finalMasterCode_bsp//newlib/nios2-elf/lib/libc.a(lib_a-locale.o) (strcmp)
../finalMasterCode_bsp//newlib/nios2-elf/lib/libc.a(lib_a-strlen.o)
                              ../finalMasterCode_bsp//newlib/nios2-elf/lib/libc.a(lib_a-vfprintf.o) (strlen)
../finalMasterCode_bsp//newlib/nios2-elf/lib/libc.a(lib_a-vfiprintf.o)
                              ../finalMasterCode_bsp//newlib/nios2-elf/lib/libc.a(lib_a-vfprintf.o) (__sprint_r)
../finalMasterCode_bsp//newlib/nios2-elf/lib/libc.a(lib_a-wctomb_r.o)
                              ../finalMasterCode_bsp//newlib/nios2-elf/lib/libc.a(lib_a-locale.o) (__ascii_wctomb)
../finalMasterCode_bsp//newlib/nios2-elf/lib/libc.a(lib_a-writer.o)
                              ../finalMasterCode_bsp//newlib/nios2-elf/lib/libc.a(lib_a-stdio.o) (_write_r)
../finalMasterCode_bsp//newlib/nios2-elf/lib/libc.a(closer.o)
                              ../finalMasterCode_bsp//newlib/nios2-elf/lib/libc.a(lib_a-stdio.o) (_close_r)
../finalMasterCode_bsp//newlib/nios2-elf/lib/libc.a(lib_a-assert.o)
[...]
Memory Configuration

Name             Origin             Length             Attributes
reset            0x0000000004000000 0x0000000000000020
dram             0x0000000004000020 0x0000000003ffffe0
*default*        0x0000000000000000 0xffffffffffffffff

Linker script and memory map

LOAD ../finalMasterCode_bsp//obj/HAL/src/crt0.o
LOAD obj/default/float2_functionality.o
LOAD /home/omar/intelFPGA_lite/20.1/nios2eds/bin/gnu/H-x86_64-pc-linux-gnu/bin/../lib/gcc/nios2-elf/9.2.1/../../../../../H-x86_64-pc-linux-gnu/nios2-elf/lib/mno-hw-mul/libstdc++.a
LOAD ../finalMasterCode_bsp//newlib/nios2-elf/lib/libm.a
LOAD /home/omar/intelFPGA_lite/20.1/nios2eds/bin/gnu/H-x86_64-pc-linux-gnu/bin/../lib/gcc/nios2-elf/9.2.1/mno-hw-mul/libgcc.a
START GROUP
LOAD ../finalMasterCode_bsp//newlib/nios2-elf/lib/libc.a
LOAD /home/omar/intelFPGA_lite/20.1/nios2eds/bin/gnu/H-x86_64-pc-linux-gnu/bin/../lib/gcc/nios2-elf/9.2.1/mno-hw-mul/libgcc.a
LOAD ../finalMasterCode_bsp//libhal_bsp.a
LOAD ../finalMasterCode_bsp//newlib/nios2-elf/lib/libm.a
END GROUP
LOAD /home/omar/intelFPGA_lite/20.1/nios2eds/bin/gnu/H-x86_64-pc-linux-gnu/bin/../lib/gcc/nios2-elf/9.2.1/mno-hw-mul/libgcc.a
                0x0000000004000000                __alt_mem_dram = 0x4000000

.entry          0x0000000004000000       0x20
 *(.entry)
 .entry         0x0000000004000000       0x20 ../finalMasterCode_bsp//obj/HAL/src/crt0.o
                0x0000000004000000                __reset

.exceptions     0x0000000004000020      0x208
                0x0000000004000020                PROVIDE (__ram_exceptions_start = ABSOLUTE (.))
                0x0000000004000020                . = ALIGN (0x20)
 *(.irq)
 *(.exceptions.entry.label)
 .exceptions.entry.label
                0x0000000004000020        0x0 ../finalMasterCode_bsp//libhal_bsp.a(alt_irq_entry.o)
                0x0000000004000020                alt_irq_entry
 .exceptions.entry.label
                0x0000000004000020        0x0 ../finalMasterCode_bsp//libhal_bsp.a(alt_exception_entry.o)
                0x0000000004000020                alt_exception
 *(.exceptions.entry.user)
 *(.exceptions.entry.ecc_fatal)
 *(.exceptions.entry)
 .exceptions.entry
                0x0000000004000020       0x54 ../finalMasterCode_bsp//libhal_bsp.a(alt_exception_entry.o)
 *(.exceptions.irqtest.user)
 *(.exceptions.irqtest)
 .exceptions.irqtest
                0x0000000004000074       0x10 ../finalMasterCode_bsp//libhal_bsp.a(alt_irq_entry.o)
 *(.exceptions.irqhandler.user)
 *(.exceptions.irqhandler)
 .exceptions.irqhandler
                0x0000000004000084        0x4 ../finalMasterCode_bsp//libhal_bsp.a(alt_irq_entry.o)
 *(.exceptions.irqreturn.user)
 *(.exceptions.irqreturn)
 .exceptions.irqreturn
                0x0000000004000088        0x4 ../finalMasterCode_bsp//libhal_bsp.a(alt_irq_entry.o)
 *(.exceptions.notirq.label)
 .exceptions.notirq.label
                0x000000000400008c        0x0 ../finalMasterCode_bsp//libhal_bsp.a(alt_irq_entry.o)
 *(.exceptions.notirq.user)
 *(.exceptions.notirq)
 .exceptions.notirq
                0x000000000400008c        0x8 ../finalMasterCode_bsp//libhal_bsp.a(alt_exception_entry.o)
 *(.exceptions.soft.user)
 *(.exceptions.soft)
 *(.exceptions.unknown.user)
 *(.exceptions.unknown)
 .exceptions.unknown
                0x0000000004000094       0x14 ../finalMasterCode_bsp//libhal_bsp.a(alt_exception_entry.o)
 *(.exceptions.exit.label)
 .exceptions.exit.label
                0x00000000040000a8        0x0 ../finalMasterCode_bsp//libhal_bsp.a(alt_irq_entry.o)
 .exceptions.exit.label
                0x00000000040000a8        0x0 ../finalMasterCode_bsp//libhal_bsp.a(alt_exception_entry.o)
 *(.exceptions.exit.user)
 *(.exceptions.exit)
 .exceptions.exit
                0x00000000040000a8       0x54 ../finalMasterCode_bsp//libhal_bsp.a(alt_exception_entry.o)
 *(.exceptions)
 .exceptions    0x00000000040000fc       0xcc ../finalMasterCode_bsp//libhal_bsp.a(alt_irq_handler.o)
                0x00000000040000fc                alt_irq_handler
 .exceptions    0x00000000040001c8       0x60 ../finalMasterCode_bsp//libhal_bsp.a(alt_instruction_exception_entry.o)
                0x00000000040001c8                alt_instruction_exception_entry
                0x0000000004000228                PROVIDE (__ram_exceptions_end = ABSOLUTE (.))
                0x0000000004000020                PROVIDE (__flash_exceptions_start = LOADADDR (.exceptions))

.text           0x0000000004000228    0x13a20
                [!provide]                        PROVIDE (stext = ABSOLUTE (.))
 *(.interp)
 *(.hash)
 *(.dynsym)
 *(.dynstr)
 *(.gnu.version)
 *(.gnu.version_d)
 *(.gnu.version_r)
 *(.rel.init)
 *(.rela.init)
 *(.rel.text .rel.text.* .rel.gnu.linkonce.t.*)
 *(.rela.text .rela.text.* .rela.gnu.linkonce.t.*)
 *(.rel.fini)
 *(.rela.fini)
 *(.rel.rodata .rel.rodata.* .rel.gnu.linkonce.r.*)
 *(.rela.rodata .rela.rodata.* .rela.gnu.linkonce.r.*)
 *(.rel.data .rel.data.* .rel.gnu.linkonce.d.*)
 *(.rela.data .rela.data.* .rela.gnu.linkonce.d.*)
 *(.rel.tdata .rel.tdata.* .rel.gnu.linkonce.td.*)
 *(.rela.tdata .rela.tdata.* .rela.gnu.linkonce.td.*)
 *(.rel.tbss .rel.tbss.* .rel.gnu.linkonce.tb.*)
 *(.rela.tbss .rela.tbss.* .rela.gnu.linkonce.tb.*)
 *(.rel.ctors)
 *(.rela.ctors)
 *(.rel.dtors)
 *(.rela.dtors)
 *(.rel.got)
 *(.rela.got)
 *(.rel.sdata .rel.sdata.* .rel.gnu.linkonce.s.*)
 *(.rela.sdata .rela.sdata.* .rela.gnu.linkonce.s.*)
 *(.rel.sbss .rel.sbss.* .rel.gnu.linkonce.sb.*)
 *(.rela.sbss .rela.sbss.* .rela.gnu.linkonce.sb.*)
 *(.rel.sdata2 .rel.sdata2.* .rel.gnu.linkonce.s2.*)
 *(.rela.sdata2 .rela.sdata2.* .rela.gnu.linkonce.s2.*)
 *(.rel.sbss2 .rel.sbss2.* .rel.gnu.linkonce.sb2.*)
 *(.rela.sbss2 .rela.sbss2.* .rela.gnu.linkonce.sb2.*)
 *(.rel.bss .rel.bss.* .rel.gnu.linkonce.b.*)
 *(.rela.bss .rela.bss.* .rela.gnu.linkonce.b.*)
 *(.rel.plt)
 *(.rela.plt)
 *(.rel.dyn)
 *(.init)
 *(.plt)
 *(.text .stub .text.* .gnu.linkonce.t.*)
 .text          0x0000000004000228       0x3c ../finalMasterCode_bsp//obj/HAL/src/crt0.o
                0x0000000004000228                _start
 .text          0x0000000004000264      0x480 obj/default/float2_functionality.o
                0x0000000004000264                convertData
                0x000000000400034c                parseData
                0x00000000040003b0                writeScore
                0x00000000040004ec                sendReading
                0x0000000004000528                getScore
                0x0000000004000560                task1
                0x000000000400062c                task2
                0x0000000004000668                main
 .text          0x00000000040006e4      0x1b4 /home/omar/intelFPGA_lite/20.1/nios2eds/bin/gnu/H-x86_64-pc-linux-gnu/bin/../lib/gcc/nios2-elf/9.2.1/mno-hw-mul/libgcc.a(lib2-divmod.o)
                0x00000000040006e4                __divsi3
                0x0000000004000764                __modsi3
                0x00000000040007d8                __udivsi3
                0x000000000400083c                __umodsi3
 .text          0x0000000004000898        0x0 ../finalMasterCode_bsp//newlib/nios2-elf/lib/libc.a(lib_a-printf.o)
 .text._printf_r
                0x0000000004000898       0x64 ../finalMasterCode_bsp//newlib/nios2-elf/lib/libc.a(lib_a-printf.o)
                0x0000000004000898                _printf_r
 .text.printf   0x00000000040008fc       0x68 ../finalMasterCode_bsp//newlib/nios2-elf/lib/libc.a(lib_a-printf.o)
                0x00000000040008fc                printf
 .text          0x0000000004000964        0x0 ../finalMasterCode_bsp//newlib/nios2-elf/lib/libc.a(lib_a-vfprintf.o)
 .text.__sbprintf
                0x0000000004000964       0xf0 ../finalMasterCode_bsp//newlib/nios2-elf/lib/libc.a(lib_a-vfprintf.o)
 .text.__vfprintf_internal
                0x0000000004000a54       0x50 ../finalMasterCode_bsp//newlib/nios2-elf/lib/libc.a(lib_a-vfprintf.o)
                0x0000000004000a54                __vfprintf_internal
 .text.___vfprintf_internal_r
                0x0000000004000aa4     0x2160 ../finalMasterCode_bsp//newlib/nios2-elf/lib/libc.a(lib_a-vfprintf.o)
                0x0000000004000aa4                ___vfprintf_internal_r
 .text.cvt      0x0000000004002c04      0x208 ../finalMasterCode_bsp//newlib/nios2-elf/lib/libc.a(lib_a-vfprintf.o)
 .text.exponent
                0x0000000004002e0c      0x148 ../finalMasterCode_bsp//newlib/nios2-elf/lib/libc.a(lib_a-vfprintf.o)
 .text          0x0000000004002f54        0x0 ../finalMasterCode_bsp//newlib/nios2-elf/lib/libc.a(lib_a-wsetup.o)
 .text.__swsetup_r
                0x0000000004002f54      0x1a0 ../finalMasterCode_bsp//newlib/nios2-elf/lib/libc.a(lib_a-wsetup.o)
                0x0000000004002f54                __swsetup_r
 .text          0x00000000040030f4        0x0 ../finalMasterCode_bsp//newlib/nios2-elf/lib/libc.a(lib_a-dtoa.o)
 .text.quorem   0x00000000040030f4      0x3b4 ../finalMasterCode_bsp//newlib/nios2-elf/lib/libc.a(lib_a-dtoa.o)
 .text._dtoa_r  0x00000000040034a8     0x1c2c ../finalMasterCode_bsp//newlib/nios2-elf/lib/libc.a(lib_a-dtoa.o)
                0x00000000040034a8                _dtoa_r
 .text          0x00000000040050d4        0x0 ../finalMasterCode_bsp//newlib/nios2-elf/lib/libc.a(lib_a-fflush.o)
 .text.__sflush_r
                0x00000000040050d4      0x2fc ../finalMasterCode_bsp//newlib/nios2-elf/lib/libc.a(lib_a-fflush.o)
                0x00000000040050d4                __sflush_r
 .text._fflush_r
                0x00000000040053d0       0x88 ../finalMasterCode_bsp//newlib/nios2-elf/lib/libc.a(lib_a-fflush.o)
                0x00000000040053d0                _fflush_r
 .text.fflush   0x0000000004005458       0x54 ../finalMasterCode_bsp//newlib/nios2-elf/lib/libc.a(lib_a-fflush.o)
                0x0000000004005458                fflush
 .text          0x00000000040054ac        0x0 ../finalMasterCode_bsp//newlib/nios2-elf/lib/libc.a(lib_a-findfp.o)
 .text.std      0x00000000040054ac       0xf0 ../finalMasterCode_bsp//newlib/nios2-elf/lib/libc.a(lib_a-findfp.o)
 .text.stdin_init
                0x000000000400559c       0x3c ../finalMasterCode_bsp//newlib/nios2-elf/lib/libc.a(lib_a-findfp.o)
 .text.stdout_init
                0x00000000040055d8       0x3c ../finalMasterCode_bsp//newlib/nios2-elf/lib/libc.a(lib_a-findfp.o)
 .text.stderr_init
                0x0000000004005614       0x3c ../finalMasterCode_bsp//newlib/nios2-elf/lib/libc.a(lib_a-findfp.o)
 .text.__sfmoreglue
                0x0000000004005650       0xbc ../finalMasterCode_bsp//newlib/nios2-elf/lib/libc.a(lib_a-findfp.o)
                0x0000000004005650                __sfmoreglue
 .text.__sfp    0x000000000400570c      0x194 ../finalMasterCode_bsp//newlib/nios2-elf/lib/libc.a(lib_a-findfp.o)
                0x000000000400570c                __sfp
 .text._cleanup_r
                0x00000000040058a0       0x44 ../finalMasterCode_bsp//newlib/nios2-elf/lib/libc.a(lib_a-findfp.o)
                0x00000000040058a0                _cleanup_r
 .text._cleanup
                0x00000000040058e4       0x34 ../finalMasterCode_bsp//newlib/nios2-elf/lib/libc.a(lib_a-findfp.o)
                0x00000000040058e4                _cleanup
 .text.__sinit  0x0000000004005918       0xb4 ../finalMasterCode_bsp//newlib/nios2-elf/lib/libc.a(lib_a-findfp.o)
                0x0000000004005918                __sinit
 .text.__sfp_lock_acquire
                0x00000000040059cc       0x20 ../finalMasterCode_bsp//newlib/nios2-elf/lib/libc.a(lib_a-findfp.o)
                0x00000000040059cc                __sfp_lock_acquire
 .text.__sfp_lock_release
                0x00000000040059ec       0x20 ../finalMasterCode_bsp//newlib/nios2-elf/lib/libc.a(lib_a-findfp.o)
                0x00000000040059ec                __sfp_lock_release
 .text.__sinit_lock_acquire
                0x0000000004005a0c       0x20 ../finalMasterCode_bsp//newlib/nios2-elf/lib/libc.a(lib_a-findfp.o)
                0x0000000004005a0c                __sinit_lock_acquire
 .text.__sinit_lock_release
                0x0000000004005a2c       0x20 ../finalMasterCode_bsp//newlib/nios2-elf/lib/libc.a(lib_a-findfp.o)
                0x0000000004005a2c                __sinit_lock_release
 .text.__fp_lock
                0x0000000004005a4c       0x24 ../finalMasterCode_bsp//newlib/nios2-elf/lib/libc.a(lib_a-findfp.o)
 .text.__fp_unlock
                0x0000000004005a70       0x24 ../finalMasterCode_bsp//newlib/nios2-elf/lib/libc.a(lib_a-findfp.o)
 .text.__fp_lock_all
                0x0000000004005a94       0x40 ../finalMasterCode_bsp//newlib/nios2-elf/lib/libc.a(lib_a-findfp.o)
                0x0000000004005a94                __fp_lock_all
 .text.__fp_unlock_all
                0x0000000004005ad4       0x40 ../finalMasterCode_bsp//newlib/nios2-elf/lib/libc.a(lib_a-findfp.o)
                0x0000000004005ad4                __fp_unlock_all
 .text          0x0000000004005b14        0x0 ../finalMasterCode_bsp//newlib/nios2-elf/lib/libc.a(lib_a-freer.o)
 .text._free_r  0x0000000004005b14      0x558 ../finalMasterCode_bsp//newlib/nios2-elf/lib/libc.a(lib_a-freer.o)
                0x0000000004005b14                _free_r
 .text._malloc_trim_r
                0x000000000400606c      0x1c4 ../finalMasterCode_bsp//newlib/nios2-elf/lib/libc.a(lib_a-freer.o)
                0x000000000400606c                _malloc_trim_r
 .text          0x0000000004006230        0x0 ../finalMasterCode_bsp//newlib/nios2-elf/lib/libc.a(lib_a-fwalk.o)
 .text._fwalk   0x0000000004006230       0xd8 ../finalMasterCode_bsp//newlib/nios2-elf/lib/libc.a(lib_a-fwalk.o)
                0x0000000004006230                _fwalk
 .text._fwalk_reent
                0x0000000004006308       0xdc ../finalMasterCode_bsp//newlib/nios2-elf/lib/libc.a(lib_a-fwalk.o)
                0x0000000004006308                _fwalk_reent
 .text          0x00000000040063e4        0x0 ../finalMasterCode_bsp//newlib/nios2-elf/lib/libc.a(lib_a-impure.o)
 .text          0x00000000040063e4        0x0 ../finalMasterCode_bsp//newlib/nios2-elf/lib/libc.a(lib_a-localeconv.o)
 .text.__get_global_locale
                0x00000000040063e4       0x24 ../finalMasterCode_bsp//newlib/nios2-elf/lib/libc.a(lib_a-localeconv.o)
 .text.__get_current_locale
                0x0000000004006408       0x28 ../finalMasterCode_bsp//newlib/nios2-elf/lib/libc.a(lib_a-localeconv.o)
 .text.__get_C_locale
                0x0000000004006430       0x28 ../finalMasterCode_bsp//newlib/nios2-elf/lib/libc.a(lib_a-localeconv.o)
 .text.__localeconv_l
                0x0000000004006458       0x50 ../finalMasterCode_bsp//newlib/nios2-elf/lib/libc.a(lib_a-localeconv.o)
                0x0000000004006458                __localeconv_l
 .text._localeconv_r
                0x00000000040064a8       0x34 ../finalMasterCode_bsp//newlib/nios2-elf/lib/libc.a(lib_a-localeconv.o)
                0x00000000040064a8                _localeconv_r
 .text.localeconv
                0x00000000040064dc       0x30 ../finalMasterCode_bsp//newlib/nios2-elf/lib/libc.a(lib_a-localeconv.o)
                0x00000000040064dc                localeconv
 .text          0x000000000400650c        0x0 ../finalMasterCode_bsp//newlib/nios2-elf/lib/libc.a(lib_a-locale.o)
 .text.__get_global_locale
                0x000000000400650c       0x24 ../finalMasterCode_bsp//newlib/nios2-elf/lib/libc.a(lib_a-locale.o)
 .text.__get_current_locale
                0x0000000004006530       0x28 ../finalMasterCode_bsp//newlib/nios2-elf/lib/libc.a(lib_a-locale.o)
 .text._setlocale_r
                0x0000000004006558       0x80 ../finalMasterCode_bsp//newlib/nios2-elf/lib/libc.a(lib_a-locale.o)
                0x0000000004006558                _setlocale_r
 .text.__locale_mb_cur_max
                0x00000000040065d8       0x38 ../finalMasterCode_bsp//newlib/nios2-elf/lib/libc.a(lib_a-locale.o)
                0x00000000040065d8                __locale_mb_cur_max
 .text.setlocale
                0x0000000004006610       0x40 ../finalMasterCode_bsp//newlib/nios2-elf/lib/libc.a(lib_a-locale.o)
                0x0000000004006610                setlocale
 .text          0x0000000004006650        0x0 ../finalMasterCode_bsp//newlib/nios2-elf/lib/libc.a(lib_a-makebuf.o)
 .text.__smakebuf_r
                0x0000000004006650      0x1a8 ../finalMasterCode_bsp//newlib/nios2-elf/lib/libc.a(lib_a-makebuf.o)
                0x0000000004006650                __smakebuf_r
 .text.__swhatbuf_r
                0x00000000040067f8       0xe8 ../finalMasterCode_bsp//newlib/nios2-elf/lib/libc.a(lib_a-makebuf.o)
                0x00000000040067f8                __swhatbuf_r
 .text          0x00000000040068e0        0x0 ../finalMasterCode_bsp//newlib/nios2-elf/lib/libc.a(lib_a-mallocr.o)
 .text.malloc_extend_top
                0x00000000040068e0      0x3c4 ../finalMasterCode_bsp//newlib/nios2-elf/lib/libc.a(lib_a-mallocr.o)
 .text._malloc_r
                0x0000000004006ca4      0xb68 ../finalMasterCode_bsp//newlib/nios2-elf/lib/libc.a(lib_a-mallocr.o)
                0x0000000004006ca4                _malloc_r
 .text          0x000000000400780c        0x0 ../finalMasterCode_bsp//newlib/nios2-elf/lib/libc.a(lib_a-mbtowc_r.o)
 .text.__get_global_locale
                0x000000000400780c       0x24 ../finalMasterCode_bsp//newlib/nios2-elf/lib/libc.a(lib_a-mbtowc_r.o)
 .text.__get_current_locale
                0x0000000004007830       0x28 ../finalMasterCode_bsp//newlib/nios2-elf/lib/libc.a(lib_a-mbtowc_r.o)
 .text._mbtowc_r
                0x0000000004007858       0x58 ../finalMasterCode_bsp//newlib/nios2-elf/lib/libc.a(lib_a-mbtowc_r.o)
                0x0000000004007858                _mbtowc_r
 .text.__ascii_mbtowc
                0x00000000040078b0       0x94 ../finalMasterCode_bsp//newlib/nios2-elf/lib/libc.a(lib_a-mbtowc_r.o)
                0x00000000040078b0                __ascii_mbtowc
 .text          0x0000000004007944        0x0 ../finalMasterCode_bsp//newlib/nios2-elf/lib/libc.a(lib_a-memchr.o)
 .text.memchr   0x0000000004007944      0x1bc ../finalMasterCode_bsp//newlib/nios2-elf/lib/libc.a(lib_a-memchr.o)
                0x0000000004007944                memchr
 .text          0x0000000004007b00        0x0 ../finalMasterCode_bsp//newlib/nios2-elf/lib/libc.a(lib_a-memcpy.o)
 .text.memcpy   0x0000000004007b00      0x188 ../finalMasterCode_bsp//newlib/nios2-elf/lib/libc.a(lib_a-memcpy.o)
                0x0000000004007b00                memcpy
 .text          0x0000000004007c88        0x0 ../finalMasterCode_bsp//newlib/nios2-elf/lib/libc.a(lib_a-memset.o)
 .text.memset   0x0000000004007c88      0x1c4 ../finalMasterCode_bsp//newlib/nios2-elf/lib/libc.a(lib_a-memset.o)
                0x0000000004007c88                memset
 .text          0x0000000004007e4c        0x0 ../finalMasterCode_bsp//newlib/nios2-elf/lib/libc.a(lib_a-mprec.o)
 .text._Balloc  0x0000000004007e4c      0x124 ../finalMasterCode_bsp//newlib/nios2-elf/lib/libc.a(lib_a-mprec.o)
                0x0000000004007e4c                _Balloc
 .text._Bfree   0x0000000004007f70       0x74 ../finalMasterCode_bsp//newlib/nios2-elf/lib/libc.a(lib_a-mprec.o)
                0x0000000004007f70                _Bfree
 .text.__multadd
                0x0000000004007fe4      0x1d0 ../finalMasterCode_bsp//newlib/nios2-elf/lib/libc.a(lib_a-mprec.o)
                0x0000000004007fe4                __multadd
 .text.__s2b    0x00000000040081b4      0x1b8 ../finalMasterCode_bsp//newlib/nios2-elf/lib/libc.a(lib_a-mprec.o)
                0x00000000040081b4                __s2b
 .text.__hi0bits
                0x000000000400836c       0x8c ../finalMasterCode_bsp//newlib/nios2-elf/lib/libc.a(lib_a-mprec.o)
                0x000000000400836c                __hi0bits
 .text.__lo0bits
                0x00000000040083f8       0xec ../finalMasterCode_bsp//newlib/nios2-elf/lib/libc.a(lib_a-mprec.o)
                0x00000000040083f8                __lo0bits
 .text.__i2b    0x00000000040084e4       0x84 ../finalMasterCode_bsp//newlib/nios2-elf/lib/libc.a(lib_a-mprec.o)
                0x00000000040084e4                __i2b
 .text.__multiply
                0x0000000004008568      0x3fc ../finalMasterCode_bsp//newlib/nios2-elf/lib/libc.a(lib_a-mprec.o)
                0x0000000004008568                __multiply
 .text.__pow5mult
                0x0000000004008964      0x170 ../finalMasterCode_bsp//newlib/nios2-elf/lib/libc.a(lib_a-mprec.o)
                0x0000000004008964                __pow5mult
 .text.__lshift
                0x0000000004008ad4      0x21c ../finalMasterCode_bsp//newlib/nios2-elf/lib/libc.a(lib_a-mprec.o)
                0x0000000004008ad4                __lshift
 .text.__mcmp   0x0000000004008cf0      0x104 ../finalMasterCode_bsp//newlib/nios2-elf/lib/libc.a(lib_a-mprec.o)
                0x0000000004008cf0                __mcmp
 .text.__mdiff  0x0000000004008df4      0x2f4 ../finalMasterCode_bsp//newlib/nios2-elf/lib/libc.a(lib_a-mprec.o)
                0x0000000004008df4                __mdiff
 .text.__ulp    0x00000000040090e8       0xc4 ../finalMasterCode_bsp//newlib/nios2-elf/lib/libc.a(lib_a-mprec.o)
                0x00000000040090e8                __ulp
 .text.__b2d    0x00000000040091ac      0x1fc ../finalMasterCode_bsp//newlib/nios2-elf/lib/libc.a(lib_a-mprec.o)
                0x00000000040091ac                __b2d
 .text.__d2b    0x00000000040093a8      0x264 ../finalMasterCode_bsp//newlib/nios2-elf/lib/libc.a(lib_a-mprec.o)
                0x00000000040093a8                __d2b
 .text.__ratio  0x000000000400960c      0x11c ../finalMasterCode_bsp//newlib/nios2-elf/lib/libc.a(lib_a-mprec.o)
                0x000000000400960c                __ratio
 .text._mprec_log10
                0x0000000004009728       0xb4 ../finalMasterCode_bsp//newlib/nios2-elf/lib/libc.a(lib_a-mprec.o)
                0x0000000004009728                _mprec_log10
 .text.__copybits
                0x00000000040097dc       0xc4 ../finalMasterCode_bsp//newlib/nios2-elf/lib/libc.a(lib_a-mprec.o)
                0x00000000040097dc                __copybits
 .text.__any_on
                0x00000000040098a0      0x124 ../finalMasterCode_bsp//newlib/nios2-elf/lib/libc.a(lib_a-mprec.o)
                0x00000000040098a0                __any_on
 .text          0x00000000040099c4        0x0 ../finalMasterCode_bsp//newlib/nios2-elf/lib/libc.a(lib_a-sbrkr.o)
 .text._sbrk_r  0x00000000040099c4       0x60 ../finalMasterCode_bsp//newlib/nios2-elf/lib/libc.a(lib_a-sbrkr.o)
                0x00000000040099c4                _sbrk_r
 .text          0x0000000004009a24        0x0 ../finalMasterCode_bsp//newlib/nios2-elf/lib/libc.a(lib_a-stdio.o)
 .text.__sread  0x0000000004009a24       0x9c ../finalMasterCode_bsp//newlib/nios2-elf/lib/libc.a(lib_a-stdio.o)
                0x0000000004009a24                __sread
 .text.__seofread
                0x0000000004009ac0       0x30 ../finalMasterCode_bsp//newlib/nios2-elf/lib/libc.a(lib_a-stdio.o)
                0x0000000004009ac0                __seofread
 .text.__swrite
                0x0000000004009af0       0xb4 ../finalMasterCode_bsp//newlib/nios2-elf/lib/libc.a(lib_a-stdio.o)
                0x0000000004009af0                __swrite
 .text.__sseek  0x0000000004009ba4       0xa0 ../finalMasterCode_bsp//newlib/nios2-elf/lib/libc.a(lib_a-stdio.o)
                0x0000000004009ba4                __sseek
 .text.__sclose
                0x0000000004009c44       0x54 ../finalMasterCode_bsp//newlib/nios2-elf/lib/libc.a(lib_a-stdio.o)
                0x0000000004009c44                __sclose
 .text          0x0000000004009c98        0x0 ../finalMasterCode_bsp//newlib/nios2-elf/lib/libc.a(lib_a-strcmp.o)
 .text.strcmp   0x0000000004009c98      0x140 ../finalMasterCode_bsp//newlib/nios2-elf/lib/libc.a(lib_a-strcmp.o)
                0x0000000004009c98                strcmp
 .text          0x0000000004009dd8        0x0 ../finalMasterCode_bsp//newlib/nios2-elf/lib/libc.a(lib_a-strlen.o)
 .text.strlen   0x0000000004009dd8       0xf4 ../finalMasterCode_bsp//newlib/nios2-elf/lib/libc.a(lib_a-strlen.o)
                0x0000000004009dd8                strlen
 .text          0x0000000004009ecc        0x0 ../finalMasterCode_bsp//newlib/nios2-elf/lib/libc.a(lib_a-vfiprintf.o)
 .text.__sprint_r
                0x0000000004009ecc      0x130 ../finalMasterCode_bsp//newlib/nios2-elf/lib/libc.a(lib_a-vfiprintf.o)
                0x0000000004009ecc                __sprint_r
 .text.__sbprintf
                0x0000000004009ffc       0xf0 ../finalMasterCode_bsp//newlib/nios2-elf/lib/libc.a(lib_a-vfiprintf.o)
 .text.__vfiprintf_internal
                0x000000000400a0ec       0x50 ../finalMasterCode_bsp//newlib/nios2-elf/lib/libc.a(lib_a-vfiprintf.o)
                0x000000000400a0ec                __vfiprintf_internal
 .text.___vfiprintf_internal_r
                0x000000000400a13c     0x12c0 ../finalMasterCode_bsp//newlib/nios2-elf/lib/libc.a(lib_a-vfiprintf.o)
                0x000000000400a13c                ___vfiprintf_internal_r
 .text          0x000000000400b3fc        0x0 ../finalMasterCode_bsp//newlib/nios2-elf/lib/libc.a(lib_a-wctomb_r.o)
 .text.__get_global_locale
                0x000000000400b3fc       0x24 ../finalMasterCode_bsp//newlib/nios2-elf/lib/libc.a(lib_a-wctomb_r.o)
 .text.__get_current_locale
                0x000000000400b420       0x28 ../finalMasterCode_bsp//newlib/nios2-elf/lib/libc.a(lib_a-wctomb_r.o)
 .text._wctomb_r
                0x000000000400b448       0x50 ../finalMasterCode_bsp//newlib/nios2-elf/lib/libc.a(lib_a-wctomb_r.o)
                0x000000000400b448                _wctomb_r
 .text.__ascii_wctomb
                0x000000000400b498       0x78 ../finalMasterCode_bsp//newlib/nios2-elf/lib/libc.a(lib_a-wctomb_r.o)
                0x000000000400b498                __ascii_wctomb
 .text          0x000000000400b510        0x0 ../finalMasterCode_bsp//newlib/nios2-elf/lib/libc.a(lib_a-writer.o)
 .text._write_r
                0x000000000400b510       0x70 ../finalMasterCode_bsp//newlib/nios2-elf/lib/libc.a(lib_a-writer.o)
                0x000000000400b510                _write_r
 .text          0x000000000400b580        0x0 ../finalMasterCode_bsp//newlib/nios2-elf/lib/libc.a(closer.o)
 .text._close_r
                0x000000000400b580       0x60 ../finalMasterCode_bsp//newlib/nios2-elf/lib/libc.a(closer.o)
                0x000000000400b580                _close_r
 .text          0x000000000400b5e0        0x0 ../finalMasterCode_bsp//newlib/nios2-elf/lib/libc.a(lib_a-assert.o)
 .text.__assert_func
                0x000000000400b5e0       0x84 ../finalMasterCode_bsp//newlib/nios2-elf/lib/libc.a(lib_a-assert.o)
                0x000000000400b5e0                __assert_func
 .text.__assert
                0x000000000400b664       0x30 ../finalMasterCode_bsp//newlib/nios2-elf/lib/libc.a(lib_a-assert.o)
                0x000000000400b664                __assert
 .text          0x000000000400b694        0x0 ../finalMasterCode_bsp//newlib/nios2-elf/lib/libc.a(lib_a-callocr.o)
 .text._calloc_r
                0x000000000400b694      0x164 ../finalMasterCode_bsp//newlib/nios2-elf/lib/libc.a(lib_a-callocr.o)
                0x000000000400b694                _calloc_r
 .text          0x000000000400b7f8        0x0 ../finalMasterCode_bsp//newlib/nios2-elf/lib/libc.a(lib_a-ctype_.o)
 .text          0x000000000400b7f8        0x0 ../finalMasterCode_bsp//newlib/nios2-elf/lib/libc.a(lib_a-fclose.o)
 .text._fclose_r
                0x000000000400b7f8      0x12c ../finalMasterCode_bsp//newlib/nios2-elf/lib/libc.a(lib_a-fclose.o)
                0x000000000400b7f8                _fclose_r
 .text.fclose   0x000000000400b924       0x38 ../finalMasterCode_bsp//newlib/nios2-elf/lib/libc.a(lib_a-fclose.o)
                0x000000000400b924                fclose
 .text          0x000000000400b95c        0x0 ../finalMasterCode_bsp//newlib/nios2-elf/lib/libc.a(lib_a-fiprintf.o)
 .text._fiprintf_r
                0x000000000400b95c       0x5c ../finalMasterCode_bsp//newlib/nios2-elf/lib/libc.a(lib_a-fiprintf.o)
                0x000000000400b95c                _fiprintf_r
 .text.fiprintf
                0x000000000400b9b8       0x60 ../finalMasterCode_bsp//newlib/nios2-elf/lib/libc.a(lib_a-fiprintf.o)
                0x000000000400b9b8                fiprintf
 .text          0x000000000400ba18        0x0 ../finalMasterCode_bsp//newlib/nios2-elf/lib/libc.a(lib_a-fputwc.o)
 .text.__fputwc
                0x000000000400ba18      0x1d8 ../finalMasterCode_bsp//newlib/nios2-elf/lib/libc.a(lib_a-fputwc.o)
                0x000000000400ba18                __fputwc
 .text._fputwc_r
                0x000000000400bbf0       0x88 ../finalMasterCode_bsp//newlib/nios2-elf/lib/libc.a(lib_a-fputwc.o)
                0x000000000400bbf0                _fputwc_r
 .text.fputwc   0x000000000400bc78       0x68 ../finalMasterCode_bsp//newlib/nios2-elf/lib/libc.a(lib_a-fputwc.o)
                0x000000000400bc78                fputwc
 .text          0x000000000400bce0        0x0 ../finalMasterCode_bsp//newlib/nios2-elf/lib/libc.a(lib_a-fstatr.o)
 .text._fstat_r
                0x000000000400bce0       0x68 ../finalMasterCode_bsp//newlib/nios2-elf/lib/libc.a(lib_a-fstatr.o)
                0x000000000400bce0                _fstat_r
 .text          0x000000000400bd48        0x0 ../finalMasterCode_bsp//newlib/nios2-elf/lib/libc.a(lib_a-fvwrite.o)
 .text.__sfvwrite_r
                0x000000000400bd48      0x5e8 ../finalMasterCode_bsp//newlib/nios2-elf/lib/libc.a(lib_a-fvwrite.o)
                0x000000000400bd48                __sfvwrite_r
 .text          0x000000000400c330        0x0 ../finalMasterCode_bsp//newlib/nios2-elf/lib/libc.a(lib_a-int_errno.o)
 .text          0x000000000400c330        0x0 ../finalMasterCode_bsp//newlib/nios2-elf/lib/libc.a(lib_a-isattyr.o)
 .text._isatty_r
                0x000000000400c330       0x60 ../finalMasterCode_bsp//newlib/nios2-elf/lib/libc.a(lib_a-isattyr.o)
                0x000000000400c330                _isatty_r
 .text          0x000000000400c390        0x0 ../finalMasterCode_bsp//newlib/nios2-elf/lib/libc.a(lib_a-lseekr.o)
 .text._lseek_r
                0x000000000400c390       0x70 ../finalMasterCode_bsp//newlib/nios2-elf/lib/libc.a(lib_a-lseekr.o)
                0x000000000400c390                _lseek_r
 .text          0x000000000400c400        0x0 ../finalMasterCode_bsp//newlib/nios2-elf/lib/libc.a(lib_a-memmove.o)
 .text.memmove  0x000000000400c400      0x208 ../finalMasterCode_bsp//newlib/nios2-elf/lib/libc.a(lib_a-memmove.o)
                0x000000000400c400                memmove
 .text          0x000000000400c608        0x0 ../finalMasterCode_bsp//newlib/nios2-elf/lib/libc.a(lib_a-readr.o)
 .text._read_r  0x000000000400c608       0x70 ../finalMasterCode_bsp//newlib/nios2-elf/lib/libc.a(lib_a-readr.o)
                0x000000000400c608                _read_r
 .text          0x000000000400c678        0x0 ../finalMasterCode_bsp//newlib/nios2-elf/lib/libc.a(lib_a-reallocr.o)
 .text._realloc_r
                0x000000000400c678      0xbf4 ../finalMasterCode_bsp//newlib/nios2-elf/lib/libc.a(lib_a-reallocr.o)
                0x000000000400c678                _realloc_r
 .text          0x000000000400d26c        0x0 ../finalMasterCode_bsp//newlib/nios2-elf/lib/libc.a(lib_a-vfiprintfr_1.o)
 .text._vfiprintf_r
                0x000000000400d26c       0x54 ../finalMasterCode_bsp//newlib/nios2-elf/lib/libc.a(lib_a-vfiprintfr_1.o)
                0x000000000400d26c                _vfiprintf_r
 .text          0x000000000400d2c0        0x0 ../finalMasterCode_bsp//newlib/nios2-elf/lib/libc.a(lib_a-wbuf.o)
 .text.__swbuf_r
                0x000000000400d2c0      0x168 ../finalMasterCode_bsp//newlib/nios2-elf/lib/libc.a(lib_a-wbuf.o)
                0x000000000400d2c0                __swbuf_r
 .text.__swbuf  0x000000000400d428       0x40 ../finalMasterCode_bsp//newlib/nios2-elf/lib/libc.a(lib_a-wbuf.o)
                0x000000000400d428                __swbuf
 .text          0x000000000400d468        0x0 ../finalMasterCode_bsp//newlib/nios2-elf/lib/libc.a(lib_a-wcrtomb.o)
 .text.__get_global_locale
                0x000000000400d468       0x24 ../finalMasterCode_bsp//newlib/nios2-elf/lib/libc.a(lib_a-wcrtomb.o)
 .text.__get_current_locale
                0x000000000400d48c       0x28 ../finalMasterCode_bsp//newlib/nios2-elf/lib/libc.a(lib_a-wcrtomb.o)
 .text._wcrtomb_r
                0x000000000400d4b4       0xb4 ../finalMasterCode_bsp//newlib/nios2-elf/lib/libc.a(lib_a-wcrtomb.o)
                0x000000000400d4b4                _wcrtomb_r
 .text.wcrtomb  0x000000000400d568       0xb8 ../finalMasterCode_bsp//newlib/nios2-elf/lib/libc.a(lib_a-wcrtomb.o)
                0x000000000400d568                wcrtomb
 .text          0x000000000400d620        0x0 ../finalMasterCode_bsp//newlib/nios2-elf/lib/libc.a(lib_a-abort.o)
 .text.abort    0x000000000400d620       0x20 ../finalMasterCode_bsp//newlib/nios2-elf/lib/libc.a(lib_a-abort.o)
                0x000000000400d620                abort
 .text          0x000000000400d640        0x0 ../finalMasterCode_bsp//newlib/nios2-elf/lib/libc.a(lib_a-signal.o)
 .text._init_signal_r
                0x000000000400d640       0x9c ../finalMasterCode_bsp//newlib/nios2-elf/lib/libc.a(lib_a-signal.o)
                0x000000000400d640                _init_signal_r
 .text._signal_r
                0x000000000400d6dc       0xb4 ../finalMasterCode_bsp//newlib/nios2-elf/lib/libc.a(lib_a-signal.o)
                0x000000000400d6dc                _signal_r
 .text._raise_r
                0x000000000400d790      0x104 ../finalMasterCode_bsp//newlib/nios2-elf/lib/libc.a(lib_a-signal.o)
                0x000000000400d790                _raise_r
 .text.__sigtramp_r
                0x000000000400d894       0xe4 ../finalMasterCode_bsp//newlib/nios2-elf/lib/libc.a(lib_a-signal.o)
                0x000000000400d894                __sigtramp_r
 .text.raise    0x000000000400d978       0x38 ../finalMasterCode_bsp//newlib/nios2-elf/lib/libc.a(lib_a-signal.o)
                0x000000000400d978                raise
 .text.signal   0x000000000400d9b0       0x40 ../finalMasterCode_bsp//newlib/nios2-elf/lib/libc.a(lib_a-signal.o)
                0x000000000400d9b0                signal
 .text._init_signal
                0x000000000400d9f0       0x30 ../finalMasterCode_bsp//newlib/nios2-elf/lib/libc.a(lib_a-signal.o)
                0x000000000400d9f0                _init_signal
 .text.__sigtramp
                0x000000000400da20       0x38 ../finalMasterCode_bsp//newlib/nios2-elf/lib/libc.a(lib_a-signal.o)
                0x000000000400da20                __sigtramp
 .text          0x000000000400da58        0x0 ../finalMasterCode_bsp//newlib/nios2-elf/lib/libc.a(lib_a-signalr.o)
 .text._kill_r  0x000000000400da58       0x68 ../finalMasterCode_bsp//newlib/nios2-elf/lib/libc.a(lib_a-signalr.o)
                0x000000000400da58                _kill_r
 .text._getpid_r
                0x000000000400dac0       0x34 ../finalMasterCode_bsp//newlib/nios2-elf/lib/libc.a(lib_a-signalr.o)
                0x000000000400dac0                _getpid_r
 .text          0x000000000400daf4      0x61c /home/omar/intelFPGA_lite/20.1/nios2eds/bin/gnu/H-x86_64-pc-linux-gnu/bin/../lib/gcc/nios2-elf/9.2.1/mno-hw-mul/libgcc.a(_udivdi3.o)
                0x000000000400daf4                __udivdi3
 .text          0x000000000400e110      0x5c4 /home/omar/intelFPGA_lite/20.1/nios2eds/bin/gnu/H-x86_64-pc-linux-gnu/bin/../lib/gcc/nios2-elf/9.2.1/mno-hw-mul/libgcc.a(_umoddi3.o)
                0x000000000400e110                __umoddi3
 .text          0x000000000400e6d4       0x28 /home/omar/intelFPGA_lite/20.1/nios2eds/bin/gnu/H-x86_64-pc-linux-gnu/bin/../lib/gcc/nios2-elf/9.2.1/mno-hw-mul/libgcc.a(lib2-mul.o)
                0x000000000400e6d4                __mulsi3
 .text          0x000000000400e6fc      0x978 /home/omar/intelFPGA_lite/20.1/nios2eds/bin/gnu/H-x86_64-pc-linux-gnu/bin/../lib/gcc/nios2-elf/9.2.1/mno-hw-mul/libgcc.a(adddf3.o)
                0x000000000400e6fc                __adddf3
 .text          0x000000000400f074      0x934 /home/omar/intelFPGA_lite/20.1/nios2eds/bin/gnu/H-x86_64-pc-linux-gnu/bin/../lib/gcc/nios2-elf/9.2.1/mno-hw-mul/libgcc.a(divdf3.o)
                0x000000000400f074                __divdf3
 .text          0x000000000400f9a8       0x80 /home/omar/intelFPGA_lite/20.1/nios2eds/bin/gnu/H-x86_64-pc-linux-gnu/bin/../lib/gcc/nios2-elf/9.2.1/mno-hw-mul/libgcc.a(eqdf2.o)
                0x000000000400f9a8                __eqdf2
                0x000000000400f9a8                __nedf2
 .text          0x000000000400fa28       0xf0 /home/omar/intelFPGA_lite/20.1/nios2eds/bin/gnu/H-x86_64-pc-linux-gnu/bin/../lib/gcc/nios2-elf/9.2.1/mno-hw-mul/libgcc.a(gedf2.o)
                0x000000000400fa28                __gtdf2
                0x000000000400fa28                __gedf2
 .text          0x000000000400fb18       0xf0 /home/omar/intelFPGA_lite/20.1/nios2eds/bin/gnu/H-x86_64-pc-linux-gnu/bin/../lib/gcc/nios2-elf/9.2.1/mno-hw-mul/libgcc.a(ledf2.o)
                0x000000000400fb18                __ltdf2
                0x000000000400fb18                __ledf2
 .text          0x000000000400fc08      0x7a8 /home/omar/intelFPGA_lite/20.1/nios2eds/bin/gnu/H-x86_64-pc-linux-gnu/bin/../lib/gcc/nios2-elf/9.2.1/mno-hw-mul/libgcc.a(muldf3.o)
                0x000000000400fc08                __muldf3
 .text          0x00000000040103b0      0x934 /home/omar/intelFPGA_lite/20.1/nios2eds/bin/gnu/H-x86_64-pc-linux-gnu/bin/../lib/gcc/nios2-elf/9.2.1/mno-hw-mul/libgcc.a(subdf3.o)
                0x00000000040103b0                __subdf3
 .text          0x0000000004010ce4       0x54 /home/omar/intelFPGA_lite/20.1/nios2eds/bin/gnu/H-x86_64-pc-linux-gnu/bin/../lib/gcc/nios2-elf/9.2.1/mno-hw-mul/libgcc.a(unorddf2.o)
                0x0000000004010ce4                __unorddf2
 .text          0x0000000004010d38       0x80 /home/omar/intelFPGA_lite/20.1/nios2eds/bin/gnu/H-x86_64-pc-linux-gnu/bin/../lib/gcc/nios2-elf/9.2.1/mno-hw-mul/libgcc.a(fixdfsi.o)
                0x0000000004010d38                __fixdfsi
 .text          0x0000000004010db8       0xbc /home/omar/intelFPGA_lite/20.1/nios2eds/bin/gnu/H-x86_64-pc-linux-gnu/bin/../lib/gcc/nios2-elf/9.2.1/mno-hw-mul/libgcc.a(floatsidf.o)
                0x0000000004010db8                __floatsidf
 .text          0x0000000004010e74       0x90 /home/omar/intelFPGA_lite/20.1/nios2eds/bin/gnu/H-x86_64-pc-linux-gnu/bin/../lib/gcc/nios2-elf/9.2.1/mno-hw-mul/libgcc.a(floatunsidf.o)
                0x0000000004010e74                __floatunsidf
 .text          0x0000000004010f04        0x0 /home/omar/intelFPGA_lite/20.1/nios2eds/bin/gnu/H-x86_64-pc-linux-gnu/bin/../lib/gcc/nios2-elf/9.2.1/mno-hw-mul/libgcc.a(_clz.o)
 .text          0x0000000004010f04       0x54 /home/omar/intelFPGA_lite/20.1/nios2eds/bin/gnu/H-x86_64-pc-linux-gnu/bin/../lib/gcc/nios2-elf/9.2.1/mno-hw-mul/libgcc.a(_clzsi2.o)
                0x0000000004010f04                __clzsi2
 .text          0x0000000004010f58      0x118 ../finalMasterCode_bsp//libhal_bsp.a(alt_close.o)
                0x0000000004010f94                close
 .text          0x0000000004011070       0x2c ../finalMasterCode_bsp//libhal_bsp.a(alt_dev.o)
 .text          0x000000000401109c        0x0 ../finalMasterCode_bsp//libhal_bsp.a(alt_errno.o)
 .text          0x000000000401109c       0x38 ../finalMasterCode_bsp//libhal_bsp.a(alt_exit.o)
                0x000000000401109c                _exit
 .text          0x00000000040110d4       0xf8 ../finalMasterCode_bsp//libhal_bsp.a(alt_fstat.o)
                0x0000000004011110                fstat
 .text          0x00000000040111cc       0x20 ../finalMasterCode_bsp//libhal_bsp.a(alt_getpid.o)
                0x00000000040111cc                getpid
 .text          0x00000000040111ec       0xec ../finalMasterCode_bsp//libhal_bsp.a(alt_isatty.o)
                0x0000000004011228                isatty
 .text          0x00000000040112d8      0x168 ../finalMasterCode_bsp//libhal_bsp.a(alt_kill.o)
                0x0000000004011314                kill
 .text          0x0000000004011440       0xec ../finalMasterCode_bsp//libhal_bsp.a(alt_load.o)
                0x00000000040114a8                alt_load
 .text          0x000000000401152c      0x11c ../finalMasterCode_bsp//libhal_bsp.a(alt_lseek.o)
                0x0000000004011568                lseek
 .text          0x0000000004011648       0x7c ../finalMasterCode_bsp//libhal_bsp.a(alt_main.o)
                0x0000000004011648                alt_main
 .text          0x00000000040116c4       0x48 ../finalMasterCode_bsp//libhal_bsp.a(alt_malloc_lock.o)
                0x00000000040116c4                __malloc_lock
                0x00000000040116e8                __malloc_unlock
 .text          0x000000000401170c      0x144 ../finalMasterCode_bsp//libhal_bsp.a(alt_read.o)
                0x0000000004011748                read
 .text          0x0000000004011850       0x70 ../finalMasterCode_bsp//libhal_bsp.a(alt_release_fd.o)
                0x0000000004011850                alt_release_fd
 .text          0x00000000040118c0       0xb8 ../finalMasterCode_bsp//libhal_bsp.a(alt_sbrk.o)
                0x00000000040118c0                sbrk
 .text          0x0000000004011978      0x140 ../finalMasterCode_bsp//libhal_bsp.a(alt_write.o)
                0x00000000040119b4                write
 .text          0x0000000004011ab8       0xe0 ../finalMasterCode_bsp//libhal_bsp.a(alt_sys_init.o)
                0x0000000004011aec                alt_irq_init
                0x0000000004011b28                alt_sys_init
 .text          0x0000000004011b98      0x164 ../finalMasterCode_bsp//libhal_bsp.a(altera_avalon_jtag_uart_fd.o)
                0x0000000004011b98                altera_avalon_jtag_uart_read_fd
                0x0000000004011bf8                altera_avalon_jtag_uart_write_fd
                0x0000000004011c58                altera_avalon_jtag_uart_close_fd
                0x0000000004011ca8                altera_avalon_jtag_uart_ioctl_fd
 .text          0x0000000004011cfc      0x3cc ../finalMasterCode_bsp//libhal_bsp.a(altera_avalon_jtag_uart_init.o)
                0x0000000004011cfc                altera_avalon_jtag_uart_init
                0x0000000004012060                altera_avalon_jtag_uart_close
 .text          0x00000000040120c8       0xf4 ../finalMasterCode_bsp//libhal_bsp.a(altera_avalon_jtag_uart_ioctl.o)
                0x00000000040120c8                altera_avalon_jtag_uart_ioctl
 .text          0x00000000040121bc      0x220 ../finalMasterCode_bsp//libhal_bsp.a(altera_avalon_jtag_uart_read.o)
                0x00000000040121bc                altera_avalon_jtag_uart_read
 .text          0x00000000040123dc      0x228 ../finalMasterCode_bsp//libhal_bsp.a(altera_avalon_jtag_uart_write.o)
                0x00000000040123dc                altera_avalon_jtag_uart_write
 .text          0x0000000004012604       0xfc ../finalMasterCode_bsp//libhal_bsp.a(altera_avalon_timer_sc.o)
                0x0000000004012684                alt_avalon_timer_sc_init
 .text          0x0000000004012700      0x3cc ../finalMasterCode_bsp//libhal_bsp.a(altera_up_avalon_accelerometer_spi.o)
                0x0000000004012700                alt_up_accelerometer_spi_open_dev
                0x000000000401273c                alt_up_accelerometer_spi_read_address_register
                0x0000000004012780                alt_up_accelerometer_spi_read
                0x00000000040127e8                alt_up_accelerometer_spi_write
                0x0000000004012850                alt_up_accelerometer_spi_read_x_axis
                0x0000000004012924                alt_up_accelerometer_spi_read_y_axis
                0x00000000040129f8                alt_up_accelerometer_spi_read_z_axis
 .text          0x0000000004012acc      0x134 ../finalMasterCode_bsp//libhal_bsp.a(alt_alarm_start.o)
                0x0000000004012acc                alt_alarm_start
 .text          0x0000000004012c00       0x20 ../finalMasterCode_bsp//libhal_bsp.a(alt_dcache_flush_all.o)
                0x0000000004012c00                alt_dcache_flush_all
 .text          0x0000000004012c20       0xe4 ../finalMasterCode_bsp//libhal_bsp.a(alt_dev_llist_insert.o)
                0x0000000004012c5c                alt_dev_llist_insert
 .text          0x0000000004012d04       0x64 ../finalMasterCode_bsp//libhal_bsp.a(alt_do_ctors.o)
                0x0000000004012d04                _do_ctors
 .text          0x0000000004012d68       0x64 ../finalMasterCode_bsp//libhal_bsp.a(alt_do_dtors.o)
                0x0000000004012d68                _do_dtors
 .text          0x0000000004012dcc       0x90 ../finalMasterCode_bsp//libhal_bsp.a(alt_find_dev.o)
                0x0000000004012dcc                alt_find_dev
 .text          0x0000000004012e5c       0x20 ../finalMasterCode_bsp//libhal_bsp.a(alt_icache_flush_all.o)
                0x0000000004012e5c                alt_icache_flush_all
 .text          0x0000000004012e7c      0x150 ../finalMasterCode_bsp//libhal_bsp.a(alt_io_redirect.o)
                0x0000000004012f50                alt_io_redirect
 .text          0x0000000004012fcc      0x180 ../finalMasterCode_bsp//libhal_bsp.a(alt_irq_register.o)
                0x0000000004012fcc                alt_irq_register
 .text          0x000000000401314c        0x0 ../finalMasterCode_bsp//libhal_bsp.a(alt_irq_vars.o)
 .text          0x000000000401314c      0x278 ../finalMasterCode_bsp//libhal_bsp.a(alt_open.o)
                0x0000000004013264                open
 .text          0x00000000040133c4      0x1ac ../finalMasterCode_bsp//libhal_bsp.a(alt_tick.o)
                0x00000000040133c4                alt_alarm_stop
                0x0000000004013468                alt_tick
 .text          0x0000000004013570       0x24 ../finalMasterCode_bsp//libhal_bsp.a(altera_nios2_gen2_irq.o)
                0x0000000004013570                altera_nios2_gen2_irq_init
 .text          0x0000000004013594      0x108 ../finalMasterCode_bsp//libhal_bsp.a(alt_find_file.o)
                0x0000000004013594                alt_find_file
 .text          0x000000000401369c       0xb8 ../finalMasterCode_bsp//libhal_bsp.a(alt_get_fd.o)
                0x000000000401369c                alt_get_fd
 .text          0x0000000004013754        0x0 ../finalMasterCode_bsp//libhal_bsp.a(alt_irq_entry.o)
 .text          0x0000000004013754        0x0 ../finalMasterCode_bsp//libhal_bsp.a(alt_irq_handler.o)
 .text          0x0000000004013754        0x0 ../finalMasterCode_bsp//libhal_bsp.a(alt_exception_entry.o)
 .text          0x0000000004013754       0x98 ../finalMasterCode_bsp//libhal_bsp.a(alt_instruction_exception_entry.o)
                0x0000000004013754                alt_exception_cause_generated_bad_addr
 .text          0x00000000040137ec        0x0 ../finalMasterCode_bsp//newlib/nios2-elf/lib/libc.a(lib_a-atexit.o)
 .text.atexit   0x00000000040137ec       0x3c ../finalMasterCode_bsp//newlib/nios2-elf/lib/libc.a(lib_a-atexit.o)
                0x00000000040137ec                atexit
 .text          0x0000000004013828        0x0 ../finalMasterCode_bsp//newlib/nios2-elf/lib/libc.a(lib_a-exit.o)
 .text.exit     0x0000000004013828       0x48 ../finalMasterCode_bsp//newlib/nios2-elf/lib/libc.a(lib_a-exit.o)
                0x0000000004013828                exit
 .text          0x0000000004013870        0x0 ../finalMasterCode_bsp//newlib/nios2-elf/lib/libc.a(lib_a-memcmp.o)
 .text.memcmp   0x0000000004013870      0x134 ../finalMasterCode_bsp//newlib/nios2-elf/lib/libc.a(lib_a-memcmp.o)
                0x0000000004013870                memcmp
 .text          0x00000000040139a4        0x0 ../finalMasterCode_bsp//newlib/nios2-elf/lib/libc.a(lib_a-__atexit.o)
 .text.__register_exitproc
                0x00000000040139a4      0x118 ../finalMasterCode_bsp//newlib/nios2-elf/lib/libc.a(lib_a-__atexit.o)
                0x00000000040139a4                __register_exitproc
 .text          0x0000000004013abc        0x0 ../finalMasterCode_bsp//newlib/nios2-elf/lib/libc.a(lib_a-__call_atexit.o)
 .text.__call_exitprocs
                0x0000000004013abc      0x18c ../finalMasterCode_bsp//newlib/nios2-elf/lib/libc.a(lib_a-__call_atexit.o)
                0x0000000004013abc                __call_exitprocs
 *(.gnu.warning.*)
 *(.fini)
                [!provide]                        PROVIDE (__etext = ABSOLUTE (.))
                [!provide]                        PROVIDE (_etext = ABSOLUTE (.))
                [!provide]                        PROVIDE (etext = ABSOLUTE (.))
 *(.eh_frame_hdr)
                0x0000000004013c48                . = ALIGN (0x4)
                [!provide]                        PROVIDE (__preinit_array_start = ABSOLUTE (.))
 *(.preinit_array)
                [!provide]                        PROVIDE (__preinit_array_end = ABSOLUTE (.))
                [!provide]                        PROVIDE (__init_array_start = ABSOLUTE (.))
 *(.init_array)
                [!provide]                        PROVIDE (__init_array_end = ABSOLUTE (.))
                [!provide]                        PROVIDE (__fini_array_start = ABSOLUTE (.))
 *(.fini_array)
                [!provide]                        PROVIDE (__fini_array_end = ABSOLUTE (.))
 *(.eh_frame)
 *(.gcc_except_table .gcc_except_table.*)
 *(.dynamic)
                0x0000000004013c48                PROVIDE (__CTOR_LIST__ = ABSOLUTE (.))
 *(.ctors)
 *(SORT_BY_NAME(.ctors.*))
                0x0000000004013c48                PROVIDE (__CTOR_END__ = ABSOLUTE (.))
                0x0000000004013c48                PROVIDE (__DTOR_LIST__ = ABSOLUTE (.))
 *(.dtors)
 *(SORT_BY_NAME(.dtors.*))
                0x0000000004013c48                PROVIDE (__DTOR_END__ = ABSOLUTE (.))
 *(.jcr)
                0x0000000004013c48                . = ALIGN (0x4)

.rodata         0x0000000004013c48      0x770
                0x0000000004013c48                PROVIDE (__ram_rodata_start = ABSOLUTE (.))
                0x0000000004013c48                . = ALIGN (0x4)
 *(.rodata .rodata.* .gnu.linkonce.r.*)
 .rodata        0x0000000004013c48       0x43 obj/default/float2_functionality.o
 *fill*         0x0000000004013c8b        0x1 
 .rodata        0x0000000004013c8c       0x5e ../finalMasterCode_bsp//newlib/nios2-elf/lib/libc.a(lib_a-vfprintf.o)
 *fill*         0x0000000004013cea        0x2 
 .rodata.blanks.5176
                0x0000000004013cec       0x10 ../finalMasterCode_bsp//newlib/nios2-elf/lib/libc.a(lib_a-vfprintf.o)
 .rodata.zeroes.5177
                0x0000000004013cfc       0x10 ../finalMasterCode_bsp//newlib/nios2-elf/lib/libc.a(lib_a-vfprintf.o)
 .rodata        0x0000000004013d0c       0x83 ../finalMasterCode_bsp//newlib/nios2-elf/lib/libc.a(lib_a-dtoa.o)
 *fill*         0x0000000004013d8f        0x1 
 .rodata        0x0000000004013d90       0x12 ../finalMasterCode_bsp//newlib/nios2-elf/lib/libc.a(lib_a-locale.o)
 *fill*         0x0000000004013da2        0x2 
 .rodata        0x0000000004013da4       0x70 ../finalMasterCode_bsp//newlib/nios2-elf/lib/libc.a(lib_a-mprec.o)
 .rodata.__mprec_tens
                0x0000000004013e14       0xc8 ../finalMasterCode_bsp//newlib/nios2-elf/lib/libc.a(lib_a-mprec.o)
                0x0000000004013e14                __mprec_tens
 .rodata.__mprec_bigtens
                0x0000000004013edc       0x28 ../finalMasterCode_bsp//newlib/nios2-elf/lib/libc.a(lib_a-mprec.o)
                0x0000000004013edc                __mprec_bigtens
 .rodata.__mprec_tinytens
                0x0000000004013f04       0x28 ../finalMasterCode_bsp//newlib/nios2-elf/lib/libc.a(lib_a-mprec.o)
                0x0000000004013f04                __mprec_tinytens
 .rodata.p05.3991
                0x0000000004013f2c        0xc ../finalMasterCode_bsp//newlib/nios2-elf/lib/libc.a(lib_a-mprec.o)
 .rodata        0x0000000004013f38       0x4a ../finalMasterCode_bsp//newlib/nios2-elf/lib/libc.a(lib_a-vfiprintf.o)
 *fill*         0x0000000004013f82        0x2 
 .rodata.blanks.5153
                0x0000000004013f84       0x10 ../finalMasterCode_bsp//newlib/nios2-elf/lib/libc.a(lib_a-vfiprintf.o)
 .rodata.zeroes.5154
                0x0000000004013f94       0x10 ../finalMasterCode_bsp//newlib/nios2-elf/lib/libc.a(lib_a-vfiprintf.o)
 .rodata        0x0000000004013fa4       0x43 ../finalMasterCode_bsp//newlib/nios2-elf/lib/libc.a(lib_a-assert.o)
 *fill*         0x0000000004013fe7        0x1 
 .rodata._ctype_b
                0x0000000004013fe8      0x180 ../finalMasterCode_bsp//newlib/nios2-elf/lib/libc.a(lib_a-ctype_.o)
                0x0000000004013fe8                _ctype_b
 .rodata._ctype_
                0x0000000004014168      0x101 ../finalMasterCode_bsp//newlib/nios2-elf/lib/libc.a(lib_a-ctype_.o)
                0x0000000004014168                _ctype_
 *fill*         0x0000000004014269        0x3 
 .rodata        0x000000000401426c      0x100 /home/omar/intelFPGA_lite/20.1/nios2eds/bin/gnu/H-x86_64-pc-linux-gnu/bin/../lib/gcc/nios2-elf/9.2.1/mno-hw-mul/libgcc.a(_clz.o)
                0x000000000401426c                __clz_tab
 .rodata        0x000000000401436c        0xa ../finalMasterCode_bsp//libhal_bsp.a(alt_dev.o)
 *fill*         0x0000000004014376        0x2 
 .rodata        0x0000000004014378       0x11 ../finalMasterCode_bsp//libhal_bsp.a(alt_main.o)
 *fill*         0x0000000004014389        0x3 
 .rodata        0x000000000401438c       0x2b ../finalMasterCode_bsp//libhal_bsp.a(alt_sys_init.o)
 *(.rodata1)
                0x00000000040143b8                . = ALIGN (0x4)
 *fill*         0x00000000040143b7        0x1 
                0x00000000040143b8                PROVIDE (__ram_rodata_end = ABSOLUTE (.))
                0x0000000004013c48                PROVIDE (__flash_rodata_start = LOADADDR (.rodata))

.rwdata         0x00000000040143b8     0x1c04 load address 0x0000000004015fbc
                0x00000000040143b8                PROVIDE (__ram_rwdata_start = ABSOLUTE (.))
                0x00000000040143b8                . = ALIGN (0x4)
 *(.got.plt)
 *(.got)
 *(.data1)
 *(.data .data.* .gnu.linkonce.d.*)
 .data          0x00000000040143b8        0x0 ../finalMasterCode_bsp//obj/HAL/src/crt0.o
 .data          0x00000000040143b8        0x0 obj/default/float2_functionality.o
 .data          0x00000000040143b8        0x0 /home/omar/intelFPGA_lite/20.1/nios2eds/bin/gnu/H-x86_64-pc-linux-gnu/bin/../lib/gcc/nios2-elf/9.2.1/mno-hw-mul/libgcc.a(lib2-divmod.o)
 .data          0x00000000040143b8        0x0 ../finalMasterCode_bsp//newlib/nios2-elf/lib/libc.a(lib_a-printf.o)
 .data          0x00000000040143b8        0x0 ../finalMasterCode_bsp//newlib/nios2-elf/lib/libc.a(lib_a-vfprintf.o)
 .data          0x00000000040143b8        0x0 ../finalMasterCode_bsp//newlib/nios2-elf/lib/libc.a(lib_a-wsetup.o)
 .data          0x00000000040143b8        0x0 ../finalMasterCode_bsp//newlib/nios2-elf/lib/libc.a(lib_a-dtoa.o)
 .data          0x00000000040143b8        0x0 ../finalMasterCode_bsp//newlib/nios2-elf/lib/libc.a(lib_a-fflush.o)
 .data          0x00000000040143b8        0x0 ../finalMasterCode_bsp//newlib/nios2-elf/lib/libc.a(lib_a-findfp.o)
 .data          0x00000000040143b8        0x0 ../finalMasterCode_bsp//newlib/nios2-elf/lib/libc.a(lib_a-freer.o)
 .data          0x00000000040143b8        0x0 ../finalMasterCode_bsp//newlib/nios2-elf/lib/libc.a(lib_a-fwalk.o)
 .data          0x00000000040143b8        0x0 ../finalMasterCode_bsp//newlib/nios2-elf/lib/libc.a(lib_a-impure.o)
 .data.impure_data
                0x00000000040143b8      0x424 ../finalMasterCode_bsp//newlib/nios2-elf/lib/libc.a(lib_a-impure.o)
 .data          0x00000000040147dc        0x0 ../finalMasterCode_bsp//newlib/nios2-elf/lib/libc.a(lib_a-localeconv.o)
 .data          0x00000000040147dc        0x0 ../finalMasterCode_bsp//newlib/nios2-elf/lib/libc.a(lib_a-locale.o)
 .data.__global_locale
                0x00000000040147dc      0x16c ../finalMasterCode_bsp//newlib/nios2-elf/lib/libc.a(lib_a-locale.o)
                0x00000000040147dc                __global_locale
 .data          0x0000000004014948        0x0 ../finalMasterCode_bsp//newlib/nios2-elf/lib/libc.a(lib_a-makebuf.o)
 .data          0x0000000004014948        0x0 ../finalMasterCode_bsp//newlib/nios2-elf/lib/libc.a(lib_a-mallocr.o)
 .data.__malloc_av_
                0x0000000004014948      0x408 ../finalMasterCode_bsp//newlib/nios2-elf/lib/libc.a(lib_a-mallocr.o)
                0x0000000004014948                __malloc_av_
 .data          0x0000000004014d50        0x0 ../finalMasterCode_bsp//newlib/nios2-elf/lib/libc.a(lib_a-mbtowc_r.o)
 .data          0x0000000004014d50        0x0 ../finalMasterCode_bsp//newlib/nios2-elf/lib/libc.a(lib_a-memchr.o)
 .data          0x0000000004014d50        0x0 ../finalMasterCode_bsp//newlib/nios2-elf/lib/libc.a(lib_a-memcpy.o)
 .data          0x0000000004014d50        0x0 ../finalMasterCode_bsp//newlib/nios2-elf/lib/libc.a(lib_a-memset.o)
 .data          0x0000000004014d50        0x0 ../finalMasterCode_bsp//newlib/nios2-elf/lib/libc.a(lib_a-mprec.o)
 .data          0x0000000004014d50        0x0 ../finalMasterCode_bsp//newlib/nios2-elf/lib/libc.a(lib_a-sbrkr.o)
 .data          0x0000000004014d50        0x0 ../finalMasterCode_bsp//newlib/nios2-elf/lib/libc.a(lib_a-stdio.o)
 .data          0x0000000004014d50        0x0 ../finalMasterCode_bsp//newlib/nios2-elf/lib/libc.a(lib_a-strcmp.o)
 .data          0x0000000004014d50        0x0 ../finalMasterCode_bsp//newlib/nios2-elf/lib/libc.a(lib_a-strlen.o)
 .data          0x0000000004014d50        0x0 ../finalMasterCode_bsp//newlib/nios2-elf/lib/libc.a(lib_a-vfiprintf.o)
 .data          0x0000000004014d50        0x0 ../finalMasterCode_bsp//newlib/nios2-elf/lib/libc.a(lib_a-wctomb_r.o)
 .data          0x0000000004014d50        0x0 ../finalMasterCode_bsp//newlib/nios2-elf/lib/libc.a(lib_a-writer.o)
 .data          0x0000000004014d50        0x0 ../finalMasterCode_bsp//newlib/nios2-elf/lib/libc.a(closer.o)
 .data          0x0000000004014d50        0x0 ../finalMasterCode_bsp//newlib/nios2-elf/lib/libc.a(lib_a-assert.o)
 .data          0x0000000004014d50        0x0 ../finalMasterCode_bsp//newlib/nios2-elf/lib/libc.a(lib_a-callocr.o)
 .data          0x0000000004014d50        0x0 ../finalMasterCode_bsp//newlib/nios2-elf/lib/libc.a(lib_a-ctype_.o)
 .data          0x0000000004014d50        0x0 ../finalMasterCode_bsp//newlib/nios2-elf/lib/libc.a(lib_a-fclose.o)
 .data          0x0000000004014d50        0x0 ../finalMasterCode_bsp//newlib/nios2-elf/lib/libc.a(lib_a-fiprintf.o)
 .data          0x0000000004014d50        0x0 ../finalMasterCode_bsp//newlib/nios2-elf/lib/libc.a(lib_a-fputwc.o)
 .data          0x0000000004014d50        0x0 ../finalMasterCode_bsp//newlib/nios2-elf/lib/libc.a(lib_a-fstatr.o)
 .data          0x0000000004014d50        0x0 ../finalMasterCode_bsp//newlib/nios2-elf/lib/libc.a(lib_a-fvwrite.o)
 .data          0x0000000004014d50        0x0 ../finalMasterCode_bsp//newlib/nios2-elf/lib/libc.a(lib_a-int_errno.o)
 .data          0x0000000004014d50        0x0 ../finalMasterCode_bsp//newlib/nios2-elf/lib/libc.a(lib_a-isattyr.o)
 .data          0x0000000004014d50        0x0 ../finalMasterCode_bsp//newlib/nios2-elf/lib/libc.a(lib_a-lseekr.o)
 .data          0x0000000004014d50        0x0 ../finalMasterCode_bsp//newlib/nios2-elf/lib/libc.a(lib_a-memmove.o)
 .data          0x0000000004014d50        0x0 ../finalMasterCode_bsp//newlib/nios2-elf/lib/libc.a(lib_a-readr.o)
 .data          0x0000000004014d50        0x0 ../finalMasterCode_bsp//newlib/nios2-elf/lib/libc.a(lib_a-reallocr.o)
 .data          0x0000000004014d50        0x0 ../finalMasterCode_bsp//newlib/nios2-elf/lib/libc.a(lib_a-vfiprintfr_1.o)
 .data          0x0000000004014d50        0x0 ../finalMasterCode_bsp//newlib/nios2-elf/lib/libc.a(lib_a-wbuf.o)
 .data          0x0000000004014d50        0x0 ../finalMasterCode_bsp//newlib/nios2-elf/lib/libc.a(lib_a-wcrtomb.o)
 .data          0x0000000004014d50        0x0 ../finalMasterCode_bsp//newlib/nios2-elf/lib/libc.a(lib_a-abort.o)
 .data          0x0000000004014d50        0x0 ../finalMasterCode_bsp//newlib/nios2-elf/lib/libc.a(lib_a-signal.o)
 .data          0x0000000004014d50        0x0 ../finalMasterCode_bsp//newlib/nios2-elf/lib/libc.a(lib_a-signalr.o)
 .data          0x0000000004014d50        0x0 /home/omar/intelFPGA_lite/20.1/nios2eds/bin/gnu/H-x86_64-pc-linux-gnu/bin/../lib/gcc/nios2-elf/9.2.1/mno-hw-mul/libgcc.a(_udivdi3.o)
 .data          0x0000000004014d50        0x0 /home/omar/intelFPGA_lite/20.1/nios2eds/bin/gnu/H-x86_64-pc-linux-gnu/bin/../lib/gcc/nios2-elf/9.2.1/mno-hw-mul/libgcc.a(_umoddi3.o)
 .data          0x0000000004014d50        0x0 /home/omar/intelFPGA_lite/20.1/nios2eds/bin/gnu/H-x86_64-pc-linux-gnu/bin/../lib/gcc/nios2-elf/9.2.1/mno-hw-mul/libgcc.a(lib2-mul.o)
 .data          0x0000000004014d50        0x0 /home/omar/intelFPGA_lite/20.1/nios2eds/bin/gnu/H-x86_64-pc-linux-gnu/bin/../lib/gcc/nios2-elf/9.2.1/mno-hw-mul/libgcc.a(adddf3.o)
 .data          0x0000000004014d50        0x0 /home/omar/intelFPGA_lite/20.1/nios2eds/bin/gnu/H-x86_64-pc-linux-gnu/bin/../lib/gcc/nios2-elf/9.2.1/mno-hw-mul/libgcc.a(divdf3.o)
 .data          0x0000000004014d50        0x0 /home/omar/intelFPGA_lite/20.1/nios2eds/bin/gnu/H-x86_64-pc-linux-gnu/bin/../lib/gcc/nios2-elf/9.2.1/mno-hw-mul/libgcc.a(eqdf2.o)
 .data          0x0000000004014d50        0x0 /home/omar/intelFPGA_lite/20.1/nios2eds/bin/gnu/H-x86_64-pc-linux-gnu/bin/../lib/gcc/nios2-elf/9.2.1/mno-hw-mul/libgcc.a(gedf2.o)
 .data          0x0000000004014d50        0x0 /home/omar/intelFPGA_lite/20.1/nios2eds/bin/gnu/H-x86_64-pc-linux-gnu/bin/../lib/gcc/nios2-elf/9.2.1/mno-hw-mul/libgcc.a(ledf2.o)
 .data          0x0000000004014d50        0x0 /home/omar/intelFPGA_lite/20.1/nios2eds/bin/gnu/H-x86_64-pc-linux-gnu/bin/../lib/gcc/nios2-elf/9.2.1/mno-hw-mul/libgcc.a(muldf3.o)
 .data          0x0000000004014d50        0x0 /home/omar/intelFPGA_lite/20.1/nios2eds/bin/gnu/H-x86_64-pc-linux-gnu/bin/../lib/gcc/nios2-elf/9.2.1/mno-hw-mul/libgcc.a(subdf3.o)
 .data          0x0000000004014d50        0x0 /home/omar/intelFPGA_lite/20.1/nios2eds/bin/gnu/H-x86_64-pc-linux-gnu/bin/../lib/gcc/nios2-elf/9.2.1/mno-hw-mul/libgcc.a(unorddf2.o)
 .data          0x0000000004014d50        0x0 /home/omar/intelFPGA_lite/20.1/nios2eds/bin/gnu/H-x86_64-pc-linux-gnu/bin/../lib/gcc/nios2-elf/9.2.1/mno-hw-mul/libgcc.a(fixdfsi.o)
 .data          0x0000000004014d50        0x0 /home/omar/intelFPGA_lite/20.1/nios2eds/bin/gnu/H-x86_64-pc-linux-gnu/bin/../lib/gcc/nios2-elf/9.2.1/mno-hw-mul/libgcc.a(floatsidf.o)
 .data          0x0000000004014d50        0x0 /home/omar/intelFPGA_lite/20.1/nios2eds/bin/gnu/H-x86_64-pc-linux-gnu/bin/../lib/gcc/nios2-elf/9.2.1/mno-hw-mul/libgcc.a(floatunsidf.o)
 .data          0x0000000004014d50        0x0 /home/omar/intelFPGA_lite/20.1/nios2eds/bin/gnu/H-x86_64-pc-linux-gnu/bin/../lib/gcc/nios2-elf/9.2.1/mno-hw-mul/libgcc.a(_clz.o)
 .data          0x0000000004014d50        0x0 /home/omar/intelFPGA_lite/20.1/nios2eds/bin/gnu/H-x86_64-pc-linux-gnu/bin/../lib/gcc/nios2-elf/9.2.1/mno-hw-mul/libgcc.a(_clzsi2.o)
 .data          0x0000000004014d50        0x0 ../finalMasterCode_bsp//libhal_bsp.a(alt_close.o)
 .data          0x0000000004014d50      0x1a8 ../finalMasterCode_bsp//libhal_bsp.a(alt_dev.o)
                0x0000000004014d50                alt_dev_null
                0x0000000004014d78                alt_fd_list
 .data          0x0000000004014ef8        0x0 ../finalMasterCode_bsp//libhal_bsp.a(alt_errno.o)
 .data          0x0000000004014ef8        0x0 ../finalMasterCode_bsp//libhal_bsp.a(alt_exit.o)
 .data          0x0000000004014ef8        0x0 ../finalMasterCode_bsp//libhal_bsp.a(alt_fstat.o)
 .data          0x0000000004014ef8        0x0 ../finalMasterCode_bsp//libhal_bsp.a(alt_getpid.o)
 .data          0x0000000004014ef8        0x0 ../finalMasterCode_bsp//libhal_bsp.a(alt_isatty.o)
 .data          0x0000000004014ef8        0x0 ../finalMasterCode_bsp//libhal_bsp.a(alt_kill.o)
 .data          0x0000000004014ef8        0x0 ../finalMasterCode_bsp//libhal_bsp.a(alt_load.o)
 .data          0x0000000004014ef8        0x0 ../finalMasterCode_bsp//libhal_bsp.a(alt_lseek.o)
 .data          0x0000000004014ef8        0x0 ../finalMasterCode_bsp//libhal_bsp.a(alt_main.o)
 .data          0x0000000004014ef8        0x0 ../finalMasterCode_bsp//libhal_bsp.a(alt_malloc_lock.o)
 .data          0x0000000004014ef8        0x0 ../finalMasterCode_bsp//libhal_bsp.a(alt_read.o)
 .data          0x0000000004014ef8        0x0 ../finalMasterCode_bsp//libhal_bsp.a(alt_release_fd.o)
 .data          0x0000000004014ef8        0x0 ../finalMasterCode_bsp//libhal_bsp.a(alt_sbrk.o)
 .data          0x0000000004014ef8        0x0 ../finalMasterCode_bsp//libhal_bsp.a(alt_write.o)
 .data          0x0000000004014ef8     0x108c ../finalMasterCode_bsp//libhal_bsp.a(alt_sys_init.o)
 .data          0x0000000004015f84        0x0 ../finalMasterCode_bsp//libhal_bsp.a(altera_avalon_jtag_uart_fd.o)
 .data          0x0000000004015f84        0x0 ../finalMasterCode_bsp//libhal_bsp.a(altera_avalon_jtag_uart_init.o)
 .data          0x0000000004015f84        0x0 ../finalMasterCode_bsp//libhal_bsp.a(altera_avalon_jtag_uart_ioctl.o)
 .data          0x0000000004015f84        0x0 ../finalMasterCode_bsp//libhal_bsp.a(altera_avalon_jtag_uart_read.o)
 .data          0x0000000004015f84        0x0 ../finalMasterCode_bsp//libhal_bsp.a(altera_avalon_jtag_uart_write.o)
 .data          0x0000000004015f84        0x0 ../finalMasterCode_bsp//libhal_bsp.a(altera_avalon_timer_sc.o)
 .data          0x0000000004015f84        0x0 ../finalMasterCode_bsp//libhal_bsp.a(altera_up_avalon_accelerometer_spi.o)
 .data          0x0000000004015f84        0x0 ../finalMasterCode_bsp//libhal_bsp.a(alt_alarm_start.o)
 .data          0x0000000004015f84        0x0 ../finalMasterCode_bsp//libhal_bsp.a(alt_dcache_flush_all.o)
 .data          0x0000000004015f84        0x0 ../finalMasterCode_bsp//libhal_bsp.a(alt_dev_llist_insert.o)
 .data          0x0000000004015f84        0x0 ../finalMasterCode_bsp//libhal_bsp.a(alt_do_ctors.o)
 .data          0x0000000004015f84        0x0 ../finalMasterCode_bsp//libhal_bsp.a(alt_do_dtors.o)
 .data          0x0000000004015f84        0x0 ../finalMasterCode_bsp//libhal_bsp.a(alt_find_dev.o)
 .data          0x0000000004015f84        0x0 ../finalMasterCode_bsp//libhal_bsp.a(alt_icache_flush_all.o)
 .data          0x0000000004015f84        0x0 ../finalMasterCode_bsp//libhal_bsp.a(alt_io_redirect.o)
 .data          0x0000000004015f84        0x0 ../finalMasterCode_bsp//libhal_bsp.a(alt_irq_register.o)
 .data          0x0000000004015f84        0x0 ../finalMasterCode_bsp//libhal_bsp.a(alt_irq_vars.o)
 .data          0x0000000004015f84        0x0 ../finalMasterCode_bsp//libhal_bsp.a(alt_open.o)
 .data          0x0000000004015f84        0x0 ../finalMasterCode_bsp//libhal_bsp.a(alt_tick.o)
 .data          0x0000000004015f84        0x0 ../finalMasterCode_bsp//libhal_bsp.a(altera_nios2_gen2_irq.o)
 .data          0x0000000004015f84        0x0 ../finalMasterCode_bsp//libhal_bsp.a(alt_find_file.o)
 .data          0x0000000004015f84        0x0 ../finalMasterCode_bsp//libhal_bsp.a(alt_get_fd.o)
 .data          0x0000000004015f84        0x0 ../finalMasterCode_bsp//libhal_bsp.a(alt_irq_entry.o)
 .data          0x0000000004015f84        0x0 ../finalMasterCode_bsp//libhal_bsp.a(alt_irq_handler.o)
 .data          0x0000000004015f84        0x0 ../finalMasterCode_bsp//libhal_bsp.a(alt_exception_entry.o)
 .data          0x0000000004015f84        0x0 ../finalMasterCode_bsp//libhal_bsp.a(alt_instruction_exception_entry.o)
 .data          0x0000000004015f84        0x0 ../finalMasterCode_bsp//newlib/nios2-elf/lib/libc.a(lib_a-atexit.o)
 .data          0x0000000004015f84        0x0 ../finalMasterCode_bsp//newlib/nios2-elf/lib/libc.a(lib_a-exit.o)
 .data          0x0000000004015f84        0x0 ../finalMasterCode_bsp//newlib/nios2-elf/lib/libc.a(lib_a-memcmp.o)
 .data          0x0000000004015f84        0x0 ../finalMasterCode_bsp//newlib/nios2-elf/lib/libc.a(lib_a-__atexit.o)
 .data          0x0000000004015f84        0x0 ../finalMasterCode_bsp//newlib/nios2-elf/lib/libc.a(lib_a-__call_atexit.o)
                0x000000000401df84                _gp = ABSOLUTE ((. + 0x8000))
                [!provide]                        PROVIDE (gp = _gp)
 *(.rwdata .rwdata.*)
 *(.sdata .sdata.* .gnu.linkonce.s.*)
 .sdata._impure_ptr
                0x0000000004015f84        0x4 ../finalMasterCode_bsp//newlib/nios2-elf/lib/libc.a(lib_a-impure.o)
                0x0000000004015f84                _impure_ptr
 .sdata._global_impure_ptr
                0x0000000004015f88        0x4 ../finalMasterCode_bsp//newlib/nios2-elf/lib/libc.a(lib_a-impure.o)
                0x0000000004015f88                _global_impure_ptr
 .sdata.__malloc_trim_threshold
                0x0000000004015f8c        0x4 ../finalMasterCode_bsp//newlib/nios2-elf/lib/libc.a(lib_a-mallocr.o)
                0x0000000004015f8c                __malloc_trim_threshold
 .sdata.__malloc_sbrk_base
                0x0000000004015f90        0x4 ../finalMasterCode_bsp//newlib/nios2-elf/lib/libc.a(lib_a-mallocr.o)
                0x0000000004015f90                __malloc_sbrk_base
 .sdata         0x0000000004015f94       0x14 ../finalMasterCode_bsp//libhal_bsp.a(alt_dev.o)
                0x0000000004015f94                alt_fs_list
                0x0000000004015f9c                alt_dev_list
                0x0000000004015fa4                alt_max_fd
 .sdata         0x0000000004015fa8        0x4 ../finalMasterCode_bsp//libhal_bsp.a(alt_errno.o)
                0x0000000004015fa8                alt_errno
 .sdata         0x0000000004015fac        0x4 ../finalMasterCode_bsp//libhal_bsp.a(alt_sbrk.o)
 .sdata         0x0000000004015fb0        0x4 ../finalMasterCode_bsp//libhal_bsp.a(alt_irq_vars.o)
                0x0000000004015fb0                alt_priority_mask
 .sdata         0x0000000004015fb4        0x8 ../finalMasterCode_bsp//libhal_bsp.a(alt_tick.o)
                0x0000000004015fb4                alt_alarm_list
 *(.sdata2 .sdata2.* .gnu.linkonce.s2.*)
                0x0000000004015fbc                . = ALIGN (0x4)
                0x0000000004015fbc                _edata = ABSOLUTE (.)
                [!provide]                        PROVIDE (edata = ABSOLUTE (.))
                0x0000000004015fbc                PROVIDE (__ram_rwdata_end = ABSOLUTE (.))
                0x0000000004015fbc                PROVIDE (__flash_rwdata_start = LOADADDR (.rwdata))

.bss            0x0000000004017bc0      0x164
                0x0000000004017bc0                __bss_start = ABSOLUTE (.)
                [!provide]                        PROVIDE (__sbss_start = ABSOLUTE (.))
                [!provide]                        PROVIDE (___sbss_start = ABSOLUTE (.))
 *(.dynsbss)
 *(.sbss .sbss.* .gnu.linkonce.sb.*)
 .sbss.__sfp_recursive_mutex
                0x0000000004017bc0        0x4 ../finalMasterCode_bsp//newlib/nios2-elf/lib/libc.a(lib_a-findfp.o)
 .sbss.__sinit_recursive_mutex
                0x0000000004017bc4        0x4 ../finalMasterCode_bsp//newlib/nios2-elf/lib/libc.a(lib_a-findfp.o)
 .sbss._PathLocale
                0x0000000004017bc8        0x4 ../finalMasterCode_bsp//newlib/nios2-elf/lib/libc.a(lib_a-locale.o)
                0x0000000004017bc8                _PathLocale
 .sbss.__malloc_top_pad
                0x0000000004017bcc        0x4 ../finalMasterCode_bsp//newlib/nios2-elf/lib/libc.a(lib_a-mallocr.o)
                0x0000000004017bcc                __malloc_top_pad
 .sbss.__malloc_max_sbrked_mem
                0x0000000004017bd0        0x4 ../finalMasterCode_bsp//newlib/nios2-elf/lib/libc.a(lib_a-mallocr.o)
                0x0000000004017bd0                __malloc_max_sbrked_mem
 .sbss.__malloc_max_total_mem
                0x0000000004017bd4        0x4 ../finalMasterCode_bsp//newlib/nios2-elf/lib/libc.a(lib_a-mallocr.o)
                0x0000000004017bd4                __malloc_max_total_mem
 .sbss          0x0000000004017bd8        0x4 ../finalMasterCode_bsp//newlib/nios2-elf/lib/libc.a(lib_a-int_errno.o)
                0x0000000004017bd8                errno
 .sbss          0x0000000004017bdc        0xc ../finalMasterCode_bsp//libhal_bsp.a(alt_main.o)
                0x0000000004017bdc                alt_argc
                0x0000000004017be0                alt_argv
                0x0000000004017be4                alt_envp
 .sbss          0x0000000004017be8        0x4 ../finalMasterCode_bsp//libhal_bsp.a(alt_irq_vars.o)
                0x0000000004017be8                alt_irq_active
 .sbss          0x0000000004017bec        0x8 ../finalMasterCode_bsp//libhal_bsp.a(alt_tick.o)
                0x0000000004017bec                _alt_tick_rate
                0x0000000004017bf0                _alt_nticks
 .sbss          0x0000000004017bf4        0x4 ../finalMasterCode_bsp//libhal_bsp.a(alt_instruction_exception_entry.o)
                0x0000000004017bf4                alt_instruction_exception_handler
 .sbss.__atexit_recursive_mutex
                0x0000000004017bf8        0x4 ../finalMasterCode_bsp//newlib/nios2-elf/lib/libc.a(lib_a-__call_atexit.o)
 *(.sbss2 .sbss2.* .gnu.linkonce.sb2.*)
 *(.scommon)
                [!provide]                        PROVIDE (__sbss_end = ABSOLUTE (.))
                [!provide]                        PROVIDE (___sbss_end = ABSOLUTE (.))
 *(.dynbss)
 *(.bss .bss.* .gnu.linkonce.b.*)
 .bss           0x0000000004017bfc        0x0 ../finalMasterCode_bsp//obj/HAL/src/crt0.o
 .bss           0x0000000004017bfc        0x0 obj/default/float2_functionality.o
 .bss           0x0000000004017bfc        0x0 /home/omar/intelFPGA_lite/20.1/nios2eds/bin/gnu/H-x86_64-pc-linux-gnu/bin/../lib/gcc/nios2-elf/9.2.1/mno-hw-mul/libgcc.a(lib2-divmod.o)
 .bss           0x0000000004017bfc        0x0 ../finalMasterCode_bsp//newlib/nios2-elf/lib/libc.a(lib_a-printf.o)
 .bss           0x0000000004017bfc        0x0 ../finalMasterCode_bsp//newlib/nios2-elf/lib/libc.a(lib_a-vfprintf.o)
 .bss           0x0000000004017bfc        0x0 ../finalMasterCode_bsp//newlib/nios2-elf/lib/libc.a(lib_a-wsetup.o)
 .bss           0x0000000004017bfc        0x0 ../finalMasterCode_bsp//newlib/nios2-elf/lib/libc.a(lib_a-dtoa.o)
 .bss           0x0000000004017bfc        0x0 ../finalMasterCode_bsp//newlib/nios2-elf/lib/libc.a(lib_a-fflush.o)
 .bss           0x0000000004017bfc        0x0 ../finalMasterCode_bsp//newlib/nios2-elf/lib/libc.a(lib_a-findfp.o)
 .bss           0x0000000004017bfc        0x0 ../finalMasterCode_bsp//newlib/nios2-elf/lib/libc.a(lib_a-freer.o)
 .bss           0x0000000004017bfc        0x0 ../finalMasterCode_bsp//newlib/nios2-elf/lib/libc.a(lib_a-fwalk.o)
 .bss           0x0000000004017bfc        0x0 ../finalMasterCode_bsp//newlib/nios2-elf/lib/libc.a(lib_a-impure.o)
 .bss           0x0000000004017bfc        0x0 ../finalMasterCode_bsp//newlib/nios2-elf/lib/libc.a(lib_a-localeconv.o)
 .bss           0x0000000004017bfc        0x0 ../finalMasterCode_bsp//newlib/nios2-elf/lib/libc.a(lib_a-locale.o)
 .bss           0x0000000004017bfc        0x0 ../finalMasterCode_bsp//newlib/nios2-elf/lib/libc.a(lib_a-makebuf.o)
 .bss           0x0000000004017bfc        0x0 ../finalMasterCode_bsp//newlib/nios2-elf/lib/libc.a(lib_a-mallocr.o)
 .bss.__malloc_current_mallinfo
                0x0000000004017bfc       0x28 ../finalMasterCode_bsp//newlib/nios2-elf/lib/libc.a(lib_a-mallocr.o)
                0x0000000004017bfc                __malloc_current_mallinfo
 .bss           0x0000000004017c24        0x0 ../finalMasterCode_bsp//newlib/nios2-elf/lib/libc.a(lib_a-mbtowc_r.o)
 .bss           0x0000000004017c24        0x0 ../finalMasterCode_bsp//newlib/nios2-elf/lib/libc.a(lib_a-memchr.o)
 .bss           0x0000000004017c24        0x0 ../finalMasterCode_bsp//newlib/nios2-elf/lib/libc.a(lib_a-memcpy.o)
 .bss           0x0000000004017c24        0x0 ../finalMasterCode_bsp//newlib/nios2-elf/lib/libc.a(lib_a-memset.o)
 .bss           0x0000000004017c24        0x0 ../finalMasterCode_bsp//newlib/nios2-elf/lib/libc.a(lib_a-mprec.o)
 .bss           0x0000000004017c24        0x0 ../finalMasterCode_bsp//newlib/nios2-elf/lib/libc.a(lib_a-sbrkr.o)
 .bss           0x0000000004017c24        0x0 ../finalMasterCode_bsp//newlib/nios2-elf/lib/libc.a(lib_a-stdio.o)
 .bss           0x0000000004017c24        0x0 ../finalMasterCode_bsp//newlib/nios2-elf/lib/libc.a(lib_a-strcmp.o)
 .bss           0x0000000004017c24        0x0 ../finalMasterCode_bsp//newlib/nios2-elf/lib/libc.a(lib_a-strlen.o)
 .bss           0x0000000004017c24        0x0 ../finalMasterCode_bsp//newlib/nios2-elf/lib/libc.a(lib_a-vfiprintf.o)
 .bss           0x0000000004017c24        0x0 ../finalMasterCode_bsp//newlib/nios2-elf/lib/libc.a(lib_a-wctomb_r.o)
 .bss           0x0000000004017c24        0x0 ../finalMasterCode_bsp//newlib/nios2-elf/lib/libc.a(lib_a-writer.o)
 .bss           0x0000000004017c24        0x0 ../finalMasterCode_bsp//newlib/nios2-elf/lib/libc.a(closer.o)
 .bss           0x0000000004017c24        0x0 ../finalMasterCode_bsp//newlib/nios2-elf/lib/libc.a(lib_a-assert.o)
 .bss           0x0000000004017c24        0x0 ../finalMasterCode_bsp//newlib/nios2-elf/lib/libc.a(lib_a-callocr.o)
 .bss           0x0000000004017c24        0x0 ../finalMasterCode_bsp//newlib/nios2-elf/lib/libc.a(lib_a-ctype_.o)
 .bss           0x0000000004017c24        0x0 ../finalMasterCode_bsp//newlib/nios2-elf/lib/libc.a(lib_a-fclose.o)
 .bss           0x0000000004017c24        0x0 ../finalMasterCode_bsp//newlib/nios2-elf/lib/libc.a(lib_a-fiprintf.o)
 .bss           0x0000000004017c24        0x0 ../finalMasterCode_bsp//newlib/nios2-elf/lib/libc.a(lib_a-fputwc.o)
 .bss           0x0000000004017c24        0x0 ../finalMasterCode_bsp//newlib/nios2-elf/lib/libc.a(lib_a-fstatr.o)
 .bss           0x0000000004017c24        0x0 ../finalMasterCode_bsp//newlib/nios2-elf/lib/libc.a(lib_a-fvwrite.o)
 .bss           0x0000000004017c24        0x0 ../finalMasterCode_bsp//newlib/nios2-elf/lib/libc.a(lib_a-int_errno.o)
 .bss           0x0000000004017c24        0x0 ../finalMasterCode_bsp//newlib/nios2-elf/lib/libc.a(lib_a-isattyr.o)
 .bss           0x0000000004017c24        0x0 ../finalMasterCode_bsp//newlib/nios2-elf/lib/libc.a(lib_a-lseekr.o)
 .bss           0x0000000004017c24        0x0 ../finalMasterCode_bsp//newlib/nios2-elf/lib/libc.a(lib_a-memmove.o)
 .bss           0x0000000004017c24        0x0 ../finalMasterCode_bsp//newlib/nios2-elf/lib/libc.a(lib_a-readr.o)
 .bss           0x0000000004017c24        0x0 ../finalMasterCode_bsp//newlib/nios2-elf/lib/libc.a(lib_a-reallocr.o)
 .bss           0x0000000004017c24        0x0 ../finalMasterCode_bsp//newlib/nios2-elf/lib/libc.a(lib_a-vfiprintfr_1.o)
 .bss           0x0000000004017c24        0x0 ../finalMasterCode_bsp//newlib/nios2-elf/lib/libc.a(lib_a-wbuf.o)
 .bss           0x0000000004017c24        0x0 ../finalMasterCode_bsp//newlib/nios2-elf/lib/libc.a(lib_a-wcrtomb.o)
 .bss           0x0000000004017c24        0x0 ../finalMasterCode_bsp//newlib/nios2-elf/lib/libc.a(lib_a-abort.o)
 .bss           0x0000000004017c24        0x0 ../finalMasterCode_bsp//newlib/nios2-elf/lib/libc.a(lib_a-signal.o)
 .bss           0x0000000004017c24        0x0 ../finalMasterCode_bsp//newlib/nios2-elf/lib/libc.a(lib_a-signalr.o)
 .bss           0x0000000004017c24        0x0 /home/omar/intelFPGA_lite/20.1/nios2eds/bin/gnu/H-x86_64-pc-linux-gnu/bin/../lib/gcc/nios2-elf/9.2.1/mno-hw-mul/libgcc.a(_udivdi3.o)
 .bss           0x0000000004017c24        0x0 /home/omar/intelFPGA_lite/20.1/nios2eds/bin/gnu/H-x86_64-pc-linux-gnu/bin/../lib/gcc/nios2-elf/9.2.1/mno-hw-mul/libgcc.a(_umoddi3.o)
 .bss           0x0000000004017c24        0x0 /home/omar/intelFPGA_lite/20.1/nios2eds/bin/gnu/H-x86_64-pc-linux-gnu/bin/../lib/gcc/nios2-elf/9.2.1/mno-hw-mul/libgcc.a(lib2-mul.o)
 .bss           0x0000000004017c24        0x0 /home/omar/intelFPGA_lite/20.1/nios2eds/bin/gnu/H-x86_64-pc-linux-gnu/bin/../lib/gcc/nios2-elf/9.2.1/mno-hw-mul/libgcc.a(adddf3.o)
 .bss           0x0000000004017c24        0x0 /home/omar/intelFPGA_lite/20.1/nios2eds/bin/gnu/H-x86_64-pc-linux-gnu/bin/../lib/gcc/nios2-elf/9.2.1/mno-hw-mul/libgcc.a(divdf3.o)
 .bss           0x0000000004017c24        0x0 /home/omar/intelFPGA_lite/20.1/nios2eds/bin/gnu/H-x86_64-pc-linux-gnu/bin/../lib/gcc/nios2-elf/9.2.1/mno-hw-mul/libgcc.a(eqdf2.o)
 .bss           0x0000000004017c24        0x0 /home/omar/intelFPGA_lite/20.1/nios2eds/bin/gnu/H-x86_64-pc-linux-gnu/bin/../lib/gcc/nios2-elf/9.2.1/mno-hw-mul/libgcc.a(gedf2.o)
 .bss           0x0000000004017c24        0x0 /home/omar/intelFPGA_lite/20.1/nios2eds/bin/gnu/H-x86_64-pc-linux-gnu/bin/../lib/gcc/nios2-elf/9.2.1/mno-hw-mul/libgcc.a(ledf2.o)
 .bss           0x0000000004017c24        0x0 /home/omar/intelFPGA_lite/20.1/nios2eds/bin/gnu/H-x86_64-pc-linux-gnu/bin/../lib/gcc/nios2-elf/9.2.1/mno-hw-mul/libgcc.a(muldf3.o)
 .bss           0x0000000004017c24        0x0 /home/omar/intelFPGA_lite/20.1/nios2eds/bin/gnu/H-x86_64-pc-linux-gnu/bin/../lib/gcc/nios2-elf/9.2.1/mno-hw-mul/libgcc.a(subdf3.o)
 .bss           0x0000000004017c24        0x0 /home/omar/intelFPGA_lite/20.1/nios2eds/bin/gnu/H-x86_64-pc-linux-gnu/bin/../lib/gcc/nios2-elf/9.2.1/mno-hw-mul/libgcc.a(unorddf2.o)
 .bss           0x0000000004017c24        0x0 /home/omar/intelFPGA_lite/20.1/nios2eds/bin/gnu/H-x86_64-pc-linux-gnu/bin/../lib/gcc/nios2-elf/9.2.1/mno-hw-mul/libgcc.a(fixdfsi.o)
 .bss           0x0000000004017c24        0x0 /home/omar/intelFPGA_lite/20.1/nios2eds/bin/gnu/H-x86_64-pc-linux-gnu/bin/../lib/gcc/nios2-elf/9.2.1/mno-hw-mul/libgcc.a(floatsidf.o)
 .bss           0x0000000004017c24        0x0 /home/omar/intelFPGA_lite/20.1/nios2eds/bin/gnu/H-x86_64-pc-linux-gnu/bin/../lib/gcc/nios2-elf/9.2.1/mno-hw-mul/libgcc.a(floatunsidf.o)
 .bss           0x0000000004017c24        0x0 /home/omar/intelFPGA_lite/20.1/nios2eds/bin/gnu/H-x86_64-pc-linux-gnu/bin/../lib/gcc/nios2-elf/9.2.1/mno-hw-mul/libgcc.a(_clz.o)
 .bss           0x0000000004017c24        0x0 /home/omar/intelFPGA_lite/20.1/nios2eds/bin/gnu/H-x86_64-pc-linux-gnu/bin/../lib/gcc/nios2-elf/9.2.1/mno-hw-mul/libgcc.a(_clzsi2.o)
 .bss           0x0000000004017c24        0x0 ../finalMasterCode_bsp//libhal_bsp.a(alt_close.o)
 .bss           0x0000000004017c24        0x0 ../finalMasterCode_bsp//libhal_bsp.a(alt_dev.o)
 .bss           0x0000000004017c24        0x0 ../finalMasterCode_bsp//libhal_bsp.a(alt_errno.o)
 .bss           0x0000000004017c24        0x0 ../finalMasterCode_bsp//libhal_bsp.a(alt_exit.o)
 .bss           0x0000000004017c24        0x0 ../finalMasterCode_bsp//libhal_bsp.a(alt_fstat.o)
 .bss           0x0000000004017c24        0x0 ../finalMasterCode_bsp//libhal_bsp.a(alt_getpid.o)
 .bss           0x0000000004017c24        0x0 ../finalMasterCode_bsp//libhal_bsp.a(alt_isatty.o)
 .bss           0x0000000004017c24        0x0 ../finalMasterCode_bsp//libhal_bsp.a(alt_kill.o)
 .bss           0x0000000004017c24        0x0 ../finalMasterCode_bsp//libhal_bsp.a(alt_load.o)
 .bss           0x0000000004017c24        0x0 ../finalMasterCode_bsp//libhal_bsp.a(alt_lseek.o)
 .bss           0x0000000004017c24        0x0 ../finalMasterCode_bsp//libhal_bsp.a(alt_main.o)
 .bss           0x0000000004017c24        0x0 ../finalMasterCode_bsp//libhal_bsp.a(alt_malloc_lock.o)
 .bss           0x0000000004017c24        0x0 ../finalMasterCode_bsp//libhal_bsp.a(alt_read.o)
 .bss           0x0000000004017c24        0x0 ../finalMasterCode_bsp//libhal_bsp.a(alt_release_fd.o)
 .bss           0x0000000004017c24        0x0 ../finalMasterCode_bsp//libhal_bsp.a(alt_sbrk.o)
 .bss           0x0000000004017c24        0x0 ../finalMasterCode_bsp//libhal_bsp.a(alt_write.o)
 .bss           0x0000000004017c24        0x0 ../finalMasterCode_bsp//libhal_bsp.a(alt_sys_init.o)
 .bss           0x0000000004017c24        0x0 ../finalMasterCode_bsp//libhal_bsp.a(altera_avalon_jtag_uart_fd.o)
 .bss           0x0000000004017c24        0x0 ../finalMasterCode_bsp//libhal_bsp.a(altera_avalon_jtag_uart_init.o)
 .bss           0x0000000004017c24        0x0 ../finalMasterCode_bsp//libhal_bsp.a(altera_avalon_jtag_uart_ioctl.o)
 .bss           0x0000000004017c24        0x0 ../finalMasterCode_bsp//libhal_bsp.a(altera_avalon_jtag_uart_read.o)
 .bss           0x0000000004017c24        0x0 ../finalMasterCode_bsp//libhal_bsp.a(altera_avalon_jtag_uart_write.o)
 .bss           0x0000000004017c24        0x0 ../finalMasterCode_bsp//libhal_bsp.a(altera_avalon_timer_sc.o)
 .bss           0x0000000004017c24        0x0 ../finalMasterCode_bsp//libhal_bsp.a(altera_up_avalon_accelerometer_spi.o)
 .bss           0x0000000004017c24        0x0 ../finalMasterCode_bsp//libhal_bsp.a(alt_alarm_start.o)
 .bss           0x0000000004017c24        0x0 ../finalMasterCode_bsp//libhal_bsp.a(alt_dcache_flush_all.o)
 .bss           0x0000000004017c24        0x0 ../finalMasterCode_bsp//libhal_bsp.a(alt_dev_llist_insert.o)
 .bss           0x0000000004017c24        0x0 ../finalMasterCode_bsp//libhal_bsp.a(alt_do_ctors.o)
 .bss           0x0000000004017c24        0x0 ../finalMasterCode_bsp//libhal_bsp.a(alt_do_dtors.o)
 .bss           0x0000000004017c24        0x0 ../finalMasterCode_bsp//libhal_bsp.a(alt_find_dev.o)
 .bss           0x0000000004017c24        0x0 ../finalMasterCode_bsp//libhal_bsp.a(alt_icache_flush_all.o)
 .bss           0x0000000004017c24        0x0 ../finalMasterCode_bsp//libhal_bsp.a(alt_io_redirect.o)
 .bss           0x0000000004017c24        0x0 ../finalMasterCode_bsp//libhal_bsp.a(alt_irq_register.o)
 .bss           0x0000000004017c24        0x0 ../finalMasterCode_bsp//libhal_bsp.a(alt_irq_vars.o)
 .bss           0x0000000004017c24        0x0 ../finalMasterCode_bsp//libhal_bsp.a(alt_open.o)
 .bss           0x0000000004017c24        0x0 ../finalMasterCode_bsp//libhal_bsp.a(alt_tick.o)
 .bss           0x0000000004017c24        0x0 ../finalMasterCode_bsp//libhal_bsp.a(altera_nios2_gen2_irq.o)
 .bss           0x0000000004017c24        0x0 ../finalMasterCode_bsp//libhal_bsp.a(alt_find_file.o)
 .bss           0x0000000004017c24        0x0 ../finalMasterCode_bsp//libhal_bsp.a(alt_get_fd.o)
 .bss           0x0000000004017c24        0x0 ../finalMasterCode_bsp//libhal_bsp.a(alt_irq_entry.o)
 .bss           0x0000000004017c24        0x0 ../finalMasterCode_bsp//libhal_bsp.a(alt_irq_handler.o)
 .bss           0x0000000004017c24        0x0 ../finalMasterCode_bsp//libhal_bsp.a(alt_exception_entry.o)
 .bss           0x0000000004017c24        0x0 ../finalMasterCode_bsp//libhal_bsp.a(alt_instruction_exception_entry.o)
 .bss           0x0000000004017c24        0x0 ../finalMasterCode_bsp//newlib/nios2-elf/lib/libc.a(lib_a-atexit.o)
 .bss           0x0000000004017c24        0x0 ../finalMasterCode_bsp//newlib/nios2-elf/lib/libc.a(lib_a-exit.o)
 .bss           0x0000000004017c24        0x0 ../finalMasterCode_bsp//newlib/nios2-elf/lib/libc.a(lib_a-memcmp.o)
 .bss           0x0000000004017c24        0x0 ../finalMasterCode_bsp//newlib/nios2-elf/lib/libc.a(lib_a-__atexit.o)
 .bss           0x0000000004017c24        0x0 ../finalMasterCode_bsp//newlib/nios2-elf/lib/libc.a(lib_a-__call_atexit.o)
 *(COMMON)
 COMMON         0x0000000004017c24      0x100 ../finalMasterCode_bsp//libhal_bsp.a(alt_irq_handler.o)
                0x0000000004017c24                alt_irq
                0x0000000004017d24                . = ALIGN (0x4)
                0x0000000004017d24                __bss_end = ABSOLUTE (.)

.dram           0x0000000004017d24        0x0
                [!provide]                        PROVIDE (_alt_partition_dram_start = ABSOLUTE (.))
 *(.dram .dram. dram.*)
                0x0000000004017d24                . = ALIGN (0x4)
                [!provide]                        PROVIDE (_alt_partition_dram_end = ABSOLUTE (.))
                0x0000000004017d24                _end = ABSOLUTE (.)
                0x0000000004017d24                end = ABSOLUTE (.)
                0x0000000004017d24                __alt_stack_base = ABSOLUTE (.)
                [!provide]                        PROVIDE (_alt_partition_dram_load_addr = LOADADDR (.dram))

.stab
 *(.stab)

.stabstr
 *(.stabstr)

.stab.excl
 *(.stab.excl)

.stab.exclstr
 *(.stab.exclstr)

.stab.index
 *(.stab.index)

.stab.indexstr
 *(.stab.indexstr)

.comment        0x0000000000000000       0x2c
 *(.comment)
 .comment       0x0000000000000000       0x2c obj/default/float2_functionality.o
                                         0x2d (size before relaxing)
 .comment       0x000000000000002c       0x2d /home/omar/intelFPGA_lite/20.1/nios2eds/bin/gnu/H-x86_64-pc-linux-gnu/bin/../lib/gcc/nios2-elf/9.2.1/mno-hw-mul/libgcc.a(lib2-divmod.o)
 .comment       0x000000000000002c       0x2d ../finalMasterCode_bsp//newlib/nios2-elf/lib/libc.a(lib_a-printf.o)
 .comment       0x000000000000002c       0x2d ../finalMasterCode_bsp//newlib/nios2-elf/lib/libc.a(lib_a-vfprintf.o)
 .comment       0x000000000000002c       0x2d ../finalMasterCode_bsp//newlib/nios2-elf/lib/libc.a(lib_a-wsetup.o)
 .comment       0x000000000000002c       0x2d ../finalMasterCode_bsp//newlib/nios2-elf/lib/libc.a(lib_a-dtoa.o)
 .comment       0x000000000000002c       0x2d ../finalMasterCode_bsp//newlib/nios2-elf/lib/libc.a(lib_a-fflush.o)
 .comment       0x000000000000002c       0x2d ../finalMasterCode_bsp//newlib/nios2-elf/lib/libc.a(lib_a-findfp.o)
 .comment       0x000000000000002c       0x2d ../finalMasterCode_bsp//newlib/nios2-elf/lib/libc.a(lib_a-freer.o)
 .comment       0x000000000000002c       0x2d ../finalMasterCode_bsp//newlib/nios2-elf/lib/libc.a(lib_a-fwalk.o)
 .comment       0x000000000000002c       0x2d ../finalMasterCode_bsp//newlib/nios2-elf/lib/libc.a(lib_a-impure.o)
 .comment       0x000000000000002c       0x2d ../finalMasterCode_bsp//newlib/nios2-elf/lib/libc.a(lib_a-localeconv.o)
 .comment       0x000000000000002c       0x2d ../finalMasterCode_bsp//newlib/nios2-elf/lib/libc.a(lib_a-locale.o)
 .comment       0x000000000000002c       0x2d ../finalMasterCode_bsp//newlib/nios2-elf/lib/libc.a(lib_a-makebuf.o)
 .comment       0x000000000000002c       0x2d ../finalMasterCode_bsp//newlib/nios2-elf/lib/libc.a(lib_a-mallocr.o)
 .comment       0x000000000000002c       0x2d ../finalMasterCode_bsp//newlib/nios2-elf/lib/libc.a(lib_a-mbtowc_r.o)
 .comment       0x000000000000002c       0x2d ../finalMasterCode_bsp//newlib/nios2-elf/lib/libc.a(lib_a-memchr.o)
 .comment       0x000000000000002c       0x2d ../finalMasterCode_bsp//newlib/nios2-elf/lib/libc.a(lib_a-memcpy.o)
 .comment       0x000000000000002c       0x2d ../finalMasterCode_bsp//newlib/nios2-elf/lib/libc.a(lib_a-memset.o)
 .comment       0x000000000000002c       0x2d ../finalMasterCode_bsp//newlib/nios2-elf/lib/libc.a(lib_a-mprec.o)
 .comment       0x000000000000002c       0x2d ../finalMasterCode_bsp//newlib/nios2-elf/lib/libc.a(lib_a-sbrkr.o)
 .comment       0x000000000000002c       0x2d ../finalMasterCode_bsp//newlib/nios2-elf/lib/libc.a(lib_a-stdio.o)
 .comment       0x000000000000002c       0x2d ../finalMasterCode_bsp//newlib/nios2-elf/lib/libc.a(lib_a-strcmp.o)
 .comment       0x000000000000002c       0x2d ../finalMasterCode_bsp//newlib/nios2-elf/lib/libc.a(lib_a-strlen.o)
 .comment       0x000000000000002c       0x2d ../finalMasterCode_bsp//newlib/nios2-elf/lib/libc.a(lib_a-vfiprintf.o)
 .comment       0x000000000000002c       0x2d ../finalMasterCode_bsp//newlib/nios2-elf/lib/libc.a(lib_a-wctomb_r.o)
 .comment       0x000000000000002c       0x2d ../finalMasterCode_bsp//newlib/nios2-elf/lib/libc.a(lib_a-writer.o)
 .comment       0x000000000000002c       0x2d ../finalMasterCode_bsp//newlib/nios2-elf/lib/libc.a(closer.o)
 .comment       0x000000000000002c       0x2d ../finalMasterCode_bsp//newlib/nios2-elf/lib/libc.a(lib_a-assert.o)
 .comment       0x000000000000002c       0x2d ../finalMasterCode_bsp//newlib/nios2-elf/lib/libc.a(lib_a-callocr.o)
 .comment       0x000000000000002c       0x2d ../finalMasterCode_bsp//newlib/nios2-elf/lib/libc.a(lib_a-ctype_.o)
 .comment       0x000000000000002c       0x2d ../finalMasterCode_bsp//newlib/nios2-elf/lib/libc.a(lib_a-fclose.o)
 .comment       0x000000000000002c       0x2d ../finalMasterCode_bsp//newlib/nios2-elf/lib/libc.a(lib_a-fiprintf.o)
 .comment       0x000000000000002c       0x2d ../finalMasterCode_bsp//newlib/nios2-elf/lib/libc.a(lib_a-fputwc.o)
 .comment       0x000000000000002c       0x2d ../finalMasterCode_bsp//newlib/nios2-elf/lib/libc.a(lib_a-fstatr.o)
 .comment       0x000000000000002c       0x2d ../finalMasterCode_bsp//newlib/nios2-elf/lib/libc.a(lib_a-fvwrite.o)
 .comment       0x000000000000002c       0x2d ../finalMasterCode_bsp//newlib/nios2-elf/lib/libc.a(lib_a-int_errno.o)
 .comment       0x000000000000002c       0x2d ../finalMasterCode_bsp//newlib/nios2-elf/lib/libc.a(lib_a-isattyr.o)
 .comment       0x000000000000002c       0x2d ../finalMasterCode_bsp//newlib/nios2-elf/lib/libc.a(lib_a-lseekr.o)
 .comment       0x000000000000002c       0x2d ../finalMasterCode_bsp//newlib/nios2-elf/lib/libc.a(lib_a-memmove.o)
 .comment       0x000000000000002c       0x2d ../finalMasterCode_bsp//newlib/nios2-elf/lib/libc.a(lib_a-readr.o)
 .comment       0x000000000000002c       0x2d ../finalMasterCode_bsp//newlib/nios2-elf/lib/libc.a(lib_a-reallocr.o)
 .comment       0x000000000000002c       0x2d ../finalMasterCode_bsp//newlib/nios2-elf/lib/libc.a(lib_a-vfiprintfr_1.o)
 .comment       0x000000000000002c       0x2d ../finalMasterCode_bsp//newlib/nios2-elf/lib/libc.a(lib_a-wbuf.o)
 .comment       0x000000000000002c       0x2d ../finalMasterCode_bsp//newlib/nios2-elf/lib/libc.a(lib_a-wcrtomb.o)
 .comment       0x000000000000002c       0x2d ../finalMasterCode_bsp//newlib/nios2-elf/lib/libc.a(lib_a-abort.o)
 .comment       0x000000000000002c       0x2d ../finalMasterCode_bsp//newlib/nios2-elf/lib/libc.a(lib_a-signal.o)
 .comment       0x000000000000002c       0x2d ../finalMasterCode_bsp//newlib/nios2-elf/lib/libc.a(lib_a-signalr.o)
 .comment       0x000000000000002c       0x2d /home/omar/intelFPGA_lite/20.1/nios2eds/bin/gnu/H-x86_64-pc-linux-gnu/bin/../lib/gcc/nios2-elf/9.2.1/mno-hw-mul/libgcc.a(_udivdi3.o)
 .comment       0x000000000000002c       0x2d /home/omar/intelFPGA_lite/20.1/nios2eds/bin/gnu/H-x86_64-pc-linux-gnu/bin/../lib/gcc/nios2-elf/9.2.1/mno-hw-mul/libgcc.a(_umoddi3.o)
 .comment       0x000000000000002c       0x2d /home/omar/intelFPGA_lite/20.1/nios2eds/bin/gnu/H-x86_64-pc-linux-gnu/bin/../lib/gcc/nios2-elf/9.2.1/mno-hw-mul/libgcc.a(lib2-mul.o)
 .comment       0x000000000000002c       0x2d /home/omar/intelFPGA_lite/20.1/nios2eds/bin/gnu/H-x86_64-pc-linux-gnu/bin/../lib/gcc/nios2-elf/9.2.1/mno-hw-mul/libgcc.a(adddf3.o)
 .comment       0x000000000000002c       0x2d /home/omar/intelFPGA_lite/20.1/nios2eds/bin/gnu/H-x86_64-pc-linux-gnu/bin/../lib/gcc/nios2-elf/9.2.1/mno-hw-mul/libgcc.a(divdf3.o)